#
# There is insufficient memory for the Java Runtime Environment to continue.
# Native memory allocation (mmap) failed to map 33554432 bytes. Error detail: G1 virtual space
# Possible reasons:
#   The system is out of physical RAM or swap space
#   This process is running with CompressedOops enabled, and the Java Heap may be blocking the growth of the native heap
# Possible solutions:
#   Reduce memory load on the system
#   Increase physical memory or swap space
#   Check if swap backing store is full
#   Decrease Java heap size (-Xmx/-Xms)
#   Decrease number of Java threads
#   Decrease Java thread stack sizes (-Xss)
#   Set larger code cache with -XX:ReservedCodeCacheSize=
#   JVM is running with Unscaled Compressed Oops mode in which the Java heap is
#     placed in the first 4GB address space. The Java Heap base address is the
#     maximum limit for the native heap growth. Please use -XX:HeapBaseMinAddress
#     to set the Java Heap base and to place the Java Heap above 4GB virtual address.
# This output file may be truncated or incomplete.
#
#  Out of Memory Error (os_windows.cpp:3926), pid=3440, tid=15864
#
# JRE version: OpenJDK Runtime Environment (21.0.10) (build 21.0.10+-14961533-b1163.108)
# Java VM: OpenJDK 64-Bit Server VM (21.0.10+-14961533-b1163.108, mixed mode, tiered, compressed oops, compressed class ptrs, g1 gc, windows-amd64)
# No core dump will be written. Minidumps are not enabled by default on client versions of Windows
#

---------------  S U M M A R Y ------------

Command Line: --add-opens=java.base/java.lang=ALL-UNNAMED --add-opens=java.base/java.lang.invoke=ALL-UNNAMED --add-opens=java.base/java.util=ALL-UNNAMED --add-opens=java.prefs/java.util.prefs=ALL-UNNAMED --add-exports=jdk.compiler/com.sun.tools.javac.api=ALL-UNNAMED --add-exports=jdk.compiler/com.sun.tools.javac.util=ALL-UNNAMED --add-opens=java.base/java.util=ALL-UNNAMED --add-opens=java.prefs/java.util.prefs=ALL-UNNAMED --add-opens=java.base/java.nio.charset=ALL-UNNAMED --add-opens=java.base/java.net=ALL-UNNAMED --add-opens=java.base/java.util.concurrent=ALL-UNNAMED --add-opens=java.base/java.util.concurrent.atomic=ALL-UNNAMED --add-opens=java.xml/javax.xml.namespace=ALL-UNNAMED --add-opens=java.base/java.time=ALL-UNNAMED -Xmx2048m -Dfile.encoding=UTF-8 -Duser.country=US -Duser.language=en -Duser.variant -javaagent:C:\Users\Lenovo\.gradle\wrapper\dists\gradle-9.4.1-bin\arn2x92ynaizyzdaamcbpbhtj\gradle-9.4.1\lib\agents\gradle-instrumentation-agent-9.4.1.jar org.gradle.launcher.daemon.bootstrap.GradleDaemon 9.4.1

Host: 11th Gen Intel(R) Core(TM) i7-1185G7 @ 3.00GHz, 8 cores, 15G,  Windows 11 , 64 bit Build 26100 (10.0.26100.8521)
Time: Sat May 30 18:33:19 2026 W. Australia Standard Time elapsed time: 12.415760 seconds (0d 0h 0m 12s)

---------------  T H R E A D  ---------------

Current thread (0x000002297d087360):  VMThread "VM Thread"          [id=15864, stack(0x000000982f800000,0x000000982f900000) (1024K)]

Stack: [0x000000982f800000,0x000000982f900000]
Native frames: (J=compiled Java code, j=interpreted, Vv=VM code, C=native code)
V  [jvm.dll+0x6d78a9]
V  [jvm.dll+0x8665b3]
V  [jvm.dll+0x868bde]
V  [jvm.dll+0x8692c3]
V  [jvm.dll+0x280ee6]
V  [jvm.dll+0x6d4165]
V  [jvm.dll+0x6c77fa]
V  [jvm.dll+0x358f4b]
V  [jvm.dll+0x360bc6]
V  [jvm.dll+0x3b2ea6]
V  [jvm.dll+0x3b3178]
V  [jvm.dll+0x32b65c]
V  [jvm.dll+0x32e066]
V  [jvm.dll+0x337f3d]
V  [jvm.dll+0x36f6a5]
V  [jvm.dll+0x86f048]
V  [jvm.dll+0x870394]
V  [jvm.dll+0x8708d0]
V  [jvm.dll+0x870b63]
V  [jvm.dll+0x80fd28]
V  [jvm.dll+0x6d60fd]
C  [ucrtbase.dll+0x2cd30]
C  [KERNEL32.DLL+0x2e957]
C  [ntdll.dll+0x87c1c]

VM_Operation (0x000000982f3ff780): G1PauseRemark, mode: safepoint, requested by thread 0x00000229639751a0


---------------  P R O C E S S  ---------------

Threads class SMR info:
_java_thread_list=0x0000022963759520, length=50, elements={
0x000002296390bdc0, 0x000002297d1d0e80, 0x000002297d1e8bb0, 0x000002297d1e3a00,
0x000002297d1e6fb0, 0x000002297d204d70, 0x000002297d2053e0, 0x000002297d205e40,
0x000002297d217060, 0x000002297d217710, 0x000002297d6ada50, 0x000002297e9a75c0,
0x000002297f3f32d0, 0x00000229044b4f40, 0x000002290421b2e0, 0x000002297f7168d0,
0x000002297faea200, 0x000002297f990990, 0x000002297f98e8c0, 0x000002297f98f5e0,
0x000002297f98ef50, 0x000002297f991020, 0x000002297f990300, 0x000002297f98fc70,
0x0000022904b45290, 0x0000022904b46640, 0x0000022904b44570, 0x0000022904b48080,
0x0000022904b44c00, 0x0000022904b48710, 0x0000022904b47360, 0x0000022904b48da0,
0x0000022904b45920, 0x0000022904b46cd0, 0x0000022904b49430, 0x0000022904b45fb0,
0x0000022904b49ac0, 0x0000022904b4a150, 0x0000022904b4ae70, 0x0000022904b4a7e0,
0x0000022904e73130, 0x0000022904e73e50, 0x00000229073dee40, 0x00000229073df4d0,
0x00000229073de120, 0x00000229073de7b0, 0x00000229073dfb60, 0x00000229073e01f0,
0x0000022905fefa20, 0x000002297ec24a60
}

Java Threads: ( => current thread )
  0x000002296390bdc0 JavaThread "main"                              [_thread_blocked, id=21416, stack(0x000000982f100000,0x000000982f200000) (1024K)]
  0x000002297d1d0e80 JavaThread "Common-Cleaner"             daemon [_thread_blocked, id=16476, stack(0x000000982f900000,0x000000982fa00000) (1024K)]
  0x000002297d1e8bb0 JavaThread "Reference Handler"          daemon [_thread_blocked, id=12780, stack(0x000000982fa00000,0x000000982fb00000) (1024K)]
  0x000002297d1e3a00 JavaThread "Finalizer"                  daemon [_thread_blocked, id=10036, stack(0x000000982fb00000,0x000000982fc00000) (1024K)]
  0x000002297d1e6fb0 JavaThread "Signal Dispatcher"          daemon [_thread_blocked, id=16780, stack(0x000000982fc00000,0x000000982fd00000) (1024K)]
  0x000002297d204d70 JavaThread "Attach Listener"            daemon [_thread_blocked, id=14484, stack(0x000000982fd00000,0x000000982fe00000) (1024K)]
  0x000002297d2053e0 JavaThread "Service Thread"             daemon [_thread_blocked, id=14128, stack(0x000000982fe00000,0x000000982ff00000) (1024K)]
  0x000002297d205e40 JavaThread "Monitor Deflation Thread"   daemon [_thread_blocked, id=13096, stack(0x000000982ff00000,0x0000009830000000) (1024K)]
  0x000002297d217060 JavaThread "C2 CompilerThread0"         daemon [_thread_blocked, id=9264, stack(0x0000009830000000,0x0000009830100000) (1024K)]
  0x000002297d217710 JavaThread "C1 CompilerThread0"         daemon [_thread_blocked, id=3168, stack(0x0000009830100000,0x0000009830200000) (1024K)]
  0x000002297d6ada50 JavaThread "Notification Thread"        daemon [_thread_blocked, id=17884, stack(0x0000009830200000,0x0000009830300000) (1024K)]
  0x000002297e9a75c0 JavaThread "Daemon health stats"               [_thread_blocked, id=13716, stack(0x0000009830a00000,0x0000009830b00000) (1024K)]
  0x000002297f3f32d0 JavaThread "Incoming local TCP Connector on port 53511"        [_thread_in_native, id=9236, stack(0x0000009830b00000,0x0000009830c00000) (1024K)]
  0x00000229044b4f40 JavaThread "Daemon periodic checks"            [_thread_blocked, id=1148, stack(0x0000009830c00000,0x0000009830d00000) (1024K)]
  0x000002290421b2e0 JavaThread "Daemon"                            [_thread_blocked, id=3248, stack(0x0000009830d00000,0x0000009830e00000) (1024K)]
  0x000002297f7168d0 JavaThread "Handler for socket connection from /127.0.0.1:53511 to /127.0.0.1:53512"        [_thread_in_native, id=16264, stack(0x0000009830e00000,0x0000009830f00000) (1024K)]
  0x000002297faea200 JavaThread "Cancel handler"                    [_thread_blocked, id=19064, stack(0x0000009831200000,0x0000009831300000) (1024K)]
  0x000002297f990990 JavaThread "Daemon worker"                     [_thread_blocked, id=9052, stack(0x0000009831300000,0x0000009831400000) (1024K)]
  0x000002297f98e8c0 JavaThread "Asynchronous log dispatcher for DefaultDaemonConnection: socket connection from /127.0.0.1:53511 to /127.0.0.1:53512"        [_thread_blocked, id=4920, stack(0x0000009831400000,0x0000009831500000) (1024K)]
  0x000002297f98f5e0 JavaThread "Stdin handler"                     [_thread_blocked, id=3212, stack(0x0000009831500000,0x0000009831600000) (1024K)]
  0x000002297f98ef50 JavaThread "Daemon client event forwarder"        [_thread_blocked, id=14840, stack(0x0000009831600000,0x0000009831700000) (1024K)]
  0x000002297f991020 JavaThread "Cache worker for journal cache (C:\Users\Lenovo\.gradle\caches\journal-1)"        [_thread_blocked, id=10360, stack(0x0000009831700000,0x0000009831800000) (1024K)]
  0x000002297f990300 JavaThread "File lock request listener"        [_thread_in_native, id=3364, stack(0x0000009831800000,0x0000009831900000) (1024K)]
  0x000002297f98fc70 JavaThread "Cache worker for file hash cache (C:\Users\Lenovo\.gradle\caches\9.4.1\fileHashes)"        [_thread_blocked, id=8328, stack(0x0000009831900000,0x0000009831a00000) (1024K)]
  0x0000022904b45290 JavaThread "Cache worker for file hash cache (C:\Users\Lenovo\AndroidStudioProjects\FinTrack\.gradle\9.4.1\fileHashes)"        [_thread_blocked, id=4084, stack(0x0000009831a00000,0x0000009831b00000) (1024K)]
  0x0000022904b46640 JavaThread "Cache worker for Build Output Cleanup Cache (C:\Users\Lenovo\AndroidStudioProjects\FinTrack\.gradle\buildOutputCleanup)"        [_thread_blocked, id=9592, stack(0x0000009831b00000,0x0000009831c00000) (1024K)]
  0x0000022904b44570 JavaThread "File watcher server"        daemon [_thread_in_native, id=10868, stack(0x0000009831c00000,0x0000009831d00000) (1024K)]
  0x0000022904b48080 JavaThread "File watcher consumer"      daemon [_thread_blocked, id=21736, stack(0x0000009831d00000,0x0000009831e00000) (1024K)]
  0x0000022904b44c00 JavaThread "jar transforms"                    [_thread_blocked, id=13824, stack(0x0000009831e00000,0x0000009831f00000) (1024K)]
  0x0000022904b48710 JavaThread "jar transforms Thread 2"           [_thread_blocked, id=3596, stack(0x0000009831f00000,0x0000009832000000) (1024K)]
  0x0000022904b47360 JavaThread "jar transforms Thread 3"           [_thread_blocked, id=22268, stack(0x0000009832000000,0x0000009832100000) (1024K)]
  0x0000022904b48da0 JavaThread "jar transforms Thread 4"           [_thread_blocked, id=3432, stack(0x0000009832100000,0x0000009832200000) (1024K)]
  0x0000022904b45920 JavaThread "jar transforms Thread 5"           [_thread_blocked, id=14392, stack(0x0000009832200000,0x0000009832300000) (1024K)]
  0x0000022904b46cd0 JavaThread "jar transforms Thread 6"           [_thread_blocked, id=1688, stack(0x0000009832300000,0x0000009832400000) (1024K)]
  0x0000022904b49430 JavaThread "jar transforms Thread 7"           [_thread_blocked, id=15408, stack(0x0000009832400000,0x0000009832500000) (1024K)]
  0x0000022904b45fb0 JavaThread "jar transforms Thread 8"           [_thread_blocked, id=10232, stack(0x0000009832500000,0x0000009832600000) (1024K)]
  0x0000022904b49ac0 JavaThread "Cache worker for file content cache (C:\Users\Lenovo\.gradle\caches\9.4.1\fileContent)"        [_thread_blocked, id=3876, stack(0x0000009832600000,0x0000009832700000) (1024K)]
  0x0000022904b4a150 JavaThread "Cache worker for checksums cache (C:\Users\Lenovo\AndroidStudioProjects\FinTrack\.gradle\9.4.1\checksums)"        [_thread_blocked, id=1556, stack(0x0000009832700000,0x0000009832800000) (1024K)]
  0x0000022904b4ae70 JavaThread "Cache worker for cache directory md-supplier (C:\Users\Lenovo\.gradle\caches\9.4.1\md-supplier)"        [_thread_blocked, id=8064, stack(0x0000009832800000,0x0000009832900000) (1024K)]
  0x0000022904b4a7e0 JavaThread "Cache worker for cache directory md-rule (C:\Users\Lenovo\.gradle\caches\9.4.1\md-rule)"        [_thread_blocked, id=9556, stack(0x0000009832900000,0x0000009832a00000) (1024K)]
  0x0000022904e73130 JavaThread "Build operations"                  [_thread_blocked, id=17140, stack(0x0000009832a00000,0x0000009832b00000) (1024K)]
  0x0000022904e73e50 JavaThread "Build operations Thread 2"         [_thread_blocked, id=16796, stack(0x0000009832b00000,0x0000009832c00000) (1024K)]
  0x00000229073dee40 JavaThread "Build operations Thread 3"         [_thread_blocked, id=22032, stack(0x0000009832c00000,0x0000009832d00000) (1024K)]
  0x00000229073df4d0 JavaThread "Build operations Thread 4"         [_thread_blocked, id=17848, stack(0x0000009832d00000,0x0000009832e00000) (1024K)]
  0x00000229073de120 JavaThread "Build operations Thread 5"         [_thread_blocked, id=20820, stack(0x0000009832e00000,0x0000009832f00000) (1024K)]
  0x00000229073de7b0 JavaThread "Build operations Thread 6"         [_thread_blocked, id=12172, stack(0x0000009832f00000,0x0000009833000000) (1024K)]
  0x00000229073dfb60 JavaThread "Build operations Thread 7"         [_thread_blocked, id=2720, stack(0x0000009833000000,0x0000009833100000) (1024K)]
  0x00000229073e01f0 JavaThread "Build operations Thread 8"         [_thread_blocked, id=17096, stack(0x0000009833100000,0x0000009833200000) (1024K)]
  0x0000022905fefa20 JavaThread "C2 CompilerThread1"         daemon [_thread_blocked, id=14512, stack(0x0000009830300000,0x0000009830400000) (1024K)]
  0x000002297ec24a60 JavaThread "C2 CompilerThread2"         daemon [_thread_blocked, id=620, stack(0x0000009830400000,0x0000009830500000) (1024K)]
Total: 50

Other Threads:
=>0x000002297d087360 VMThread "VM Thread"                           [id=15864, stack(0x000000982f800000,0x000000982f900000) (1024K)]
  0x000002297d0789d0 WatcherThread "VM Periodic Task Thread"        [id=12460, stack(0x000000982f700000,0x000000982f800000) (1024K)]
  0x00000229639642a0 WorkerThread "GC Thread#0"                     [id=11496, stack(0x000000982f200000,0x000000982f300000) (1024K)]
  0x000002297e298550 WorkerThread "GC Thread#1"                     [id=10476, stack(0x0000009830500000,0x0000009830600000) (1024K)]
  0x000002297e298900 WorkerThread "GC Thread#2"                     [id=13288, stack(0x0000009830600000,0x0000009830700000) (1024K)]
  0x000002297e298cb0 WorkerThread "GC Thread#3"                     [id=9508, stack(0x0000009830700000,0x0000009830800000) (1024K)]
  0x000002297df0f9b0 WorkerThread "GC Thread#4"                     [id=15744, stack(0x0000009830800000,0x0000009830900000) (1024K)]
  0x000002297df0fd60 WorkerThread "GC Thread#5"                     [id=14988, stack(0x0000009830900000,0x0000009830a00000) (1024K)]
  0x000002297f349c30 WorkerThread "GC Thread#6"                     [id=15924, stack(0x0000009830f00000,0x0000009831000000) (1024K)]
  0x000002297f34a390 WorkerThread "GC Thread#7"                     [id=21632, stack(0x0000009831000000,0x0000009831100000) (1024K)]
  0x00000229639751a0 ConcurrentGCThread "G1 Main Marker"            [id=15212, stack(0x000000982f300000,0x000000982f400000) (1024K)]
  0x0000022963975bc0 WorkerThread "G1 Conc#0"                       [id=10108, stack(0x000000982f400000,0x000000982f500000) (1024K)]
  0x000002297f3494d0 WorkerThread "G1 Conc#1"                       [id=7608, stack(0x0000009831100000,0x0000009831200000) (1024K)]
  0x000002297cfc1e90 ConcurrentGCThread "G1 Refine#0"               [id=8068, stack(0x000000982f500000,0x000000982f600000) (1024K)]
  0x000002297cfc2920 ConcurrentGCThread "G1 Service"                [id=14340, stack(0x000000982f600000,0x000000982f700000) (1024K)]
Total: 15

Threads with active compile tasks:
C1 CompilerThread0  12425 8750       3       org.jetbrains.kotlin.fir.java.FirJavaFacadeKt::convertJavaMethodToFir (844 bytes)
C2 CompilerThread1  12425 8736 % !   4       org.jetbrains.kotlin.cli.jvm.index.JvmDependenciesIndexImpl::traverseDirectoriesInPackage @ 216 (405 bytes)
C2 CompilerThread2  12425 8650   !   4       org.jetbrains.kotlin.metadata.ProtoBuf$Type::<init> (976 bytes)
Total: 3

VM state: at safepoint (normal execution)

VM Mutex/Monitor currently owned by a thread:  ([mutex/lock_event])
[0x00007fff261086d0] Threads_lock - owner thread: 0x000002297d087360
[0x00007fff261087d0] Heap_lock - owner thread: 0x00000229639751a0

Heap address: 0x0000000080000000, size: 2048 MB, Compressed Oops mode: 32-bit

CDS archive(s) not mapped
Compressed class space mapped at: 0x0000000100000000-0x0000000140000000, reserved size: 1073741824
Narrow klass base: 0x0000000000000000, Narrow klass shift: 3, Narrow klass range: 0x140000000

GC Precious Log:
 CardTable entry size: 512
 Card Set container configuration: InlinePtr #cards 5 size 8 Array Of Cards #cards 12 size 40 Howl #buckets 4 coarsen threshold 1843 Howl Bitmap #cards 512 size 80 coarsen threshold 460 Card regions per heap region 1 cards per card region 2048
 CPUs: 8 total, 8 available
 Memory: 16112M
 Large Page Support: Disabled
 NUMA Support: Disabled
 Compressed Oops: Enabled (32-bit)
 Heap Region Size: 1M
 Heap Min Capacity: 8M
 Heap Initial Capacity: 252M
 Heap Max Capacity: 2G
 Pre-touch: Disabled
 Parallel Workers: 8
 Concurrent Workers: 2
 Concurrent Refinement Workers: 8
 Periodic GC: Disabled

Heap:
 garbage-first heap   total 176128K, used 127452K [0x0000000080000000, 0x0000000100000000)
  region size 1024K, 8 young (8192K), 3 survivors (3072K)
 Metaspace       used 113190K, committed 115008K, reserved 1179648K
  class space    used 14908K, committed 15808K, reserved 1048576K

Heap Regions: E=young(eden), S=young(survivor), O=old, HS=humongous(starts), HC=humongous(continues), CS=collection set, F=free, TAMS=top-at-mark-start, PB=parsable bottom
|   0|0x0000000080000000, 0x0000000080100000, 0x0000000080100000|100%|HS|  |TAMS 0x0000000080100000| PB 0x0000000080000000| Complete 
|   1|0x0000000080100000, 0x0000000080200000, 0x0000000080200000|100%|HC|  |TAMS 0x0000000080200000| PB 0x0000000080100000| Complete 
|   2|0x0000000080200000, 0x0000000080300000, 0x0000000080300000|100%|HC|  |TAMS 0x0000000080300000| PB 0x0000000080200000| Complete 
|   3|0x0000000080300000, 0x0000000080400000, 0x0000000080400000|100%|HC|  |TAMS 0x0000000080400000| PB 0x0000000080300000| Complete 
|   4|0x0000000080400000, 0x0000000080500000, 0x0000000080500000|100%| O|  |TAMS 0x0000000080500000| PB 0x0000000080500000| Untracked 
|   5|0x0000000080500000, 0x0000000080600000, 0x0000000080600000|100%| O|  |TAMS 0x0000000080600000| PB 0x0000000080600000| Untracked 
|   6|0x0000000080600000, 0x0000000080700000, 0x0000000080700000|100%| O|  |TAMS 0x0000000080700000| PB 0x0000000080700000| Untracked 
|   7|0x0000000080700000, 0x0000000080800000, 0x0000000080800000|100%| O|  |TAMS 0x0000000080800000| PB 0x0000000080800000| Untracked 
|   8|0x0000000080800000, 0x0000000080900000, 0x0000000080900000|100%| O|  |TAMS 0x0000000080900000| PB 0x0000000080900000| Untracked 
|   9|0x0000000080900000, 0x0000000080a00000, 0x0000000080a00000|100%| O|  |TAMS 0x0000000080a00000| PB 0x0000000080a00000| Untracked 
|  10|0x0000000080a00000, 0x0000000080b00000, 0x0000000080b00000|100%| O|  |TAMS 0x0000000080b00000| PB 0x0000000080b00000| Untracked 
|  11|0x0000000080b00000, 0x0000000080c00000, 0x0000000080c00000|100%|HS|  |TAMS 0x0000000080c00000| PB 0x0000000080b00000| Complete 
|  12|0x0000000080c00000, 0x0000000080d00000, 0x0000000080d00000|100%| O|  |TAMS 0x0000000080d00000| PB 0x0000000080d00000| Untracked 
|  13|0x0000000080d00000, 0x0000000080e00000, 0x0000000080e00000|100%| O|  |TAMS 0x0000000080e00000| PB 0x0000000080e00000| Untracked 
|  14|0x0000000080e00000, 0x0000000080f00000, 0x0000000080f00000|100%| O|  |TAMS 0x0000000080f00000| PB 0x0000000080f00000| Untracked 
|  15|0x0000000080f00000, 0x0000000081000000, 0x0000000081000000|100%| O|  |TAMS 0x0000000081000000| PB 0x0000000081000000| Untracked 
|  16|0x0000000081000000, 0x0000000081100000, 0x0000000081100000|100%| O|  |TAMS 0x0000000081100000| PB 0x0000000081100000| Untracked 
|  17|0x0000000081100000, 0x0000000081200000, 0x0000000081200000|100%| O|  |TAMS 0x0000000081200000| PB 0x0000000081200000| Untracked 
|  18|0x0000000081200000, 0x0000000081300000, 0x0000000081300000|100%| O|  |TAMS 0x0000000081300000| PB 0x0000000081300000| Untracked 
|  19|0x0000000081300000, 0x0000000081400000, 0x0000000081400000|100%| O|  |TAMS 0x0000000081400000| PB 0x0000000081400000| Untracked 
|  20|0x0000000081400000, 0x0000000081500000, 0x0000000081500000|100%| O|  |TAMS 0x0000000081500000| PB 0x0000000081500000| Updating 
|  21|0x0000000081500000, 0x0000000081600000, 0x0000000081600000|100%| O|  |TAMS 0x0000000081600000| PB 0x0000000081600000| Untracked 
|  22|0x0000000081600000, 0x0000000081700000, 0x0000000081700000|100%| O|  |TAMS 0x0000000081700000| PB 0x0000000081700000| Untracked 
|  23|0x0000000081700000, 0x0000000081800000, 0x0000000081800000|100%|HS|  |TAMS 0x0000000081800000| PB 0x0000000081700000| Complete 
|  24|0x0000000081800000, 0x0000000081900000, 0x0000000081900000|100%|HC|  |TAMS 0x0000000081900000| PB 0x0000000081800000| Complete 
|  25|0x0000000081900000, 0x0000000081a00000, 0x0000000081a00000|100%|HC|  |TAMS 0x0000000081a00000| PB 0x0000000081900000| Complete 
|  26|0x0000000081a00000, 0x0000000081b00000, 0x0000000081b00000|100%|HC|  |TAMS 0x0000000081b00000| PB 0x0000000081a00000| Complete 
|  27|0x0000000081b00000, 0x0000000081c00000, 0x0000000081c00000|100%|HC|  |TAMS 0x0000000081c00000| PB 0x0000000081b00000| Complete 
|  28|0x0000000081c00000, 0x0000000081d00000, 0x0000000081d00000|100%|HC|  |TAMS 0x0000000081d00000| PB 0x0000000081c00000| Complete 
|  29|0x0000000081d00000, 0x0000000081e00000, 0x0000000081e00000|100%|HS|  |TAMS 0x0000000081e00000| PB 0x0000000081d00000| Complete 
|  30|0x0000000081e00000, 0x0000000081f00000, 0x0000000081f00000|100%|HC|  |TAMS 0x0000000081f00000| PB 0x0000000081e00000| Complete 
|  31|0x0000000081f00000, 0x0000000082000000, 0x0000000082000000|100%|HS|  |TAMS 0x0000000082000000| PB 0x0000000081f00000| Complete 
|  32|0x0000000082000000, 0x0000000082100000, 0x0000000082100000|100%|HS|  |TAMS 0x0000000082100000| PB 0x0000000082000000| Complete 
|  33|0x0000000082100000, 0x0000000082200000, 0x0000000082200000|100%|HC|  |TAMS 0x0000000082200000| PB 0x0000000082100000| Complete 
|  34|0x0000000082200000, 0x0000000082300000, 0x0000000082300000|100%|HC|  |TAMS 0x0000000082300000| PB 0x0000000082200000| Complete 
|  35|0x0000000082300000, 0x0000000082400000, 0x0000000082400000|100%|HC|  |TAMS 0x0000000082400000| PB 0x0000000082300000| Complete 
|  36|0x0000000082400000, 0x0000000082500000, 0x0000000082500000|100%|HC|  |TAMS 0x0000000082500000| PB 0x0000000082400000| Complete 
|  37|0x0000000082500000, 0x0000000082600000, 0x0000000082600000|100%|HC|  |TAMS 0x0000000082600000| PB 0x0000000082500000| Complete 
|  38|0x0000000082600000, 0x0000000082700000, 0x0000000082700000|100%|HS|  |TAMS 0x0000000082700000| PB 0x0000000082600000| Complete 
|  39|0x0000000082700000, 0x0000000082800000, 0x0000000082800000|100%|HC|  |TAMS 0x0000000082800000| PB 0x0000000082700000| Complete 
|  40|0x0000000082800000, 0x0000000082900000, 0x0000000082900000|100%| O|  |TAMS 0x0000000082900000| PB 0x0000000082900000| Updating 
|  41|0x0000000082900000, 0x0000000082a00000, 0x0000000082a00000|100%| O|  |TAMS 0x0000000082a00000| PB 0x0000000082a00000| Untracked 
|  42|0x0000000082a00000, 0x0000000082b00000, 0x0000000082b00000|100%| O|  |TAMS 0x0000000082b00000| PB 0x0000000082b00000| Untracked 
|  43|0x0000000082b00000, 0x0000000082c00000, 0x0000000082c00000|100%| O|  |TAMS 0x0000000082c00000| PB 0x0000000082c00000| Updating 
|  44|0x0000000082c00000, 0x0000000082d00000, 0x0000000082d00000|100%| O|  |TAMS 0x0000000082d00000| PB 0x0000000082d00000| Untracked 
|  45|0x0000000082d00000, 0x0000000082e00000, 0x0000000082e00000|100%| O|  |TAMS 0x0000000082e00000| PB 0x0000000082e00000| Untracked 
|  46|0x0000000082e00000, 0x0000000082f00000, 0x0000000082f00000|100%| O|  |TAMS 0x0000000082f00000| PB 0x0000000082f00000| Updating 
|  47|0x0000000082f00000, 0x0000000083000000, 0x0000000083000000|100%| O|  |TAMS 0x0000000083000000| PB 0x0000000083000000| Untracked 
|  48|0x0000000083000000, 0x0000000083100000, 0x0000000083100000|100%| O|  |TAMS 0x0000000083100000| PB 0x0000000083100000| Untracked 
|  49|0x0000000083100000, 0x0000000083200000, 0x0000000083200000|100%| O|  |TAMS 0x0000000083200000| PB 0x0000000083200000| Untracked 
|  50|0x0000000083200000, 0x0000000083300000, 0x0000000083300000|100%| O|  |TAMS 0x0000000083300000| PB 0x0000000083300000| Updating 
|  51|0x0000000083300000, 0x0000000083400000, 0x0000000083400000|100%|HS|  |TAMS 0x0000000083400000| PB 0x0000000083300000| Complete 
|  52|0x0000000083400000, 0x0000000083500000, 0x0000000083500000|100%|HC|  |TAMS 0x0000000083500000| PB 0x0000000083400000| Complete 
|  53|0x0000000083500000, 0x0000000083600000, 0x0000000083600000|100%| O|  |TAMS 0x0000000083600000| PB 0x0000000083600000| Untracked 
|  54|0x0000000083600000, 0x0000000083700000, 0x0000000083700000|100%| O|  |TAMS 0x0000000083700000| PB 0x0000000083700000| Updating 
|  55|0x0000000083700000, 0x0000000083800000, 0x0000000083800000|100%| O|  |TAMS 0x0000000083800000| PB 0x0000000083800000| Untracked 
|  56|0x0000000083800000, 0x0000000083900000, 0x0000000083900000|100%| O|  |TAMS 0x0000000083900000| PB 0x0000000083900000| Untracked 
|  57|0x0000000083900000, 0x0000000083a00000, 0x0000000083a00000|100%| O|  |TAMS 0x0000000083a00000| PB 0x0000000083a00000| Untracked 
|  58|0x0000000083a00000, 0x0000000083b00000, 0x0000000083b00000|100%| O|  |TAMS 0x0000000083b00000| PB 0x0000000083b00000| Untracked 
|  59|0x0000000083b00000, 0x0000000083c00000, 0x0000000083c00000|100%| O|  |TAMS 0x0000000083c00000| PB 0x0000000083c00000| Untracked 
|  60|0x0000000083c00000, 0x0000000083d00000, 0x0000000083d00000|100%| O|  |TAMS 0x0000000083d00000| PB 0x0000000083d00000| Untracked 
|  61|0x0000000083d00000, 0x0000000083e00000, 0x0000000083e00000|100%| O|  |TAMS 0x0000000083e00000| PB 0x0000000083e00000| Untracked 
|  62|0x0000000083e00000, 0x0000000083f00000, 0x0000000083f00000|100%| O|  |TAMS 0x0000000083f00000| PB 0x0000000083f00000| Untracked 
|  63|0x0000000083f00000, 0x0000000084000000, 0x0000000084000000|100%| O|  |TAMS 0x0000000084000000| PB 0x0000000084000000| Untracked 
|  64|0x0000000084000000, 0x0000000084100000, 0x0000000084100000|100%| O|  |TAMS 0x0000000084100000| PB 0x0000000084100000| Untracked 
|  65|0x0000000084100000, 0x0000000084200000, 0x0000000084200000|100%| O|  |TAMS 0x0000000084200000| PB 0x0000000084200000| Untracked 
|  66|0x0000000084200000, 0x0000000084300000, 0x0000000084300000|100%| O|  |TAMS 0x0000000084300000| PB 0x0000000084300000| Untracked 
|  67|0x0000000084300000, 0x0000000084400000, 0x0000000084400000|100%| O|  |TAMS 0x0000000084400000| PB 0x0000000084400000| Untracked 
|  68|0x0000000084400000, 0x0000000084500000, 0x0000000084500000|100%| O|  |TAMS 0x0000000084500000| PB 0x0000000084500000| Untracked 
|  69|0x0000000084500000, 0x0000000084600000, 0x0000000084600000|100%| O|  |TAMS 0x0000000084600000| PB 0x0000000084600000| Untracked 
|  70|0x0000000084600000, 0x0000000084700000, 0x0000000084700000|100%| O|  |TAMS 0x0000000084700000| PB 0x0000000084700000| Untracked 
|  71|0x0000000084700000, 0x0000000084800000, 0x0000000084800000|100%| O|  |TAMS 0x0000000084800000| PB 0x0000000084800000| Updating 
|  72|0x0000000084800000, 0x0000000084900000, 0x0000000084900000|100%|HS|  |TAMS 0x0000000084900000| PB 0x0000000084800000| Complete 
|  73|0x0000000084900000, 0x0000000084a00000, 0x0000000084a00000|100%| O|  |TAMS 0x0000000084900000| PB 0x0000000084900000| Untracked 
|  74|0x0000000084a00000, 0x0000000084b00000, 0x0000000084b00000|100%| O|  |TAMS 0x0000000084b00000| PB 0x0000000084b00000| Untracked 
|  75|0x0000000084b00000, 0x0000000084c00000, 0x0000000084c00000|100%| O|  |TAMS 0x0000000084c00000| PB 0x0000000084c00000| Untracked 
|  76|0x0000000084c00000, 0x0000000084d00000, 0x0000000084d00000|100%| O|  |TAMS 0x0000000084d00000| PB 0x0000000084d00000| Untracked 
|  77|0x0000000084d00000, 0x0000000084e00000, 0x0000000084e00000|100%| O|  |TAMS 0x0000000084e00000| PB 0x0000000084e00000| Untracked 
|  78|0x0000000084e00000, 0x0000000084f00000, 0x0000000084f00000|100%| O|  |TAMS 0x0000000084f00000| PB 0x0000000084f00000| Untracked 
|  79|0x0000000084f00000, 0x0000000085000000, 0x0000000085000000|100%| O|  |TAMS 0x0000000085000000| PB 0x0000000085000000| Updating 
|  80|0x0000000085000000, 0x0000000085100000, 0x0000000085100000|100%| O|  |TAMS 0x0000000085100000| PB 0x0000000085100000| Untracked 
|  81|0x0000000085100000, 0x0000000085200000, 0x0000000085200000|100%| O|  |TAMS 0x0000000085200000| PB 0x0000000085200000| Untracked 
|  82|0x0000000085200000, 0x0000000085300000, 0x0000000085300000|100%| O|  |TAMS 0x0000000085300000| PB 0x0000000085300000| Untracked 
|  83|0x0000000085300000, 0x0000000085400000, 0x0000000085400000|100%| O|  |TAMS 0x0000000085400000| PB 0x0000000085400000| Untracked 
|  84|0x0000000085400000, 0x0000000085500000, 0x0000000085500000|100%| O|  |TAMS 0x0000000085400000| PB 0x0000000085400000| Untracked 
|  85|0x0000000085500000, 0x0000000085600000, 0x0000000085600000|100%| O|  |TAMS 0x0000000085600000| PB 0x0000000085600000| Untracked 
|  86|0x0000000085600000, 0x0000000085700000, 0x0000000085700000|100%| O|  |TAMS 0x0000000085700000| PB 0x0000000085700000| Updating 
|  87|0x0000000085700000, 0x0000000085800000, 0x0000000085800000|100%| O|  |TAMS 0x0000000085800000| PB 0x0000000085800000| Untracked 
|  88|0x0000000085800000, 0x0000000085900000, 0x0000000085900000|100%| O|  |TAMS 0x0000000085900000| PB 0x0000000085900000| Untracked 
|  89|0x0000000085900000, 0x0000000085a00000, 0x0000000085a00000|100%| O|  |TAMS 0x0000000085a00000| PB 0x0000000085a00000| Untracked 
|  90|0x0000000085a00000, 0x0000000085b00000, 0x0000000085b00000|100%| O|  |TAMS 0x0000000085b00000| PB 0x0000000085b00000| Untracked 
|  91|0x0000000085b00000, 0x0000000085c00000, 0x0000000085c00000|100%| O|  |TAMS 0x0000000085c00000| PB 0x0000000085c00000| Updating 
|  92|0x0000000085c00000, 0x0000000085d00000, 0x0000000085d00000|100%|HS|  |TAMS 0x0000000085d00000| PB 0x0000000085c00000| Complete 
|  93|0x0000000085d00000, 0x0000000085e00000, 0x0000000085e00000|100%| O|  |TAMS 0x0000000085e00000| PB 0x0000000085e00000| Untracked 
|  94|0x0000000085e00000, 0x0000000085f00000, 0x0000000085f00000|100%| O|  |TAMS 0x0000000085f00000| PB 0x0000000085f00000| Untracked 
|  95|0x0000000085f00000, 0x0000000086000000, 0x0000000086000000|100%| O|  |TAMS 0x0000000086000000| PB 0x0000000086000000| Untracked 
|  96|0x0000000086000000, 0x0000000086100000, 0x0000000086100000|100%| O|  |TAMS 0x0000000086100000| PB 0x0000000086100000| Untracked 
|  97|0x0000000086100000, 0x0000000086200000, 0x0000000086200000|100%| O|  |TAMS 0x0000000086200000| PB 0x0000000086200000| Untracked 
|  98|0x0000000086200000, 0x0000000086300000, 0x0000000086300000|100%| O|  |TAMS 0x0000000086300000| PB 0x0000000086300000| Untracked 
|  99|0x0000000086300000, 0x0000000086400000, 0x0000000086400000|100%| O|  |TAMS 0x0000000086400000| PB 0x0000000086400000| Untracked 
| 100|0x0000000086400000, 0x0000000086500000, 0x0000000086500000|100%| O|  |TAMS 0x0000000086500000| PB 0x0000000086500000| Updating 
| 101|0x0000000086500000, 0x0000000086600000, 0x0000000086600000|100%| O|  |TAMS 0x0000000086600000| PB 0x0000000086600000| Updating 
| 102|0x0000000086600000, 0x0000000086700000, 0x0000000086700000|100%| O|  |TAMS 0x0000000086700000| PB 0x0000000086700000| Untracked 
| 103|0x0000000086700000, 0x0000000086800000, 0x0000000086800000|100%| O|  |TAMS 0x0000000086800000| PB 0x0000000086800000| Untracked 
| 104|0x0000000086800000, 0x0000000086900000, 0x0000000086900000|100%| O|  |TAMS 0x0000000086900000| PB 0x0000000086900000| Untracked 
| 105|0x0000000086900000, 0x0000000086a00000, 0x0000000086a00000|100%| O|  |TAMS 0x0000000086a00000| PB 0x0000000086a00000| Untracked 
| 106|0x0000000086a00000, 0x0000000086b00000, 0x0000000086b00000|100%| O|  |TAMS 0x0000000086b00000| PB 0x0000000086b00000| Untracked 
| 107|0x0000000086b00000, 0x0000000086c00000, 0x0000000086c00000|100%| O|  |TAMS 0x0000000086c00000| PB 0x0000000086c00000| Untracked 
| 108|0x0000000086c00000, 0x0000000086d00000, 0x0000000086d00000|100%| O|  |TAMS 0x0000000086d00000| PB 0x0000000086d00000| Updating 
| 109|0x0000000086d00000, 0x0000000086e00000, 0x0000000086e00000|100%| O|  |TAMS 0x0000000086d00000| PB 0x0000000086d00000| Untracked 
| 110|0x0000000086e00000, 0x0000000086f00000, 0x0000000086f00000|100%| O|  |TAMS 0x0000000086e00000| PB 0x0000000086e00000| Untracked 
| 111|0x0000000086f00000, 0x0000000086f2ad58, 0x0000000087000000| 16%| O|  |TAMS 0x0000000086f00000| PB 0x0000000086f00000| Updating 
| 112|0x0000000087000000, 0x0000000087000000, 0x0000000087100000|  0%| F|  |TAMS 0x0000000087000000| PB 0x0000000087000000| Untracked 
| 113|0x0000000087100000, 0x0000000087100000, 0x0000000087200000|  0%| F|  |TAMS 0x0000000087100000| PB 0x0000000087100000| Untracked 
| 114|0x0000000087200000, 0x0000000087200000, 0x0000000087300000|  0%| F|  |TAMS 0x0000000087200000| PB 0x0000000087200000| Untracked 
| 115|0x0000000087300000, 0x0000000087300000, 0x0000000087400000|  0%| F|  |TAMS 0x0000000087300000| PB 0x0000000087300000| Untracked 
| 116|0x0000000087400000, 0x0000000087400000, 0x0000000087500000|  0%| F|  |TAMS 0x0000000087400000| PB 0x0000000087400000| Untracked 
| 117|0x0000000087500000, 0x0000000087500000, 0x0000000087600000|  0%| F|  |TAMS 0x0000000087500000| PB 0x0000000087500000| Untracked 
| 118|0x0000000087600000, 0x0000000087600000, 0x0000000087700000|  0%| F|  |TAMS 0x0000000087600000| PB 0x0000000087600000| Untracked 
| 119|0x0000000087700000, 0x0000000087700000, 0x0000000087800000|  0%| F|  |TAMS 0x0000000087700000| PB 0x0000000087700000| Untracked 
| 120|0x0000000087800000, 0x0000000087800000, 0x0000000087900000|  0%| F|  |TAMS 0x0000000087800000| PB 0x0000000087800000| Untracked 
| 121|0x0000000087900000, 0x0000000087900000, 0x0000000087a00000|  0%| F|  |TAMS 0x0000000087900000| PB 0x0000000087900000| Untracked 
| 122|0x0000000087a00000, 0x0000000087a00000, 0x0000000087b00000|  0%| F|  |TAMS 0x0000000087a00000| PB 0x0000000087a00000| Untracked 
| 123|0x0000000087b00000, 0x0000000087b00000, 0x0000000087c00000|  0%| F|  |TAMS 0x0000000087b00000| PB 0x0000000087b00000| Untracked 
| 124|0x0000000087c00000, 0x0000000087c4c3f8, 0x0000000087d00000| 29%| S|CS|TAMS 0x0000000087c00000| PB 0x0000000087c00000| Complete 
| 125|0x0000000087d00000, 0x0000000087e00000, 0x0000000087e00000|100%| S|CS|TAMS 0x0000000087d00000| PB 0x0000000087d00000| Complete 
| 126|0x0000000087e00000, 0x0000000087e00000, 0x0000000087f00000|  0%| F|  |TAMS 0x0000000087e00000| PB 0x0000000087e00000| Untracked 
| 127|0x0000000087f00000, 0x0000000087f00000, 0x0000000088000000|  0%| F|  |TAMS 0x0000000087f00000| PB 0x0000000087f00000| Untracked 
| 128|0x0000000088000000, 0x0000000088100000, 0x0000000088100000|100%| S|CS|TAMS 0x0000000088000000| PB 0x0000000088000000| Complete 
| 129|0x0000000088100000, 0x0000000088100000, 0x0000000088200000|  0%| F|  |TAMS 0x0000000088100000| PB 0x0000000088100000| Untracked 
| 130|0x0000000088200000, 0x0000000088200000, 0x0000000088300000|  0%| F|  |TAMS 0x0000000088200000| PB 0x0000000088200000| Untracked 
| 131|0x0000000088300000, 0x0000000088300000, 0x0000000088400000|  0%| F|  |TAMS 0x0000000088300000| PB 0x0000000088300000| Untracked 
| 132|0x0000000088400000, 0x0000000088400000, 0x0000000088500000|  0%| F|  |TAMS 0x0000000088400000| PB 0x0000000088400000| Untracked 
| 133|0x0000000088500000, 0x0000000088500000, 0x0000000088600000|  0%| F|  |TAMS 0x0000000088500000| PB 0x0000000088500000| Untracked 
| 134|0x0000000088600000, 0x0000000088600000, 0x0000000088700000|  0%| F|  |TAMS 0x0000000088600000| PB 0x0000000088600000| Untracked 
| 135|0x0000000088700000, 0x0000000088700000, 0x0000000088800000|  0%| F|  |TAMS 0x0000000088700000| PB 0x0000000088700000| Untracked 
| 136|0x0000000088800000, 0x0000000088800000, 0x0000000088900000|  0%| F|  |TAMS 0x0000000088800000| PB 0x0000000088800000| Untracked 
| 137|0x0000000088900000, 0x0000000088900000, 0x0000000088a00000|  0%| F|  |TAMS 0x0000000088900000| PB 0x0000000088900000| Untracked 
| 138|0x0000000088a00000, 0x0000000088a00000, 0x0000000088b00000|  0%| F|  |TAMS 0x0000000088a00000| PB 0x0000000088a00000| Untracked 
| 139|0x0000000088b00000, 0x0000000088b00000, 0x0000000088c00000|  0%| F|  |TAMS 0x0000000088b00000| PB 0x0000000088b00000| Untracked 
| 140|0x0000000088c00000, 0x0000000088c00000, 0x0000000088d00000|  0%| F|  |TAMS 0x0000000088c00000| PB 0x0000000088c00000| Untracked 
| 141|0x0000000088d00000, 0x0000000088d00000, 0x0000000088e00000|  0%| F|  |TAMS 0x0000000088d00000| PB 0x0000000088d00000| Untracked 
| 142|0x0000000088e00000, 0x0000000088e00000, 0x0000000088f00000|  0%| F|  |TAMS 0x0000000088e00000| PB 0x0000000088e00000| Untracked 
| 143|0x0000000088f00000, 0x0000000088f00000, 0x0000000089000000|  0%| F|  |TAMS 0x0000000088f00000| PB 0x0000000088f00000| Untracked 
| 144|0x0000000089000000, 0x0000000089000000, 0x0000000089100000|  0%| F|  |TAMS 0x0000000089000000| PB 0x0000000089000000| Untracked 
| 145|0x0000000089100000, 0x0000000089100000, 0x0000000089200000|  0%| F|  |TAMS 0x0000000089100000| PB 0x0000000089100000| Untracked 
| 146|0x0000000089200000, 0x0000000089200000, 0x0000000089300000|  0%| F|  |TAMS 0x0000000089200000| PB 0x0000000089200000| Untracked 
| 147|0x0000000089300000, 0x0000000089300000, 0x0000000089400000|  0%| F|  |TAMS 0x0000000089300000| PB 0x0000000089300000| Untracked 
| 148|0x0000000089400000, 0x0000000089400000, 0x0000000089500000|  0%| F|  |TAMS 0x0000000089400000| PB 0x0000000089400000| Untracked 
| 149|0x0000000089500000, 0x0000000089500000, 0x0000000089600000|  0%| F|  |TAMS 0x0000000089500000| PB 0x0000000089500000| Untracked 
| 150|0x0000000089600000, 0x0000000089600000, 0x0000000089700000|  0%| F|  |TAMS 0x0000000089600000| PB 0x0000000089600000| Untracked 
| 151|0x0000000089700000, 0x0000000089700000, 0x0000000089800000|  0%| F|  |TAMS 0x0000000089700000| PB 0x0000000089700000| Untracked 
| 152|0x0000000089800000, 0x0000000089800000, 0x0000000089900000|  0%| F|  |TAMS 0x0000000089800000| PB 0x0000000089800000| Untracked 
| 190|0x000000008be00000, 0x000000008be00000, 0x000000008bf00000|  0%| F|  |TAMS 0x000000008be00000| PB 0x000000008be00000| Untracked 
| 191|0x000000008bf00000, 0x000000008bf00000, 0x000000008c000000|  0%| F|  |TAMS 0x000000008bf00000| PB 0x000000008bf00000| Untracked 
| 192|0x000000008c000000, 0x000000008c000000, 0x000000008c100000|  0%| F|  |TAMS 0x000000008c000000| PB 0x000000008c000000| Untracked 
| 193|0x000000008c100000, 0x000000008c100000, 0x000000008c200000|  0%| F|  |TAMS 0x000000008c100000| PB 0x000000008c100000| Untracked 
| 194|0x000000008c200000, 0x000000008c200000, 0x000000008c300000|  0%| F|  |TAMS 0x000000008c200000| PB 0x000000008c200000| Untracked 
| 195|0x000000008c300000, 0x000000008c300000, 0x000000008c400000|  0%| F|  |TAMS 0x000000008c300000| PB 0x000000008c300000| Untracked 
| 196|0x000000008c400000, 0x000000008c400000, 0x000000008c500000|  0%| F|  |TAMS 0x000000008c400000| PB 0x000000008c400000| Untracked 
| 197|0x000000008c500000, 0x000000008c59d4a0, 0x000000008c600000| 61%| E|  |TAMS 0x000000008c500000| PB 0x000000008c500000| Complete 
| 198|0x000000008c600000, 0x000000008c700000, 0x000000008c700000|100%| E|CS|TAMS 0x000000008c600000| PB 0x000000008c600000| Complete 
| 251|0x000000008fb00000, 0x000000008fc00000, 0x000000008fc00000|100%| E|CS|TAMS 0x000000008fb00000| PB 0x000000008fb00000| Complete 
|2039|0x00000000ff700000, 0x00000000ff800000, 0x00000000ff800000|100%| E|CS|TAMS 0x00000000ff700000| PB 0x00000000ff700000| Complete 
|2040|0x00000000ff800000, 0x00000000ff900000, 0x00000000ff900000|100%| O|  |TAMS 0x00000000ff900000| PB 0x00000000ff900000| Untracked 
|2041|0x00000000ff900000, 0x00000000ffa00000, 0x00000000ffa00000|100%| O|  |TAMS 0x00000000ffa00000| PB 0x00000000ffa00000| Untracked 
|2042|0x00000000ffa00000, 0x00000000ffb00000, 0x00000000ffb00000|100%| O|  |TAMS 0x00000000ffb00000| PB 0x00000000ffb00000| Updating 
|2043|0x00000000ffb00000, 0x00000000ffc00000, 0x00000000ffc00000|100%| O|  |TAMS 0x00000000ffc00000| PB 0x00000000ffc00000| Untracked 
|2044|0x00000000ffc00000, 0x00000000ffd00000, 0x00000000ffd00000|100%| E|CS|TAMS 0x00000000ffc00000| PB 0x00000000ffc00000| Complete 
|2045|0x00000000ffd00000, 0x00000000ffe00000, 0x00000000ffe00000|100%| O|  |TAMS 0x00000000ffe00000| PB 0x00000000ffe00000| Untracked 
|2046|0x00000000ffe00000, 0x00000000fff00000, 0x00000000fff00000|100%| O|  |TAMS 0x00000000fff00000| PB 0x00000000fff00000| Untracked 
|2047|0x00000000fff00000, 0x0000000100000000, 0x0000000100000000|100%| O|  |TAMS 0x0000000100000000| PB 0x0000000100000000| Untracked 

Card table byte_map: [0x00000229781e0000,0x00000229785e0000] _byte_map_base: 0x0000022977de0000

Marking Bits: (CMBitMap*) 0x00000229639648c0
 Bits: [0x00000229785e0000, 0x000002297a5e0000)

Polling page: 0x00000229639e0000

Metaspace:

Usage:
  Non-class:     95.98 MB used.
      Class:     14.56 MB used.
       Both:    110.54 MB used.

Virtual space:
  Non-class space:      128.00 MB reserved,      96.88 MB ( 76%) committed,  2 nodes.
      Class space:        1.00 GB reserved,      15.44 MB (  2%) committed,  1 nodes.
             Both:        1.12 GB reserved,     112.31 MB ( 10%) committed. 

Chunk freelists:
   Non-Class:  14.38 MB
       Class:  624.00 KB
        Both:  14.98 MB

MaxMetaspaceSize: unlimited
CompressedClassSpaceSize: 1.00 GB
Initial GC threshold: 21.00 MB
Current GC threshold: 169.94 MB
CDS: off
 - commit_granule_bytes: 65536.
 - commit_granule_words: 8192.
 - virtual_space_node_default_size: 8388608.
 - enlarge_chunks_in_place: 1.
 - use_allocation_guard: 0.


Internal statistics:

num_allocs_failed_limit: 9.
num_arena_births: 3422.
num_arena_deaths: 0.
num_vsnodes_births: 3.
num_vsnodes_deaths: 0.
num_space_committed: 1797.
num_space_uncommitted: 0.
num_chunks_returned_to_freelist: 9.
num_chunks_taken_from_freelist: 7686.
num_chunk_merges: 6.
num_chunk_splits: 5452.
num_chunks_enlarged: 3862.
num_inconsistent_stats: 0.

CodeHeap 'non-profiled nmethods': size=120000Kb used=4254Kb max_used=4368Kb free=115745Kb
 bounds [0x000002296fe50000, 0x00000229702a0000, 0x0000022977380000]
CodeHeap 'profiled nmethods': size=120000Kb used=13965Kb max_used=14167Kb free=106034Kb
 bounds [0x0000022968380000, 0x0000022969160000, 0x000002296f8b0000]
CodeHeap 'non-nmethods': size=5760Kb used=2384Kb max_used=2448Kb free=3375Kb
 bounds [0x000002296f8b0000, 0x000002296fb20000, 0x000002296fe50000]
CodeCache: size=245760Kb, used=20603Kb, max_used=20983Kb, free=225154Kb
 total_blobs=8286, nmethods=7280, adapters=910, full_count=0
Compilation: enabled, stopped_count=0, restarted_count=0

Compilation events (20 events):
Event: 10.342 Thread 0x000002297d217710 8741       3       org.jetbrains.kotlin.fir.MutableOrEmptyList::getSize-impl (16 bytes)
Event: 10.342 Thread 0x000002297d217710 nmethod 8741 0x000002296914bd90 code [0x000002296914bf40, 0x000002296914c158]
Event: 10.342 Thread 0x000002297d217710 8742       3       org.jetbrains.kotlin.fir.types.ConeTypeContext::asDefinitelyNotNullType (25 bytes)
Event: 10.342 Thread 0x000002297d217710 nmethod 8742 0x000002296914c210 code [0x000002296914c460, 0x000002296914cce8]
Event: 10.342 Thread 0x000002297d217710 8743       3       org.jetbrains.kotlin.types.TypeCheckerState::prepareType (15 bytes)
Event: 10.343 Thread 0x000002297d217710 nmethod 8743 0x000002296914cf90 code [0x000002296914d1c0, 0x000002296914d820]
Event: 10.343 Thread 0x000002297d217710 8744       3       org.jetbrains.kotlin.fir.types.ConeTypePreparator::prepareType (479 bytes)
Event: 10.345 Thread 0x000002297d217710 nmethod 8744 0x000002296914da90 code [0x000002296914dfc0, 0x0000022969150830]
Event: 10.345 Thread 0x000002297d217710 8745       3       org.jetbrains.kotlin.fir.types.ConeTypeContext::isMarkedNullable (49 bytes)
Event: 10.346 Thread 0x000002297d217710 nmethod 8745 0x0000022969151410 code [0x00000229691516a0, 0x0000022969152110]
Event: 10.346 Thread 0x000002297d217710 8746       3       org.jetbrains.kotlin.ir.declarations.lazy.LazyUtilKt::lazyVar (25 bytes)
Event: 10.347 Thread 0x000002297d217710 nmethod 8746 0x0000022969152510 code [0x00000229691528a0, 0x0000022969153c98]
Event: 10.349 Thread 0x000002297d217060 nmethod 8735 0x0000022970292e90 code [0x00000229702930c0, 0x0000022970293a90]
Event: 10.349 Thread 0x000002297d217060 8737       4       org.jetbrains.kotlin.it.unimi.dsi.fastutil.objects.ObjectOpenHashSet$a::next (128 bytes)
Event: 10.351 Thread 0x000002297d217060 nmethod 8737 0x0000022970293e90 code [0x0000022970294020, 0x00000229702941e0]
Event: 10.378 Thread 0x000002297d217710 8747       3       org.jetbrains.kotlin.fir.types.ConeTypeContext::toClassLikeSymbol (40 bytes)
Event: 10.378 Thread 0x000002297d217710 nmethod 8747 0x0000022969154410 code [0x0000022969154680, 0x0000022969154f98]
Event: 10.378 Thread 0x000002297d217710 8748       3       org.jetbrains.kotlin.fir.ClassMembersKt::isSubstitutionOverride (14 bytes)
Event: 10.379 Thread 0x000002297d217710 nmethod 8748 0x0000022969155290 code [0x00000229691554c0, 0x0000022969155bd0]
Event: 10.382 Thread 0x000002297d217710 8750       3       org.jetbrains.kotlin.fir.java.FirJavaFacadeKt::convertJavaMethodToFir (844 bytes)

GC Heap History (20 events):
Event: 7.133 GC heap before
{Heap before GC invocations=18 (full 0):
 garbage-first heap   total 119808K, used 110842K [0x0000000080000000, 0x0000000100000000)
  region size 1024K, 42 young (43008K), 4 survivors (4096K)
 Metaspace       used 76478K, committed 78272K, reserved 1179648K
  class space    used 11028K, committed 11840K, reserved 1048576K
}
Event: 7.138 GC heap after
{Heap after GC invocations=19 (full 0):
 garbage-first heap   total 122880K, used 79850K [0x0000000080000000, 0x0000000100000000)
  region size 1024K, 6 young (6144K), 6 survivors (6144K)
 Metaspace       used 76478K, committed 78272K, reserved 1179648K
  class space    used 11028K, committed 11840K, reserved 1048576K
}
Event: 7.247 GC heap before
{Heap before GC invocations=20 (full 0):
 garbage-first heap   total 133120K, used 110570K [0x0000000080000000, 0x0000000100000000)
  region size 1024K, 36 young (36864K), 6 survivors (6144K)
 Metaspace       used 76525K, committed 78272K, reserved 1179648K
  class space    used 11032K, committed 11840K, reserved 1048576K
}
Event: 7.257 GC heap after
{Heap after GC invocations=21 (full 0):
 garbage-first heap   total 159744K, used 89671K [0x0000000080000000, 0x0000000100000000)
  region size 1024K, 5 young (5120K), 5 survivors (5120K)
 Metaspace       used 76525K, committed 78272K, reserved 1179648K
  class space    used 11032K, committed 11840K, reserved 1048576K
}
Event: 7.699 GC heap before
{Heap before GC invocations=21 (full 0):
 garbage-first heap   total 159744K, used 130631K [0x0000000080000000, 0x0000000100000000)
  region size 1024K, 45 young (46080K), 5 survivors (5120K)
 Metaspace       used 82199K, committed 83968K, reserved 1179648K
  class space    used 11637K, committed 12480K, reserved 1048576K
}
Event: 7.702 GC heap after
{Heap after GC invocations=22 (full 0):
 garbage-first heap   total 159744K, used 91615K [0x0000000080000000, 0x0000000100000000)
  region size 1024K, 2 young (2048K), 2 survivors (2048K)
 Metaspace       used 82199K, committed 83968K, reserved 1179648K
  class space    used 11637K, committed 12480K, reserved 1048576K
}
Event: 8.031 GC heap before
{Heap before GC invocations=22 (full 0):
 garbage-first heap   total 159744K, used 134623K [0x0000000080000000, 0x0000000100000000)
  region size 1024K, 44 young (45056K), 2 survivors (2048K)
 Metaspace       used 86368K, committed 88192K, reserved 1179648K
  class space    used 12086K, committed 12928K, reserved 1048576K
}
Event: 8.034 GC heap after
{Heap after GC invocations=23 (full 0):
 garbage-first heap   total 159744K, used 95072K [0x0000000080000000, 0x0000000100000000)
  region size 1024K, 5 young (5120K), 5 survivors (5120K)
 Metaspace       used 86368K, committed 88192K, reserved 1179648K
  class space    used 12086K, committed 12928K, reserved 1048576K
}
Event: 8.411 GC heap before
{Heap before GC invocations=24 (full 0):
 garbage-first heap   total 159744K, used 137056K [0x0000000080000000, 0x0000000100000000)
  region size 1024K, 47 young (48128K), 5 survivors (5120K)
 Metaspace       used 92281K, committed 94080K, reserved 1179648K
  class space    used 12680K, committed 13504K, reserved 1048576K
}
Event: 8.415 GC heap after
{Heap after GC invocations=25 (full 0):
 garbage-first heap   total 159744K, used 97144K [0x0000000080000000, 0x0000000100000000)
  region size 1024K, 3 young (3072K), 3 survivors (3072K)
 Metaspace       used 92281K, committed 94080K, reserved 1179648K
  class space    used 12680K, committed 13504K, reserved 1048576K
}
Event: 8.734 GC heap before
{Heap before GC invocations=25 (full 0):
 garbage-first heap   total 159744K, used 139128K [0x0000000080000000, 0x0000000100000000)
  region size 1024K, 45 young (46080K), 3 survivors (3072K)
 Metaspace       used 96827K, committed 98560K, reserved 1179648K
  class space    used 13141K, committed 13952K, reserved 1048576K
}
Event: 8.739 GC heap after
{Heap after GC invocations=26 (full 0):
 garbage-first heap   total 159744K, used 100721K [0x0000000080000000, 0x0000000100000000)
  region size 1024K, 6 young (6144K), 6 survivors (6144K)
 Metaspace       used 96827K, committed 98560K, reserved 1179648K
  class space    used 13141K, committed 13952K, reserved 1048576K
}
Event: 9.099 GC heap before
{Heap before GC invocations=26 (full 0):
 garbage-first heap   total 159744K, used 142705K [0x0000000080000000, 0x0000000100000000)
  region size 1024K, 47 young (48128K), 6 survivors (6144K)
 Metaspace       used 102199K, committed 104064K, reserved 1179648K
  class space    used 13790K, committed 14656K, reserved 1048576K
}
Event: 9.103 GC heap after
{Heap after GC invocations=27 (full 0):
 garbage-first heap   total 159744K, used 104046K [0x0000000080000000, 0x0000000100000000)
  region size 1024K, 4 young (4096K), 4 survivors (4096K)
 Metaspace       used 102199K, committed 104064K, reserved 1179648K
  class space    used 13790K, committed 14656K, reserved 1048576K
}
Event: 9.324 GC heap before
{Heap before GC invocations=28 (full 0):
 garbage-first heap   total 176128K, used 145006K [0x0000000080000000, 0x0000000100000000)
  region size 1024K, 43 young (44032K), 4 survivors (4096K)
 Metaspace       used 103388K, committed 105216K, reserved 1179648K
  class space    used 13975K, committed 14848K, reserved 1048576K
}
Event: 9.331 GC heap after
{Heap after GC invocations=29 (full 0):
 garbage-first heap   total 176128K, used 116957K [0x0000000080000000, 0x0000000100000000)
  region size 1024K, 6 young (6144K), 6 survivors (6144K)
 Metaspace       used 103388K, committed 105216K, reserved 1179648K
  class space    used 13975K, committed 14848K, reserved 1048576K
}
Event: 9.814 GC heap before
{Heap before GC invocations=29 (full 0):
 garbage-first heap   total 176128K, used 153821K [0x0000000080000000, 0x0000000100000000)
  region size 1024K, 43 young (44032K), 6 survivors (6144K)
 Metaspace       used 107552K, committed 109376K, reserved 1179648K
  class space    used 14394K, committed 15296K, reserved 1048576K
}
Event: 9.819 GC heap after
{Heap after GC invocations=30 (full 0):
 garbage-first heap   total 176128K, used 120964K [0x0000000080000000, 0x0000000100000000)
  region size 1024K, 5 young (5120K), 5 survivors (5120K)
 Metaspace       used 107552K, committed 109376K, reserved 1179648K
  class space    used 14394K, committed 15296K, reserved 1048576K
}
Event: 10.296 GC heap before
{Heap before GC invocations=30 (full 0):
 garbage-first heap   total 176128K, used 156804K [0x0000000080000000, 0x0000000100000000)
  region size 1024K, 41 young (41984K), 5 survivors (5120K)
 Metaspace       used 112563K, committed 114368K, reserved 1179648K
  class space    used 14862K, committed 15744K, reserved 1048576K
}
Event: 10.300 GC heap after
{Heap after GC invocations=31 (full 0):
 garbage-first heap   total 176128K, used 123356K [0x0000000080000000, 0x0000000100000000)
  region size 1024K, 3 young (3072K), 3 survivors (3072K)
 Metaspace       used 112563K, committed 114368K, reserved 1179648K
  class space    used 14862K, committed 15744K, reserved 1048576K
}

Dll operation events (3 events):
Event: 0.008 Loaded shared library C:\Program Files\Android\Android Studio\jbr\bin\java.dll
Event: 0.013 Loaded shared library C:\Program Files\Android\Android Studio\jbr\bin\zip.dll
Event: 0.509 Loaded shared library C:\Program Files\Android\Android Studio\jbr\bin\verify.dll

Deoptimization events (20 events):
Event: 10.326 Thread 0x000002297f990990 Uncommon trap: trap_request=0xffffff45 fr.pc=0x0000022970289f4c relative=0x00000000000000ac
Event: 10.326 Thread 0x000002297f990990 Uncommon trap: reason=unstable_if action=reinterpret pc=0x0000022970289f4c method=java.lang.StringLatin1.lastIndexOf([BI[BII)I @ 32 c2
Event: 10.326 Thread 0x000002297f990990 DEOPT PACKING pc=0x0000022970289f4c sp=0x00000098313f1ab0
Event: 10.326 Thread 0x000002297f990990 DEOPT UNPACKING pc=0x000002296f907aa2 sp=0x00000098313f1a08 mode 2
Event: 10.328 Thread 0x000002297f990990 Uncommon trap: trap_request=0xffffffde fr.pc=0x000002297027cd58 relative=0x0000000000005e58
Event: 10.328 Thread 0x000002297f990990 Uncommon trap: reason=class_check action=maybe_recompile pc=0x000002297027cd58 method=org.jetbrains.org.objectweb.asm.ClassReader.readMethod(Lorg/jetbrains/org/objectweb/asm/ClassVisitor;Lorg/jetbrains/org/objectweb/asm/Context;I)I @ 674 c2
Event: 10.328 Thread 0x000002297f990990 DEOPT PACKING pc=0x000002297027cd58 sp=0x00000098313f1280
Event: 10.328 Thread 0x000002297f990990 DEOPT UNPACKING pc=0x000002296f907aa2 sp=0x00000098313f12b8 mode 2
Event: 10.329 Thread 0x000002297f990990 Uncommon trap: trap_request=0xffffffde fr.pc=0x000002297027cd58 relative=0x0000000000005e58
Event: 10.329 Thread 0x000002297f990990 Uncommon trap: reason=class_check action=maybe_recompile pc=0x000002297027cd58 method=org.jetbrains.org.objectweb.asm.ClassReader.readMethod(Lorg/jetbrains/org/objectweb/asm/ClassVisitor;Lorg/jetbrains/org/objectweb/asm/Context;I)I @ 674 c2
Event: 10.329 Thread 0x000002297f990990 DEOPT PACKING pc=0x000002297027cd58 sp=0x00000098313f1280
Event: 10.329 Thread 0x000002297f990990 DEOPT UNPACKING pc=0x000002296f907aa2 sp=0x00000098313f12b8 mode 2
Event: 10.329 Thread 0x000002297f990990 Uncommon trap: trap_request=0xffffffde fr.pc=0x00000229702072b0 relative=0x00000000000011d0
Event: 10.329 Thread 0x000002297f990990 Uncommon trap: reason=class_check action=maybe_recompile pc=0x00000229702072b0 method=org.jetbrains.org.objectweb.asm.ClassReader.readElementValue(Lorg/jetbrains/org/objectweb/asm/AnnotationVisitor;ILjava/lang/String;[C)I @ 398 c2
Event: 10.329 Thread 0x000002297f990990 DEOPT PACKING pc=0x00000229702072b0 sp=0x00000098313f1220
Event: 10.329 Thread 0x000002297f990990 DEOPT UNPACKING pc=0x000002296f907aa2 sp=0x00000098313f11c8 mode 2
Event: 10.329 Thread 0x000002297f990990 Uncommon trap: trap_request=0xffffffde fr.pc=0x00000229702072b0 relative=0x00000000000011d0
Event: 10.329 Thread 0x000002297f990990 Uncommon trap: reason=class_check action=maybe_recompile pc=0x00000229702072b0 method=org.jetbrains.org.objectweb.asm.ClassReader.readElementValue(Lorg/jetbrains/org/objectweb/asm/AnnotationVisitor;ILjava/lang/String;[C)I @ 398 c2
Event: 10.329 Thread 0x000002297f990990 DEOPT PACKING pc=0x00000229702072b0 sp=0x00000098313f1220
Event: 10.329 Thread 0x000002297f990990 DEOPT UNPACKING pc=0x000002296f907aa2 sp=0x00000098313f11c8 mode 2

Classes loaded (20 events):
Event: 8.378 Loading class java/text/CharacterIterator done
Event: 8.378 Loading class java/text/StringCharacterIterator done
Event: 8.495 Loading class java/util/PriorityQueue
Event: 8.496 Loading class java/util/PriorityQueue done
Event: 8.941 Loading class java/util/AbstractList$SubList
Event: 8.941 Loading class java/util/AbstractList$SubList done
Event: 8.941 Loading class java/util/AbstractList$SubList$1
Event: 8.941 Loading class java/util/AbstractList$SubList$1 done
Event: 8.982 Loading class java/util/EnumMap$EntrySet
Event: 8.982 Loading class java/util/EnumMap$EntrySet done
Event: 8.982 Loading class java/util/EnumMap$EntryIterator
Event: 8.982 Loading class java/util/EnumMap$EnumMapIterator
Event: 8.983 Loading class java/util/EnumMap$EnumMapIterator done
Event: 8.983 Loading class java/util/EnumMap$EntryIterator done
Event: 8.983 Loading class java/util/EnumMap$EntryIterator$Entry
Event: 8.983 Loading class java/util/EnumMap$EntryIterator$Entry done
Event: 9.063 Loading class java/util/AbstractList$RandomAccessSubList
Event: 9.063 Loading class java/util/AbstractList$RandomAccessSubList done
Event: 9.956 Loading class java/lang/Byte$ByteCache
Event: 9.957 Loading class java/lang/Byte$ByteCache done

Classes unloaded (0 events):
No events

Classes redefined (0 events):
No events

Internal exceptions (20 events):
Event: 6.458 Thread 0x000002297f990990 Exception <a 'java/lang/NoSuchMethodError'{0x0000000084fcd3c0}: 'long java.lang.invoke.Invokers$Holder.invokeExact_MT(java.lang.Object, java.lang.Object, java.lang.Object)'> (0x0000000084fcd3c0) 
thrown [s\src\hotspot\share\interpreter\linkResolver.cpp, line 784]
Event: 6.458 Thread 0x000002297f990990 Exception <a 'java/lang/NoSuchMethodError'{0x0000000084fd23c0}: 'int java.lang.invoke.Invokers$Holder.invokeExact_MT(java.lang.Object, java.lang.Object, java.lang.Object)'> (0x0000000084fd23c0) 
thrown [s\src\hotspot\share\interpreter\linkResolver.cpp, line 784]
Event: 6.809 Thread 0x000002297f990990 Exception <a 'java/lang/NoSuchMethodError'{0x000000008468c1d0}: 'java.lang.Object java.lang.invoke.DirectMethodHandle$Holder.invokeStatic(java.lang.Object, java.lang.Object, java.lang.Object, java.lang.Object, int, java.lang.Object)'> (0x000000008468c1d0) 
thrown [s\src\hotspot\share\interpreter\linkResolver.cpp, line 784]
Event: 6.835 Thread 0x000002297f990990 Exception <a 'java/lang/NoSuchMethodError'{0x00000000ffc00e68}: 'long java.lang.invoke.DirectMethodHandle$Holder.invokeStatic(java.lang.Object, java.lang.Object, int)'> (0x00000000ffc00e68) 
thrown [s\src\hotspot\share\interpreter\linkResolver.cpp, line 784]
Event: 6.835 Thread 0x000002297f990990 Exception <a 'java/lang/NoSuchMethodError'{0x00000000ffc0d760}: 'java.lang.Object java.lang.invoke.DelegatingMethodHandle$Holder.reinvoke_L(java.lang.Object, int, long, java.lang.Object, java.lang.Object, int, java.lang.Object)'> (0x00000000ffc0d760) 
thrown [s\src\hotspot\share\interpreter\linkResolver.cpp, line 784]
Event: 7.012 Thread 0x000002297f990990 Exception <a 'java/lang/NoSuchMethodError'{0x0000000085ea30a8}: 'java.lang.Object java.lang.invoke.Invokers$Holder.invokeExact_MT(java.lang.Object, java.lang.Object, long, java.lang.Object)'> (0x0000000085ea30a8) 
thrown [s\src\hotspot\share\interpreter\linkResolver.cpp, line 784]
Event: 7.075 Thread 0x000002297f990990 Exception <a 'java/lang/NoSuchMethodError'{0x000000008559d6f0}: 'java.lang.Object java.lang.invoke.DirectMethodHandle$Holder.invokeStatic(java.lang.Object, java.lang.Object, long, long)'> (0x000000008559d6f0) 
thrown [s\src\hotspot\share\interpreter\linkResolver.cpp, line 784]
Event: 7.079 Thread 0x000002297f990990 Exception <a 'java/lang/NoSuchMethodError'{0x00000000855eb7b8}: 'java.lang.Object java.lang.invoke.DirectMethodHandle$Holder.invokeStatic(java.lang.Object, java.lang.Object, java.lang.Object, long, java.lang.Object)'> (0x00000000855eb7b8) 
thrown [s\src\hotspot\share\interpreter\linkResolver.cpp, line 784]
Event: 7.079 Thread 0x000002297f990990 Exception <a 'java/lang/NoSuchMethodError'{0x00000000855f40c8}: 'java.lang.Object java.lang.invoke.DirectMethodHandle$Holder.newInvokeSpecial(java.lang.Object, java.lang.Object, java.lang.Object, long)'> (0x00000000855f40c8) 
thrown [s\src\hotspot\share\interpreter\linkResolver.cpp, line 784]
Event: 7.079 Thread 0x000002297f990990 Exception <a 'java/lang/NoSuchMethodError'{0x00000000855f95e8}: 'java.lang.Object java.lang.invoke.Invokers$Holder.linkToTargetMethod(java.lang.Object, java.lang.Object, long, java.lang.Object)'> (0x00000000855f95e8) 
thrown [s\src\hotspot\share\interpreter\linkResolver.cpp, line 784]
Event: 7.208 Thread 0x000002297f990990 Implicit null exception at 0x000002296fec75e7 to 0x000002296fec79f0
Event: 7.218 Thread 0x000002297f990990 Implicit null exception at 0x00000229700bf5ed to 0x00000229700c03a0
Event: 9.018 Thread 0x000002297f990990 Exception <a 'java/lang/NoSuchMethodError'{0x00000000875c55c0}: 'java.lang.Object java.lang.invoke.DirectMethodHandle$Holder.newInvokeSpecial(java.lang.Object, int, java.lang.Object, java.lang.Object)'> (0x00000000875c55c0) 
thrown [s\src\hotspot\share\interpreter\linkResolver.cpp, line 784]
Event: 9.981 Thread 0x000002297f990990 Exception <a 'java/lang/NoSuchMethodError'{0x000000008949d640}: 'java.lang.Object java.lang.invoke.DirectMethodHandle$Holder.invokeStatic(java.lang.Object, java.lang.Object, java.lang.Object, java.lang.Object, java.lang.Object, int)'> (0x000000008949d640) 
thrown [s\src\hotspot\share\interpreter\linkResolver.cpp, line 784]
Event: 9.982 Thread 0x000002297f990990 Exception <a 'java/lang/NoSuchMethodError'{0x00000000894ab1f0}: 'java.lang.Object java.lang.invoke.DirectMethodHandle$Holder.newInvokeSpecial(java.lang.Object, java.lang.Object, java.lang.Object, java.lang.Object, java.lang.Object, int)'> (0x00000000894ab1f0) 
thrown [s\src\hotspot\share\interpreter\linkResolver.cpp, line 784]
Event: 9.982 Thread 0x000002297f990990 Exception <a 'java/lang/NoSuchMethodError'{0x00000000894b0c08}: 'java.lang.Object java.lang.invoke.DirectMethodHandle$Holder.invokeSpecial(java.lang.Object, java.lang.Object, java.lang.Object, java.lang.Object, java.lang.Object, java.lang.Object, int)'> (0x00000000894b0c08) 
thrown [s\src\hotspot\share\interpreter\linkResolver.cpp, line 784]
Event: 9.982 Thread 0x000002297f990990 Exception <a 'java/lang/NoSuchMethodError'{0x00000000894b5cb8}: 'java.lang.Object java.lang.invoke.Invokers$Holder.linkToTargetMethod(java.lang.Object, java.lang.Object, java.lang.Object, java.lang.Object, int, java.lang.Object)'> (0x00000000894b5cb8) 
thrown [s\src\hotspot\share\interpreter\linkResolver.cpp, line 784]
Event: 9.988 Thread 0x000002297f990990 Exception <a 'java/lang/NoSuchMethodError'{0x0000000089355ce0}: 'java.lang.Object java.lang.invoke.DirectMethodHandle$Holder.newInvokeSpecial(java.lang.Object, java.lang.Object, java.lang.Object, java.lang.Object, java.lang.Object, java.lang.Object, java.lang.Object, java.lang.Object, int)'> (0x0000000089355ce0) 
thrown [s\src\hotspot\share\interpreter\linkResolver.cpp, line 784]
Event: 9.989 Thread 0x000002297f990990 Exception <a 'java/lang/NoSuchMethodError'{0x000000008935c160}: 'java.lang.Object java.lang.invoke.DirectMethodHandle$Holder.invokeSpecial(java.lang.Object, java.lang.Object, java.lang.Object, java.lang.Object, java.lang.Object, java.lang.Object, java.lang.Object, java.lang.Object, java.lang.Object, int)'> (0x000000008935c160) 
thrown [s\src\hotspot\share\interpreter\linkResolver.cpp, line 784]
Event: 9.989 Thread 0x000002297f990990 Exception <a 'java/lang/NoSuchMethodError'{0x0000000089361d80}: 'java.lang.Object java.lang.invoke.Invokers$Holder.linkToTargetMethod(java.lang.Object, java.lang.Object, java.lang.Object, java.lang.Object, java.lang.Object, java.lang.Object, java.lang.Object, int, java.lang.Object)'> (0x0000000089361d80) 
thrown [s\src\hotspot\share\interpreter\linkResolver.cpp, line 784]

ZGC Phase Switch (0 events):
No events

VM Operations (20 events):
Event: 9.149 Executing safepoint VM operation: G1PauseRemark done
Event: 9.165 Executing safepoint VM operation: G1PauseCleanup
Event: 9.166 Executing safepoint VM operation: G1PauseCleanup done
Event: 9.324 Executing safepoint VM operation: G1CollectForAllocation (G1 Evacuation Pause)
Event: 9.331 Executing safepoint VM operation: G1CollectForAllocation (G1 Evacuation Pause) done
Event: 9.737 Executing non-safepoint VM operation: HandshakeAllThreads (Deoptimize)
Event: 9.737 Executing non-safepoint VM operation: HandshakeAllThreads (Deoptimize) done
Event: 9.814 Executing safepoint VM operation: G1CollectForAllocation (G1 Evacuation Pause)
Event: 9.819 Executing safepoint VM operation: G1CollectForAllocation (G1 Evacuation Pause) done
Event: 9.999 Executing non-safepoint VM operation: HandshakeAllThreads (Deoptimize)
Event: 9.999 Executing non-safepoint VM operation: HandshakeAllThreads (Deoptimize) done
Event: 10.042 Executing non-safepoint VM operation: HandshakeAllThreads (Deoptimize)
Event: 10.042 Executing non-safepoint VM operation: HandshakeAllThreads (Deoptimize) done
Event: 10.296 Executing safepoint VM operation: G1CollectForAllocation (G1 Evacuation Pause)
Event: 10.300 Executing safepoint VM operation: G1CollectForAllocation (G1 Evacuation Pause) done
Event: 10.324 Executing non-safepoint VM operation: HandshakeAllThreads (Deoptimize)
Event: 10.324 Executing non-safepoint VM operation: HandshakeAllThreads (Deoptimize) done
Event: 10.326 Executing non-safepoint VM operation: HandshakeAllThreads (Deoptimize)
Event: 10.326 Executing non-safepoint VM operation: HandshakeAllThreads (Deoptimize) done
Event: 10.383 Executing safepoint VM operation: G1PauseRemark

Memory protections (0 events):
No events

Nmethod flushes (20 events):
Event: 10.386 Thread 0x000002297d087360 flushing  nmethod 0x00000229684b4b90
Event: 10.386 Thread 0x000002297d087360 flushing  nmethod 0x0000022968529f90
Event: 10.386 Thread 0x000002297d087360 flushing  nmethod 0x0000022968553590
Event: 10.386 Thread 0x000002297d087360 flushing  nmethod 0x0000022968553e90
Event: 10.386 Thread 0x000002297d087360 flushing  nmethod 0x000002296867d090
Event: 10.386 Thread 0x000002297d087360 flushing  nmethod 0x000002296870fb10
Event: 10.386 Thread 0x000002297d087360 flushing  nmethod 0x000002296fec8010
Event: 10.386 Thread 0x000002297d087360 flushing  nmethod 0x000002297005d190
Event: 10.386 Thread 0x000002297d087360 flushing  nmethod 0x0000022970081a90
Event: 10.386 Thread 0x000002297d087360 flushing  nmethod 0x00000229701b8110
Event: 10.386 Thread 0x000002297d087360 flushing  nmethod 0x0000022968381190
Event: 10.386 Thread 0x000002297d087360 flushing  nmethod 0x000002296842b410
Event: 10.386 Thread 0x000002297d087360 flushing  nmethod 0x000002296842b890
Event: 10.386 Thread 0x000002297d087360 flushing  nmethod 0x0000022968547090
Event: 10.386 Thread 0x000002297d087360 flushing  nmethod 0x0000022968596c90
Event: 10.386 Thread 0x000002297d087360 flushing  nmethod 0x00000229686aaf90
Event: 10.386 Thread 0x000002297d087360 flushing  nmethod 0x0000022968807690
Event: 10.386 Thread 0x000002297d087360 flushing  nmethod 0x0000022968ad5a10
Event: 10.386 Thread 0x000002297d087360 flushing  nmethod 0x0000022968d07710
Event: 10.386 Thread 0x000002297d087360 flushing  nmethod 0x0000022968e13890

Events (20 events):
Event: 5.499 Thread 0x000002297f990990 Thread added: 0x00000229073dfb60
Event: 5.500 Thread 0x000002297f990990 Thread added: 0x00000229073e01f0
Event: 5.767 Thread 0x000002297d26e7b0 Thread exited: 0x000002297d26e7b0
Event: 7.087 Thread 0x000002297d217710 Thread added: 0x000002297d2702f0
Event: 7.390 Thread 0x000002297d2702f0 Thread exited: 0x000002297d2702f0
Event: 7.715 Thread 0x000002297d2709c0 Thread exited: 0x000002297d2709c0
Event: 7.807 Thread 0x000002297d217060 Thread added: 0x000002297d26e7b0
Event: 7.810 Thread 0x000002297d217060 Thread added: 0x000002297d2709c0
Event: 8.094 Thread 0x000002297d2709c0 Thread exited: 0x000002297d2709c0
Event: 8.180 Thread 0x000002297d26e7b0 Thread exited: 0x000002297d26e7b0
Event: 8.537 Thread 0x000002297d217710 Thread added: 0x0000022905feb600
Event: 8.554 Thread 0x000002297d217060 Thread added: 0x0000022905fee5b0
Event: 9.047 Thread 0x0000022905fee5b0 Thread exited: 0x0000022905fee5b0
Event: 9.047 Thread 0x0000022905feb600 Thread exited: 0x0000022905feb600
Event: 9.051 Thread 0x000002297d217710 Thread added: 0x0000022905fee5b0
Event: 9.257 Thread 0x000002297d217710 Thread added: 0x0000022905fefa20
Event: 9.915 Thread 0x0000022905fefa20 Thread exited: 0x0000022905fefa20
Event: 9.922 Thread 0x0000022905fee5b0 Thread exited: 0x0000022905fee5b0
Event: 10.064 Thread 0x000002297d217710 Thread added: 0x0000022905fefa20
Event: 10.263 Thread 0x000002297d217710 Thread added: 0x000002297ec24a60


Dynamic libraries:
0x00007ff727690000 - 0x00007ff72769a000 	C:\Program Files\Android\Android Studio\jbr\bin\java.exe
0x00007fffb8360000 - 0x00007fffb85c6000 	C:\WINDOWS\SYSTEM32\ntdll.dll
0x00007fffb77c0000 - 0x00007fffb7889000 	C:\WINDOWS\System32\KERNEL32.DLL
0x00007fffb5cd0000 - 0x00007fffb60ca000 	C:\WINDOWS\System32\KERNELBASE.dll
0x00007fffb5990000 - 0x00007fffb5adc000 	C:\WINDOWS\System32\ucrtbase.dll
0x00007fffaf820000 - 0x00007fffaf83b000 	C:\Program Files\Android\Android Studio\jbr\bin\VCRUNTIME140.dll
0x00007fff918e0000 - 0x00007fff918f8000 	C:\Program Files\Android\Android Studio\jbr\bin\jli.dll
0x00007fffb8060000 - 0x00007fffb8227000 	C:\WINDOWS\System32\USER32.dll
0x00007fffb5960000 - 0x00007fffb5987000 	C:\WINDOWS\System32\win32u.dll
0x00007fffb6860000 - 0x00007fffb688b000 	C:\WINDOWS\System32\GDI32.dll
0x00007fff90410000 - 0x00007fff906a2000 	C:\WINDOWS\WinSxS\amd64_microsoft.windows.common-controls_6595b64144ccf1df_6.0.26100.8521_none_3e08b75ce33403b3\COMCTL32.dll
0x00007fffb5ae0000 - 0x00007fffb5c0b000 	C:\WINDOWS\System32\gdi32full.dll
0x00007fffb70d0000 - 0x00007fffb7179000 	C:\WINDOWS\System32\msvcrt.dll
0x00007fffb58b0000 - 0x00007fffb5953000 	C:\WINDOWS\System32\msvcp_win.dll
0x00007fffb7190000 - 0x00007fffb71c2000 	C:\WINDOWS\System32\IMM32.DLL
0x00007fffb1c40000 - 0x00007fffb1c4c000 	C:\Program Files\Android\Android Studio\jbr\bin\vcruntime140_1.dll
0x00007fff8c1e0000 - 0x00007fff8c26d000 	C:\Program Files\Android\Android Studio\jbr\bin\msvcp140.dll
0x00007fff25550000 - 0x00007fff261e6000 	C:\Program Files\Android\Android Studio\jbr\bin\server\jvm.dll
0x00007fffb7b70000 - 0x00007fffb7c26000 	C:\WINDOWS\System32\ADVAPI32.dll
0x00007fffb7ac0000 - 0x00007fffb7b6a000 	C:\WINDOWS\System32\sechost.dll
0x00007fffb6f90000 - 0x00007fffb70a8000 	C:\WINDOWS\System32\RPCRT4.dll
0x00007fffb7c30000 - 0x00007fffb7cb0000 	C:\WINDOWS\System32\WS2_32.dll
0x00007fffb5470000 - 0x00007fffb54ce000 	C:\WINDOWS\SYSTEM32\POWRPROF.dll
0x00007fffb2c40000 - 0x00007fffb2c4b000 	C:\WINDOWS\SYSTEM32\VERSION.dll
0x00007fffac5b0000 - 0x00007fffac5e6000 	C:\WINDOWS\SYSTEM32\WINMM.dll
0x00007fffb5450000 - 0x00007fffb5464000 	C:\WINDOWS\SYSTEM32\UMPDC.dll
0x00007fffb4350000 - 0x00007fffb436b000 	C:\WINDOWS\SYSTEM32\kernel.appcore.dll
0x00007fffaf810000 - 0x00007fffaf81a000 	C:\Program Files\Android\Android Studio\jbr\bin\jimage.dll
0x00007fffb29a0000 - 0x00007fffb2be2000 	C:\WINDOWS\SYSTEM32\DBGHELP.DLL
0x00007fffb68a0000 - 0x00007fffb6c23000 	C:\WINDOWS\System32\combase.dll
0x00007fffb7890000 - 0x00007fffb7969000 	C:\WINDOWS\System32\OLEAUT32.dll
0x00007fff88dd0000 - 0x00007fff88e0b000 	C:\WINDOWS\SYSTEM32\dbgcore.DLL
0x00007fffb55f0000 - 0x00007fffb5698000 	C:\WINDOWS\System32\bcryptPrimitives.dll
0x00007fff9e640000 - 0x00007fff9e64e000 	C:\Program Files\Android\Android Studio\jbr\bin\instrument.dll
0x00007fffaf7f0000 - 0x00007fffaf810000 	C:\Program Files\Android\Android Studio\jbr\bin\java.dll
0x00007fffaf7a0000 - 0x00007fffaf7b8000 	C:\Program Files\Android\Android Studio\jbr\bin\zip.dll
0x00007fffb60d0000 - 0x00007fffb6854000 	C:\WINDOWS\System32\SHELL32.dll
0x00007fffb3180000 - 0x00007fffb3a00000 	C:\WINDOWS\SYSTEM32\windows.storage.dll
0x00007fffb7970000 - 0x00007fffb7a66000 	C:\WINDOWS\System32\SHCORE.dll
0x00007fffb7e90000 - 0x00007fffb7ef7000 	C:\WINDOWS\System32\shlwapi.dll
0x00007fffb5510000 - 0x00007fffb5539000 	C:\WINDOWS\SYSTEM32\profapi.dll
0x00007fffaf7e0000 - 0x00007fffaf7f0000 	C:\Program Files\Android\Android Studio\jbr\bin\net.dll
0x00007fffa5550000 - 0x00007fffa5679000 	C:\WINDOWS\SYSTEM32\WINHTTP.dll
0x00007fffb48f0000 - 0x00007fffb495c000 	C:\WINDOWS\system32\mswsock.dll
0x00007fffaf780000 - 0x00007fffaf796000 	C:\Program Files\Android\Android Studio\jbr\bin\nio.dll
0x00007fff9e620000 - 0x00007fff9e630000 	C:\Program Files\Android\Android Studio\jbr\bin\verify.dll
0x00007fff9e650000 - 0x00007fff9e677000 	C:\Users\Lenovo\.gradle\native\660c5614fbf4a5f2a75b1949f50a0caf5cd603558e7d8a26e50b933a0cfb79d1\windows-amd64\native-platform.dll
0x00007fff89170000 - 0x00007fff891e7000 	C:\Users\Lenovo\.gradle\native\0.2.8\x86_64-windows-gnu\gradle-fileevents.dll
0x00007fff9e690000 - 0x00007fff9e699000 	C:\Program Files\Android\Android Studio\jbr\bin\management.dll
0x00007fff9e680000 - 0x00007fff9e68b000 	C:\Program Files\Android\Android Studio\jbr\bin\management_ext.dll
0x00007fffb6890000 - 0x00007fffb6898000 	C:\WINDOWS\System32\PSAPI.DLL
0x00007fffb3d30000 - 0x00007fffb3d63000 	C:\WINDOWS\SYSTEM32\IPHLPAPI.DLL
0x00007fffb7fd0000 - 0x00007fffb7fda000 	C:\WINDOWS\System32\NSI.dll
0x00007fff9e6a0000 - 0x00007fff9e6a9000 	C:\Program Files\Android\Android Studio\jbr\bin\extnet.dll
0x00007fffb4bd0000 - 0x00007fffb4beb000 	C:\WINDOWS\SYSTEM32\CRYPTSP.dll
0x00007fffb42b0000 - 0x00007fffb42e9000 	C:\WINDOWS\system32\rsaenh.dll
0x00007fffb49a0000 - 0x00007fffb49d3000 	C:\WINDOWS\SYSTEM32\USERENV.dll
0x00007fffb54e0000 - 0x00007fffb550a000 	C:\WINDOWS\SYSTEM32\bcrypt.dll
0x00007fffb4bf0000 - 0x00007fffb4bfc000 	C:\WINDOWS\SYSTEM32\CRYPTBASE.dll
0x00007fff9e420000 - 0x00007fff9e428000 	C:\WINDOWS\system32\wshunix.dll

JVMTI agents:
C:\Users\Lenovo\.gradle\wrapper\dists\gradle-9.4.1-bin\arn2x92ynaizyzdaamcbpbhtj\gradle-9.4.1\lib\agents\gradle-instrumentation-agent-9.4.1.jar path:C:\Program Files\Android\Android Studio\jbr\bin\instrument.dll, loaded, initialized, instrumentlib options:none

dbghelp: loaded successfully - version: 4.0.5 - missing functions: none
symbol engine: initialized successfully - sym options: 0x614 - pdb path: .;C:\Program Files\Android\Android Studio\jbr\bin;C:\WINDOWS\SYSTEM32;C:\WINDOWS\WinSxS\amd64_microsoft.windows.common-controls_6595b64144ccf1df_6.0.26100.8521_none_3e08b75ce33403b3;C:\Program Files\Android\Android Studio\jbr\bin\server;C:\Users\Lenovo\.gradle\native\660c5614fbf4a5f2a75b1949f50a0caf5cd603558e7d8a26e50b933a0cfb79d1\windows-amd64;C:\Users\Lenovo\.gradle\native\0.2.8\x86_64-windows-gnu

VM Arguments:
jvm_args: --add-opens=java.base/java.lang=ALL-UNNAMED --add-opens=java.base/java.lang.invoke=ALL-UNNAMED --add-opens=java.base/java.util=ALL-UNNAMED --add-opens=java.prefs/java.util.prefs=ALL-UNNAMED --add-exports=jdk.compiler/com.sun.tools.javac.api=ALL-UNNAMED --add-exports=jdk.compiler/com.sun.tools.javac.util=ALL-UNNAMED --add-opens=java.base/java.util=ALL-UNNAMED --add-opens=java.prefs/java.util.prefs=ALL-UNNAMED --add-opens=java.base/java.nio.charset=ALL-UNNAMED --add-opens=java.base/java.net=ALL-UNNAMED --add-opens=java.base/java.util.concurrent=ALL-UNNAMED --add-opens=java.base/java.util.concurrent.atomic=ALL-UNNAMED --add-opens=java.xml/javax.xml.namespace=ALL-UNNAMED --add-opens=java.base/java.time=ALL-UNNAMED -Xmx2048m -Dfile.encoding=UTF-8 -Duser.country=US -Duser.language=en -Duser.variant -javaagent:C:\Users\Lenovo\.gradle\wrapper\dists\gradle-9.4.1-bin\arn2x92ynaizyzdaamcbpbhtj\gradle-9.4.1\lib\agents\gradle-instrumentation-agent-9.4.1.jar 
java_command: org.gradle.launcher.daemon.bootstrap.GradleDaemon 9.4.1
java_class_path (initial): C:\Users\Lenovo\.gradle\wrapper\dists\gradle-9.4.1-bin\arn2x92ynaizyzdaamcbpbhtj\gradle-9.4.1\lib\gradle-daemon-main-9.4.1.jar
Launcher Type: SUN_STANDARD

[Global flags]
     intx CICompilerCount                          = 4                                         {product} {ergonomic}
     uint ConcGCThreads                            = 2                                         {product} {ergonomic}
     uint G1ConcRefinementThreads                  = 8                                         {product} {ergonomic}
   size_t G1HeapRegionSize                         = 1048576                                   {product} {ergonomic}
    uintx GCDrainStackTargetSize                   = 64                                        {product} {ergonomic}
   size_t InitialHeapSize                          = 264241152                                 {product} {ergonomic}
   size_t MarkStackSize                            = 4194304                                   {product} {ergonomic}
   size_t MaxHeapSize                              = 2147483648                                {product} {command line}
   size_t MaxNewSize                               = 1287651328                                {product} {ergonomic}
   size_t MinHeapDeltaBytes                        = 1048576                                   {product} {ergonomic}
   size_t MinHeapSize                              = 8388608                                   {product} {ergonomic}
    uintx NonNMethodCodeHeapSize                   = 5839372                                {pd product} {ergonomic}
    uintx NonProfiledCodeHeapSize                  = 122909434                              {pd product} {ergonomic}
    uintx ProfiledCodeHeapSize                     = 122909434                              {pd product} {ergonomic}
    uintx ReservedCodeCacheSize                    = 251658240                              {pd product} {ergonomic}
     bool SegmentedCodeCache                       = true                                      {product} {ergonomic}
   size_t SoftMaxHeapSize                          = 2147483648                             {manageable} {ergonomic}
     bool UseCompressedOops                        = true                           {product lp64_product} {ergonomic}
     bool UseG1GC                                  = true                                      {product} {ergonomic}
     bool UseLargePagesIndividualAllocation        = false                                  {pd product} {ergonomic}

Logging:
Log output configuration:
 #0: stdout all=warning uptime,level,tags foldmultilines=false
 #1: stderr all=off uptime,level,tags foldmultilines=false

Release file:
JAVA_VERSION="21.0.10" 
MODULES="java.base java.compiler java.datatransfer java.xml java.prefs java.desktop java.instrument java.logging java.management java.security.sasl java.naming java.rmi java.management.rmi java.net.http java.scripting java.security.jgss java.transaction.xa java.sql java.sql.rowset java.xml.crypto java.se java.smartcardio jdk.accessibility jdk.internal.jvmstat jdk.attach jdk.charsets jdk.internal.opt jdk.zipfs jdk.compiler jdk.crypto.ec jdk.crypto.cryptoki jdk.dynalink jdk.hotspot.agent jdk.httpserver jdk.internal.ed jdk.internal.le jdk.internal.vm.ci jdk.jartool jdk.javadoc jdk.jcmd jdk.jdeps jdk.jdwp.agent jdk.jdi jdk.jfr jdk.jlink jdk.jsobject jdk.localedata jdk.management jdk.management.agent jdk.management.jfr jdk.naming.dns jdk.naming.rmi jdk.net jdk.sctp jdk.security.auth jdk.security.jgss jdk.unsupported jdk.unsupported.desktop jdk.xml.dom" 
IMPLEMENTOR="JetBrains s.r.o." 
JAVA_RUNTIME_VERSION="21.0.10+-14961533-b1163.108" 
LIBC="default" 
OS_ARCH="x86_64" 
OS_NAME="Windows" 
SOURCE=".:git:1351622c2ff2" 

Environment Variables:
PATH=C:\Program Files\Common Files\Oracle\Java\javapath;C:\Windows\system32;C:\Windows;C:\Windows\System32\Wbem;C:\Windows\System32\WindowsPowerShell\v1.0\;C:\Windows\System32\OpenSSH\;C:\Program Files (x86)\NVIDIA Corporation\PhysX\Common;C:\Program Files\NVIDIA Corporation\NVIDIA NvDLISR;C:\WINDOWS\system32;C:\WINDOWS;C:\WINDOWS\System32\Wbem;C:\WINDOWS\System32\WindowsPowerShell\v1.0\;C:\WINDOWS\System32\OpenSSH\;C:\Users\Lenovo\AppData\Local\Android\Sdk\platform-tools;C:\Users\Lenovo\AppData\Local\Programs\Python\Python36-32;C:\Program Files\MATLAB\R2022a\bin;C:\Program Files\nodejs\;C:\Program Files\Git\cmd;C:\Users\Lenovo\AppData\Local\Microsoft\WindowsApps;C:\Users\Lenovo\AppData\Local\Programs\Microsoft VS Code\bin;C:\Users\Lenovo\AppData\Local\GitHubDesktop\bin;E:\Program Files\JetBrains\PyCharm 2021.3.2\bin;;C:\Users\Lenovo\AppData\Local\Android\Sdk\platform-tools;C:\Users\Lenovo\AppData\Roaming\npm;C:\Program Files (x86)\Nmap;D:\Data\Anushka Kamal\Contacts\IntelliJ IDEA 2026.1\bin
USERNAME=Lenovo
OS=Windows_NT
PROCESSOR_IDENTIFIER=Intel64 Family 6 Model 140 Stepping 1, GenuineIntel
TMP=C:\Users\Lenovo\AppData\Local\Temp
TEMP=C:\Users\Lenovo\AppData\Local\Temp




Periodic native trim disabled

JNI global refs:
JNI global refs: 30, weak refs: 2

JNI global refs memory usage: 835, weak refs: 833

Process memory usage:
Resident Set Size: 473716K (2% of 16499128K total physical memory with 3041744K free physical memory)

OOME stack traces (most recent first):
Classloader memory used:
Loader org.gradle.internal.classloader.VisitableURLClassLoader                         : 81625K
Loader bootstrap                                                                       : 22530K
Loader org.gradle.initialization.MixInLegacyTypesClassLoader                           : 6690K
Loader org.gradle.internal.classloader.VisitableURLClassLoader                         : 752K
Loader org.gradle.internal.classloader.VisitableURLClassLoader$InstrumentingVisitableURLClassLoader: 587K
Loader jdk.internal.jrtfs.JrtFileSystemProvider$JrtFsLoader                            : 331K
Loader jdk.internal.loader.ClassLoaders$PlatformClassLoader                            : 200K
Loader jdk.internal.reflect.DelegatingClassLoader                                      : 192K
Loader jdk.internal.loader.ClassLoaders$AppClassLoader                                 : 189K
Loader org.gradle.groovy.scripts.internal.DefaultScriptCompilationHandler$ScriptClassLoader: 92496B

Classes loaded by more than one classloader:
Class org.gradle.internal.IoActions                                                   : loaded 3 times (x 71B)
Class org.gradle.api.Action                                                           : loaded 3 times (x 70B)
Class org.gradle.api.GradleException                                                  : loaded 3 times (x 82B)
Class org.gradle.internal.classloader.ClassLoaderHierarchy                            : loaded 2 times (x 70B)
Class jdk.internal.jimage.decompressor.StringSharingDecompressorFactory               : loaded 2 times (x 74B)
Class com.google.common.collect.UnmodifiableListIterator                              : loaded 2 times (x 95B)
Class org.gradle.internal.operations.MultipleBuildOperationFailures                   : loaded 2 times (x 95B)
Class org.gradle.internal.classloader.DefaultClassLoaderFactory                       : loaded 2 times (x 82B)
Class kotlin.collections.AbstractList$Companion                                       : loaded 2 times (x 71B)
Class org.gradle.api.internal.DefaultClassPathProvider                                : loaded 2 times (x 76B)
Class [Lorg.gradle.api.internal.ClassPathProvider;                                    : loaded 2 times (x 69B)
Class org.gradle.api.internal.ClassPathProvider                                       : loaded 2 times (x 70B)
Class org.gradle.internal.service.UnknownServiceException                             : loaded 2 times (x 83B)
Class org.gradle.internal.classpath.TransformedClassPath                              : loaded 2 times (x 96B)
Class org.gradle.internal.classloader.InstrumentingClassLoader                        : loaded 2 times (x 70B)
Class com.google.common.collect.Iterators$ArrayItr                                    : loaded 2 times (x 97B)
Class kotlin.enums.EnumEntriesList                                                    : loaded 2 times (x 223B)
Class com.google.common.collect.UnmodifiableIterator                                  : loaded 2 times (x 80B)
Class org.gradle.internal.service.ServiceLocator                                      : loaded 2 times (x 70B)
Class jdk.internal.jrtfs.JrtFileSystemProvider                                        : loaded 2 times (x 101B)
Class com.google.common.collect.Iterators$SingletonIterator                           : loaded 2 times (x 81B)
Class com.google.common.collect.Iterators                                             : loaded 2 times (x 71B)
Class jdk.internal.jimage.ImageLocation                                               : loaded 2 times (x 90B)
Class com.google.common.collect.Lists$StringAsImmutableList                           : loaded 2 times (x 207B)
Class sync_studio_tooling2_di5w7iiz561ypfldt7raf2fou                                  : loaded 2 times (x 171B)
Class jdk.internal.jimage.ImageBufferCache$1                                          : loaded 2 times (x 83B)
Class org.gradle.internal.time.DefaultTimer                                           : loaded 2 times (x 80B)
Class jdk.internal.jimage.ImageBufferCache$2                                          : loaded 2 times (x 91B)
Class org.gradle.api.internal.classpath.DefaultModuleRegistry$DefaultModule           : loaded 2 times (x 82B)
Class com.google.common.collect.AbstractIterator                                      : loaded 2 times (x 82B)
Class com.google.common.collect.AbstractIndexedListIterator                           : loaded 2 times (x 96B)
Class org.gradle.internal.time.DefaultCountdownTimer                                  : loaded 2 times (x 88B)
Class org.gradle.api.internal.classpath.Module                                        : loaded 2 times (x 70B)
Class org.gradle.api.internal.classpath.UnknownModuleException                        : loaded 2 times (x 82B)
Class jdk.internal.jimage.ImageHeader                                                 : loaded 2 times (x 71B)
Class ijInit2_1arbuanx2ljt36i3dawmbi218$_run_closure1                                 : loaded 2 times (x 140B)
Class org.gradle.api.internal.DefaultClassPathRegistry                                : loaded 2 times (x 76B)
Class ijInit2_1arbuanx2ljt36i3dawmbi218                                               : loaded 2 times (x 171B)
Class org.gradle.internal.classpath.DefaultClassPath$ImmutableUniqueList              : loaded 2 times (x 199B)
Class org.gradle.api.internal.ClassPathRegistry                                       : loaded 2 times (x 70B)
Class jdk.internal.jimage.decompressor.ResourceDecompressor                           : loaded 2 times (x 70B)
Class org.gradle.internal.classpath.ClassPath                                         : loaded 2 times (x 70B)
Class org.gradle.api.internal.classpath.DefaultModuleRegistry$DefaultModuleAlias      : loaded 2 times (x 80B)
Class jdk.internal.jimage.ImageStringsReader                                          : loaded 2 times (x 80B)
Class com.google.common.collect.Iterators$1                                           : loaded 2 times (x 81B)
Class org.gradle.tooling.model.Model                                                  : loaded 2 times (x 70B)
Class jdk.internal.jimage.BasicImageReader                                            : loaded 2 times (x 95B)
Class jdk.internal.jimage.ImageReader                                                 : loaded 2 times (x 75B)
Class jdk.internal.jimage.ImageReader$SharedImageReader                               : loaded 2 times (x 95B)
Class com.google.common.collect.Iterators$4                                           : loaded 2 times (x 82B)
Class org.gradle.api.internal.classpath.ModuleRegistry                                : loaded 2 times (x 70B)
Class org.gradle.internal.installation.GradleInstallation$1                           : loaded 2 times (x 75B)
Class jdk.internal.jimage.decompressor.ResourceDecompressorFactory                    : loaded 2 times (x 74B)
Class com.google.common.collect.Iterators$5                                           : loaded 2 times (x 82B)
Class jdk.internal.jimage.ImageReader$Node                                            : loaded 2 times (x 84B)
Class com.google.common.collect.ImmutableCollection                                   : loaded 2 times (x 125B)
Class org.gradle.api.internal.classpath.DefaultModuleRegistry                         : loaded 2 times (x 84B)
Class jdk.internal.jimage.BasicImageReader$1                                          : loaded 2 times (x 77B)
Class com.google.common.collect.Lists                                                 : loaded 2 times (x 71B)
Class com.google.common.collect.Iterators$9                                           : loaded 2 times (x 81B)
Class jdk.internal.jimage.decompressor.Decompressor                                   : loaded 2 times (x 72B)
Class org.gradle.internal.time.MonotonicClock                                         : loaded 2 times (x 77B)
Class org.gradle.internal.service.ServiceLookupException                              : loaded 2 times (x 82B)
Class org.gradle.internal.classloader.ClassLoaderFactory                              : loaded 2 times (x 70B)
Class org.gradle.internal.service.CachingServiceLocator                               : loaded 2 times (x 82B)
Class org.gradle.internal.time.TimeSource                                             : loaded 2 times (x 70B)
Class kotlin.enums.EnumEntries                                                        : loaded 2 times (x 70B)
Class org.gradle.internal.exceptions.ResolutionProvider                               : loaded 2 times (x 70B)
Class jdk.internal.jimage.ImageBufferCache                                            : loaded 2 times (x 71B)
Class jdk.internal.jrtfs.JrtPath                                                      : loaded 2 times (x 118B)
Class org.gradle.internal.classloader.ClasspathUtil                                   : loaded 2 times (x 71B)
Class org.gradle.internal.time.TimeSource$1                                           : loaded 2 times (x 77B)
Class kotlin.jvm.internal.DefaultConstructorMarker                                    : loaded 2 times (x 71B)
Class org.gradle.api.specs.Spec                                                       : loaded 2 times (x 70B)
Class jdk.internal.jimage.decompressor.ResourceDecompressorRepository                 : loaded 2 times (x 71B)
Class org.gradle.internal.time.Clock                                                  : loaded 2 times (x 70B)
Class jdk.internal.jimage.ImageReader$Directory                                       : loaded 2 times (x 84B)
Class kotlin.collections.AbstractList                                                 : loaded 2 times (x 197B)
Class kotlin.collections.AbstractCollection                                           : loaded 2 times (x 117B)
Class org.gradle.internal.classloader.VisitableURLClassLoader$InstrumentingVisitableURLClassLoader: loaded 2 times (x 123B)
Class org.gradle.internal.classloader.VisitableURLClassLoader$Spec                    : loaded 2 times (x 74B)
Class org.gradle.internal.classpath.DefaultClassPath                                  : loaded 2 times (x 90B)
Class jdk.internal.jimage.decompressor.ZipDecompressorFactory                         : loaded 2 times (x 74B)
Class org.gradle.util.internal.DefaultGradleVersion                                   : loaded 2 times (x 82B)
Class org.gradle.internal.classloader.ClassLoaderSpec                                 : loaded 2 times (x 71B)
Class org.gradle.api.internal.classpath.Module$ModuleAlias                            : loaded 2 times (x 70B)
Class org.gradle.internal.classloader.VisitableURLClassLoader                         : loaded 2 times (x 117B)
Class org.gradle.internal.classloader.FilteringClassLoader                            : loaded 2 times (x 105B)
Class org.gradle.internal.Cast                                                        : loaded 2 times (x 71B)
Class jdk.internal.jimage.decompressor.ZipDecompressor                                : loaded 2 times (x 75B)
Class org.gradle.internal.classpath.DefaultClassPath$ImmutableUniqueList$Builder      : loaded 2 times (x 75B)
Class kotlin.UninitializedPropertyAccessException                                     : loaded 2 times (x 82B)
Class org.gradle.internal.exceptions.NonGradleCauseExceptionsHolder                   : loaded 2 times (x 70B)
Class jdk.internal.jimage.ImageStrings                                                : loaded 2 times (x 70B)
Class kotlin.NotImplementedError                                                      : loaded 2 times (x 82B)
Class kotlin.enums.EnumEntriesKt                                                      : loaded 2 times (x 71B)
Class org.gradle.internal.exceptions.MultiCauseException                              : loaded 2 times (x 70B)
Class org.gradle.internal.time.CountdownTimer                                         : loaded 2 times (x 70B)
Class kotlin.jvm.internal.Intrinsics                                                  : loaded 2 times (x 71B)
Class jdk.internal.jrtfs.JrtFileSystem                                                : loaded 2 times (x 102B)
Class org.gradle.tooling.model.ProjectModel                                           : loaded 2 times (x 70B)
Class jdk.internal.jimage.decompressor.CompressedResourceHeader                       : loaded 2 times (x 71B)
Class kotlin.KotlinNullPointerException                                               : loaded 2 times (x 83B)
Class org.gradle.internal.exceptions.DefaultMultiCauseException                       : loaded 2 times (x 95B)
Class com.google.common.base.Preconditions                                            : loaded 2 times (x 71B)
Class com.google.common.collect.PeekingIterator                                       : loaded 2 times (x 70B)
Class org.gradle.internal.time.Time                                                   : loaded 2 times (x 71B)
Class kotlin.NoWhenBranchMatchedException                                             : loaded 2 times (x 82B)
Class sync_studio_tooling2_di5w7iiz561ypfldt7raf2fou$_run_closure1                    : loaded 2 times (x 139B)
Class org.gradle.internal.time.Timer                                                  : loaded 2 times (x 70B)
Class kotlin.jvm.internal.markers.KMappedMarker                                       : loaded 2 times (x 70B)
Class org.gradle.internal.installation.CurrentGradleInstallationLocator               : loaded 2 times (x 71B)
Class com.google.common.collect.ImmutableList                                         : loaded 2 times (x 206B)
Class org.gradle.internal.service.DefaultServiceLocator                               : loaded 2 times (x 83B)
Class org.gradle.util.GradleVersion                                                   : loaded 2 times (x 81B)
Class org.gradle.internal.installation.CurrentGradleInstallation                      : loaded 2 times (x 73B)
Class org.gradle.util.internal.GUtil                                                  : loaded 2 times (x 71B)
Class com.google.common.collect.Iterators$MergingIterator                             : loaded 2 times (x 81B)
Class org.gradle.internal.installation.GradleInstallation                             : loaded 2 times (x 75B)
Class jdk.internal.jimage.decompressor.ResourceDecompressor$StringsProvider           : loaded 2 times (x 70B)

---------------  S Y S T E M  ---------------

OS:
 Windows 11 , 64 bit Build 26100 (10.0.26100.8521)
OS uptime: 0 days 2:09 hours
Hyper-V role detected

CPU: total 8 (initial active 8) (4 cores per cpu, 2 threads per core) family 6 model 140 stepping 1 microcode 0xbe, cx8, cmov, fxsr, ht, mmx, 3dnowpref, sse, sse2, sse3, ssse3, sse4.1, sse4.2, popcnt, lzcnt, tsc, tscinvbit, avx, avx2, aes, erms, clmul, bmi1, bmi2, adx, avx512f, avx512dq, avx512cd, avx512bw, avx512vl, sha, fma, vzeroupper, avx512_vpopcntdq, avx512_vpclmulqdq, avx512_vaes, avx512_vnni, clflush, clflushopt, clwb, avx512_vbmi2, avx512_vbmi, hv, rdtscp, rdpid, fsrm, gfni, avx512_bitalg, f16c, cet_ibt, cet_ss, avx512_ifma
Processor Information for the first 8 processors :
  Max Mhz: 2995, Current Mhz: 2995, Mhz Limit: 2995

Memory: 4k page, system-wide physical 16112M (2988M free)
TotalPageFile size 16112M (AvailPageFile size 44M)
current process WorkingSet (physical memory assigned to process): 462M, peak: 468M
current process commit charge ("private bytes"): 495M, peak: 530M

vm_info: OpenJDK 64-Bit Server VM (21.0.10+-14961533-b1163.108) for windows-amd64 JRE (21.0.10+-14961533-b1163.108), built on 2026-03-02T19:58:50Z by "builder" with MS VC++ 16.10 / 16.11 (VS2019)

END.
