#
# There is insufficient memory for the Java Runtime Environment to continue.
# Native memory allocation (mmap) failed to map 264241152 bytes. Error detail: G1 virtual space
# Possible reasons:
#   The system is out of physical RAM or swap space
#   This process is running with CompressedOops enabled, and the Java Heap may be blocking the growth of the native heap
# Possible solutions:
#   Reduce memory load on the system
#   Increase physical memory or swap space
#   Check if swap backing store is full
#   Decrease Java heap size (-Xmx/-Xms)
#   Decrease number of Java threads
#   Decrease Java thread stack sizes (-Xss)
#   Set larger code cache with -XX:ReservedCodeCacheSize=
#   JVM is running with Zero Based Compressed Oops mode in which the Java heap is
#     placed in the first 32GB address space. The Java Heap base address is the
#     maximum limit for the native heap growth. Please use -XX:HeapBaseMinAddress
#     to set the Java Heap base and to place the Java Heap above 32GB virtual address.
# This output file may be truncated or incomplete.
#
#  Out of Memory Error (os_windows.cpp:3926), pid=27016, tid=27532
#
# JRE version:  (21.0.10) (build )
# Java VM: OpenJDK 64-Bit Server VM (21.0.10+-14961533-b1163.108, mixed mode, sharing, tiered, compressed oops, compressed class ptrs, g1 gc, windows-amd64)
# No core dump will be written. Minidumps are not enabled by default on client versions of Windows
#

---------------  S U M M A R Y ------------

Command Line: git4idea.http.GitAskPassApp Username for 'https://github.com': 

Host: 11th Gen Intel(R) Core(TM) i7-1185G7 @ 3.00GHz, 8 cores, 15G,  Windows 11 , 64 bit Build 26100 (10.0.26100.8521)
Time: Thu Jun  4 19:48:20 2026 W. Australia Standard Time elapsed time: 1.059588 seconds (0d 0h 0m 1s)

---------------  T H R E A D  ---------------

Current thread (0x000002a685c82410):  JavaThread "Unknown thread" [_thread_in_vm, id=27532, stack(0x000000cffdf00000,0x000000cffe000000) (1024K)]

Stack: [0x000000cffdf00000,0x000000cffe000000]
Native frames: (J=compiled Java code, j=interpreted, Vv=VM code, C=native code)
V  [jvm.dll+0x6d78a9]
V  [jvm.dll+0x8665b3]
V  [jvm.dll+0x868bde]
V  [jvm.dll+0x8692c3]
V  [jvm.dll+0x280ee6]
V  [jvm.dll+0x6d4165]
V  [jvm.dll+0x6c77fa]
V  [jvm.dll+0x358f4b]
V  [jvm.dll+0x360bc6]
V  [jvm.dll+0x3b2ea6]
V  [jvm.dll+0x3b3178]
V  [jvm.dll+0x32b65c]
V  [jvm.dll+0x32c34b]
V  [jvm.dll+0x82f449]
V  [jvm.dll+0x3c0078]
V  [jvm.dll+0x8185e8]
V  [jvm.dll+0x45449e]
V  [jvm.dll+0x455c01]
C  [jli.dll+0x52ab]
C  [ucrtbase.dll+0x2cd30]
C  [KERNEL32.DLL+0x2e957]
C  [ntdll.dll+0x87c1c]


---------------  P R O C E S S  ---------------

Threads class SMR info:
_java_thread_list=0x00007ffa6be4b9c8, length=0, elements={
}

Java Threads: ( => current thread )
Total: 0

Other Threads:
  0x000002a68820fa30 WorkerThread "GC Thread#0"                     [id=8188, stack(0x000000cffe000000,0x000000cffe100000) (1024K)]
  0x000002a688221430 ConcurrentGCThread "G1 Main Marker"            [id=2676, stack(0x000000cffe100000,0x000000cffe200000) (1024K)]
  0x000002a688221f40 WorkerThread "G1 Conc#0"                       [id=12200, stack(0x000000cffe200000,0x000000cffe300000) (1024K)]

[error occurred during error reporting (printing all threads), id 0xc0000005, EXCEPTION_ACCESS_VIOLATION (0xc0000005) at pc=0x00007ffa6b63e637]
VM state: not at safepoint (not fully initialized)

VM Mutex/Monitor currently owned by a thread:  ([mutex/lock_event])
[0x00007ffa6beb87d0] Heap_lock - owner thread: 0x000002a685c82410

Heap address: 0x0000000704200000, size: 4030 MB, Compressed Oops mode: Zero based, Oop shift amount: 3

CDS archive(s) mapped at: [0x0000000000000000-0x0000000000000000-0x0000000000000000), size 0, SharedBaseAddress: 0x0000000800000000, ArchiveRelocationMode: 1.
Narrow klass base: 0x0000000000000000, Narrow klass shift: 0, Narrow klass range: 0x0

GC Precious Log:
 CardTable entry size: 512
 Card Set container configuration: InlinePtr #cards 4 size 8 Array Of Cards #cards 16 size 48 Howl #buckets 8 coarsen threshold 3686 Howl Bitmap #cards 512 size 80 coarsen threshold 460 Card regions per heap region 1 cards per card region 4096

Heap:
 garbage-first heap   total 0K, used 0K [0x0000000704200000, 0x0000000800000000)
  region size 2048K, 0 young (0K), 0 survivors (0K)
 Metaspace       used 0K, committed 0K, reserved 0K
  class space    used 0K, committed 0K, reserved 0K

Heap Regions: E=young(eden), S=young(survivor), O=old, HS=humongous(starts), HC=humongous(continues), CS=collection set, F=free, TAMS=top-at-mark-start, PB=parsable bottom

Card table byte_map: [0x000002a69ae20000,0x000002a69b600000] _byte_map_base: 0x000002a6975ff000

Marking Bits: (CMBitMap*) 0x000002a688210140
 Bits: [0x000002a69b600000, 0x000002a69f4f8000)

GC Heap History (0 events):
No events

Dll operation events (1 events):
Event: 0.020 Loaded shared library C:\Program Files\Android\Android Studio\jbr\bin\java.dll

Deoptimization events (0 events):
No events

Classes loaded (0 events):
No events

Classes unloaded (0 events):
No events

Classes redefined (0 events):
No events

Internal exceptions (0 events):
No events

ZGC Phase Switch (0 events):
No events

VM Operations (0 events):
No events

Memory protections (0 events):
No events

Nmethod flushes (0 events):
No events

Events (0 events):
No events


Dynamic libraries:
0x00007ff61d140000 - 0x00007ff61d14a000 	C:\Program Files\Android\Android Studio\jbr\bin\java.exe
0x00007ffb2d220000 - 0x00007ffb2d486000 	C:\WINDOWS\SYSTEM32\ntdll.dll
0x00007ffb2bd30000 - 0x00007ffb2bdf9000 	C:\WINDOWS\System32\KERNEL32.DLL
0x00007ffb2a660000 - 0x00007ffb2aa5a000 	C:\WINDOWS\System32\KERNELBASE.dll
0x00007ffb2ae40000 - 0x00007ffb2af8c000 	C:\WINDOWS\System32\ucrtbase.dll
0x00007ffb05c00000 - 0x00007ffb05c18000 	C:\Program Files\Android\Android Studio\jbr\bin\jli.dll
0x00007ffb24970000 - 0x00007ffb2498b000 	C:\Program Files\Android\Android Studio\jbr\bin\VCRUNTIME140.dll
0x00007ffb2bb60000 - 0x00007ffb2bd27000 	C:\WINDOWS\System32\USER32.dll
0x00007ffb2a630000 - 0x00007ffb2a657000 	C:\WINDOWS\System32\win32u.dll
0x00007ffb07d70000 - 0x00007ffb08002000 	C:\WINDOWS\WinSxS\amd64_microsoft.windows.common-controls_6595b64144ccf1df_6.0.26100.8521_none_3e08b75ce33403b3\COMCTL32.dll
0x00007ffb2ba70000 - 0x00007ffb2ba9b000 	C:\WINDOWS\System32\GDI32.dll
0x00007ffb2b9c0000 - 0x00007ffb2ba69000 	C:\WINDOWS\System32\msvcrt.dll
0x00007ffb2abd0000 - 0x00007ffb2acfb000 	C:\WINDOWS\System32\gdi32full.dll
0x00007ffb2ab20000 - 0x00007ffb2abc3000 	C:\WINDOWS\System32\msvcp_win.dll
0x00007ffb2c200000 - 0x00007ffb2c232000 	C:\WINDOWS\System32\IMM32.DLL
0x00007ffb24910000 - 0x00007ffb2491c000 	C:\Program Files\Android\Android Studio\jbr\bin\vcruntime140_1.dll
0x00007ffaf1c30000 - 0x00007ffaf1cbd000 	C:\Program Files\Android\Android Studio\jbr\bin\msvcp140.dll
0x00007ffa6b300000 - 0x00007ffa6bf96000 	C:\Program Files\Android\Android Studio\jbr\bin\server\jvm.dll
0x00007ffb2baa0000 - 0x00007ffb2bb56000 	C:\WINDOWS\System32\ADVAPI32.dll
0x00007ffb2c150000 - 0x00007ffb2c1fa000 	C:\WINDOWS\System32\sechost.dll
0x00007ffb2b8a0000 - 0x00007ffb2b9b8000 	C:\WINDOWS\System32\RPCRT4.dll
0x00007ffb2b1d0000 - 0x00007ffb2b250000 	C:\WINDOWS\System32\WS2_32.dll
0x00007ffb2a330000 - 0x00007ffb2a38e000 	C:\WINDOWS\SYSTEM32\POWRPROF.dll
0x00007ffb21470000 - 0x00007ffb214a6000 	C:\WINDOWS\SYSTEM32\WINMM.dll
0x00007ffb27ae0000 - 0x00007ffb27aeb000 	C:\WINDOWS\SYSTEM32\VERSION.dll
0x00007ffb2a310000 - 0x00007ffb2a324000 	C:\WINDOWS\SYSTEM32\UMPDC.dll
0x00007ffb29220000 - 0x00007ffb2923b000 	C:\WINDOWS\SYSTEM32\kernel.appcore.dll
0x00007ffb24900000 - 0x00007ffb2490a000 	C:\Program Files\Android\Android Studio\jbr\bin\jimage.dll
0x00007ffb276c0000 - 0x00007ffb27902000 	C:\WINDOWS\SYSTEM32\DBGHELP.DLL
0x00007ffb2c240000 - 0x00007ffb2c5c3000 	C:\WINDOWS\System32\combase.dll
0x00007ffb2b7c0000 - 0x00007ffb2b899000 	C:\WINDOWS\System32\OLEAUT32.dll
0x00007ffaf89e0000 - 0x00007ffaf8a1b000 	C:\WINDOWS\SYSTEM32\dbgcore.DLL
0x00007ffb2ad00000 - 0x00007ffb2ada8000 	C:\WINDOWS\System32\bcryptPrimitives.dll
0x00007ffb1b390000 - 0x00007ffb1b3b0000 	C:\Program Files\Android\Android Studio\jbr\bin\java.dll

JVMTI agents: none

dbghelp: loaded successfully - version: 4.0.5 - missing functions: none
symbol engine: initialized successfully - sym options: 0x614 - pdb path: .;C:\Program Files\Android\Android Studio\jbr\bin;C:\WINDOWS\SYSTEM32;C:\WINDOWS\WinSxS\amd64_microsoft.windows.common-controls_6595b64144ccf1df_6.0.26100.8521_none_3e08b75ce33403b3;C:\Program Files\Android\Android Studio\jbr\bin\server

VM Arguments:
java_command: git4idea.http.GitAskPassApp Username for 'https://github.com': 
java_class_path (initial): C:/Program Files/Android/Android Studio/plugins/vcs-git/lib/git4idea-rt.jar;C:/Program Files/Android/Android Studio/lib/externalProcess-rt.jar
Launcher Type: SUN_STANDARD

[Global flags]
     intx CICompilerCount                          = 4                                         {product} {ergonomic}
     uint ConcGCThreads                            = 2                                         {product} {ergonomic}
     uint G1ConcRefinementThreads                  = 8                                         {product} {ergonomic}
   size_t G1HeapRegionSize                         = 2097152                                   {product} {ergonomic}
    uintx GCDrainStackTargetSize                   = 64                                        {product} {ergonomic}
   size_t InitialHeapSize                          = 264241152                                 {product} {ergonomic}
   size_t MarkStackSize                            = 4194304                                   {product} {ergonomic}
   size_t MaxHeapSize                              = 4225761280                                {product} {ergonomic}
   size_t MinHeapDeltaBytes                        = 2097152                                   {product} {ergonomic}
   size_t MinHeapSize                              = 8388608                                   {product} {ergonomic}
    uintx NonNMethodCodeHeapSize                   = 5839372                                {pd product} {ergonomic}
    uintx NonProfiledCodeHeapSize                  = 122909434                              {pd product} {ergonomic}
    uintx ProfiledCodeHeapSize                     = 122909434                              {pd product} {ergonomic}
    uintx ReservedCodeCacheSize                    = 251658240                              {pd product} {ergonomic}
     bool SegmentedCodeCache                       = true                                      {product} {ergonomic}
   size_t SoftMaxHeapSize                          = 4225761280                             {manageable} {ergonomic}
     bool UseCompressedOops                        = true                           {product lp64_product} {ergonomic}
     bool UseG1GC                                  = true                                      {product} {ergonomic}
     bool UseLargePagesIndividualAllocation        = false                                  {pd product} {ergonomic}

Logging:
Log output configuration:
 #0: stdout all=warning uptime,level,tags foldmultilines=false
 #1: stderr all=off uptime,level,tags foldmultilines=false

Release file:
<release file has not been read>
Environment Variables:
PATH=C:\Program Files\Git\mingw64\libexec\git-core;C:\Program Files\Git\mingw64\libexec\git-core;C:\Program Files\Git\mingw64\bin;C:\Program Files\Git\usr\bin;C:\Users\Lenovo\bin;C:\Program Files\Common Files\Oracle\Java\javapath;C:\Windows\system32;C:\Windows;C:\Windows\System32\Wbem;C:\Windows\System32\WindowsPowerShell\v1.0;C:\Windows\System32\OpenSSH;C:\Program Files (x86)\NVIDIA Corporation\PhysX\Common;C:\Program Files\NVIDIA Corporation\NVIDIA NvDLISR;C:\WINDOWS\system32;C:\WINDOWS;C:\WINDOWS\System32\Wbem;C:\WINDOWS\System32\WindowsPowerShell\v1.0;C:\WINDOWS\System32\OpenSSH;C:\Users\Lenovo\AppData\Local\Android\Sdk\platform-tools;C:\Users\Lenovo\AppData\Local\Programs\Python\Python36-32;C:\Program Files\MATLAB\R2022a\bin;C:\Program Files\nodejs;C:\Program Files\Git\cmd;C:\Users\Lenovo\AppData\Local\Microsoft\WindowsApps;C:\Users\Lenovo\AppData\Local\Programs\Microsoft VS Code\bin;C:\Users\Lenovo\AppData\Local\GitHubDesktop\bin;E:\Program Files\JetBrains\PyCharm 2021.3.2\bin;C:\Users\Lenovo\AppData\Local\Android\Sdk\platform-tools;C:\Users\Lenovo\AppData\Roaming\npm;C:\Program Files (x86)\Nmap;D:\Data\Anushka Kamal\Contacts\IntelliJ IDEA 2026.1\bin
USERNAME=Lenovo
DISPLAY=:0.0
LC_ALL=en_US.UTF-8
TERM=xterm-256color
TMPDIR=C:\Users\Lenovo\AppData\Local\Temp
OS=Windows_NT
PROCESSOR_IDENTIFIER=Intel64 Family 6 Model 140 Stepping 1, GenuineIntel
TMP=C:\Users\Lenovo\AppData\Local\Temp
TEMP=C:\Users\Lenovo\AppData\Local\Temp




Periodic native trim disabled

JNI global refs:
JNI global refs: 0, weak refs: 0

JNI global refs memory usage: 0, weak refs: 0

Process memory usage:
Resident Set Size: 13152K (0% of 16499128K total physical memory with 2673392K free physical memory)

OOME stack traces (most recent first):
Classloader memory used:

---------------  S Y S T E M  ---------------

OS:
 Windows 11 , 64 bit Build 26100 (10.0.26100.8521)
OS uptime: 3 days 19:59 hours
Hyper-V role detected

CPU: total 8 (initial active 8) (4 cores per cpu, 2 threads per core) family 6 model 140 stepping 1 microcode 0xbe, cx8, cmov, fxsr, ht, mmx, 3dnowpref, sse, sse2, sse3, ssse3, sse4.1, sse4.2, popcnt, lzcnt, tsc, tscinvbit, avx, avx2, aes, erms, clmul, bmi1, bmi2, adx, avx512f, avx512dq, avx512cd, avx512bw, avx512vl, sha, fma, vzeroupper, avx512_vpopcntdq, avx512_vpclmulqdq, avx512_vaes, avx512_vnni, clflush, clflushopt, clwb, avx512_vbmi2, avx512_vbmi, hv, rdtscp, rdpid, fsrm, gfni, avx512_bitalg, f16c, cet_ibt, cet_ss, avx512_ifma
Processor Information for the first 8 processors :
  Max Mhz: 2995, Current Mhz: 2995, Mhz Limit: 2995

Memory: 4k page, system-wide physical 16112M (2610M free)
TotalPageFile size 16112M (AvailPageFile size 136M)
current process WorkingSet (physical memory assigned to process): 12M, peak: 12M
current process commit charge ("private bytes"): 60M, peak: 312M

vm_info: OpenJDK 64-Bit Server VM (21.0.10+-14961533-b1163.108) for windows-amd64 JRE (21.0.10+-14961533-b1163.108), built on 2026-03-02T19:58:50Z by "builder" with MS VC++ 16.10 / 16.11 (VS2019)

END.
