#
# There is insufficient memory for the Java Runtime Environment to continue.
# Native memory allocation (malloc) failed to allocate 975232 bytes. Error detail: Chunk::new
# Possible reasons:
#   The system is out of physical RAM or swap space
#   This process is running with CompressedOops enabled, and the Java Heap may be blocking the growth of the native heap
# Possible solutions:
#   Reduce memory load on the system
#   Increase physical memory or swap space
#   Check if swap backing store is full
#   Decrease Java heap size (-Xmx/-Xms)
#   Decrease number of Java threads
#   Decrease Java thread stack sizes (-Xss)
#   Set larger code cache with -XX:ReservedCodeCacheSize=
#   JVM is running with Unscaled Compressed Oops mode in which the Java heap is
#     placed in the first 4GB address space. The Java Heap base address is the
#     maximum limit for the native heap growth. Please use -XX:HeapBaseMinAddress
#     to set the Java Heap base and to place the Java Heap above 4GB virtual address.
# This output file may be truncated or incomplete.
#
#  Out of Memory Error (arena.cpp:168), pid=8724, tid=10264
#
# JRE version: OpenJDK Runtime Environment (21.0.10) (build 21.0.10+-14961533-b1163.108)
# Java VM: OpenJDK 64-Bit Server VM (21.0.10+-14961533-b1163.108, mixed mode, tiered, compressed oops, compressed class ptrs, g1 gc, windows-amd64)
# No core dump will be written. Minidumps are not enabled by default on client versions of Windows
#

---------------  S U M M A R Y ------------

Command Line: --add-opens=java.base/java.lang=ALL-UNNAMED --add-opens=java.base/java.lang.invoke=ALL-UNNAMED --add-opens=java.base/java.util=ALL-UNNAMED --add-opens=java.prefs/java.util.prefs=ALL-UNNAMED --add-exports=jdk.compiler/com.sun.tools.javac.api=ALL-UNNAMED --add-exports=jdk.compiler/com.sun.tools.javac.util=ALL-UNNAMED --add-opens=java.base/java.util=ALL-UNNAMED --add-opens=java.prefs/java.util.prefs=ALL-UNNAMED --add-opens=java.base/java.nio.charset=ALL-UNNAMED --add-opens=java.base/java.net=ALL-UNNAMED --add-opens=java.base/java.util.concurrent=ALL-UNNAMED --add-opens=java.base/java.util.concurrent.atomic=ALL-UNNAMED --add-opens=java.xml/javax.xml.namespace=ALL-UNNAMED --add-opens=java.base/java.time=ALL-UNNAMED -Xmx2048m -Dfile.encoding=UTF-8 -Duser.country=US -Duser.language=en -Duser.variant -javaagent:C:\Users\Lenovo\.gradle\wrapper\dists\gradle-9.4.1-bin\arn2x92ynaizyzdaamcbpbhtj\gradle-9.4.1\lib\agents\gradle-instrumentation-agent-9.4.1.jar org.gradle.launcher.daemon.bootstrap.GradleDaemon 9.4.1

Host: 11th Gen Intel(R) Core(TM) i7-1185G7 @ 3.00GHz, 8 cores, 15G,  Windows 11 , 64 bit Build 26100 (10.0.26100.8521)
Time: Sat May 30 18:33:53 2026 W. Australia Standard Time elapsed time: 12.088767 seconds (0d 0h 0m 12s)

---------------  T H R E A D  ---------------

Current thread (0x000001fe3809f6a0):  JavaThread "C2 CompilerThread2" daemon [_thread_in_native, id=10264, stack(0x0000004227c00000,0x0000004227d00000) (1024K)]


Current CompileTask:
C2:12088 10111       4       org.jetbrains.kotlin.protobuf.GeneratedMessageLite::parseUnknownField (518 bytes)

Stack: [0x0000004227c00000,0x0000004227d00000]
Native frames: (J=compiled Java code, j=interpreted, Vv=VM code, C=native code)
V  [jvm.dll+0x6d78a9]
V  [jvm.dll+0x8665b3]
V  [jvm.dll+0x868bde]
V  [jvm.dll+0x8692c3]
V  [jvm.dll+0x280ee6]
V  [jvm.dll+0xc07cd]
V  [jvm.dll+0xc0d03]
V  [jvm.dll+0x3ba0cb]
V  [jvm.dll+0x385df7]
V  [jvm.dll+0x38526a]
V  [jvm.dll+0x249bd2]
V  [jvm.dll+0x2491a1]
V  [jvm.dll+0x1c76e4]
V  [jvm.dll+0x25891e]
V  [jvm.dll+0x256e66]
V  [jvm.dll+0x3f513e]
V  [jvm.dll+0x80fd28]
V  [jvm.dll+0x6d60fd]
C  [ucrtbase.dll+0x2cd30]
C  [KERNEL32.DLL+0x2e957]
C  [ntdll.dll+0x87c1c]


---------------  P R O C E S S  ---------------

Threads class SMR info:
_java_thread_list=0x000001fe356de850, length=50, elements={
0x000001fe1440c8e0, 0x000001fe2bc00db0, 0x000001fe2bc1ad70, 0x000001fe2bc1b7d0,
0x000001fe2bc322c0, 0x000001fe2bc3add0, 0x000001fe2bc3f850, 0x000001fe2bc582d0,
0x000001fe2bc5a480, 0x000001fe2bc60430, 0x000001fe2c0d2930, 0x000001fe2c0d2fc0,
0x000001fe2c0d22a0, 0x000001fe2c0d1c10, 0x000001fe33451400, 0x000001fe3344e610,
0x000001fe3344f330, 0x000001fe33450050, 0x000001fe33452120, 0x000001fe3344eca0,
0x000001fe334527b0, 0x000001fe3344f9c0, 0x000001fe33452e40, 0x000001fe334534d0,
0x000001fe334541f0, 0x000001fe33454880, 0x000001fe33455c30, 0x000001fe33454f10,
0x000001fe34118300, 0x000001fe34119d40, 0x000001fe34119020, 0x000001fe341196b0,
0x000001fe341168c0, 0x000001fe34117c70, 0x000001fe341175e0, 0x000001fe3411a3d0,
0x000001fe34116f50, 0x000001fe3411aa60, 0x000001fe3411b0f0, 0x000001fe3411b780,
0x000001fe3411dee0, 0x000001fe3411cb30, 0x000001fe3411d1c0, 0x000001fe33c56970,
0x000001fe33c55c50, 0x000001fe33c57690, 0x000001fe33c57d20, 0x000001fe33c57000,
0x000001fe380a0b10, 0x000001fe3809f6a0
}

Java Threads: ( => current thread )
  0x000001fe1440c8e0 JavaThread "main"                              [_thread_blocked, id=10152, stack(0x0000004226900000,0x0000004226a00000) (1024K)]
  0x000001fe2bc00db0 JavaThread "Common-Cleaner"             daemon [_thread_blocked, id=20064, stack(0x0000004227100000,0x0000004227200000) (1024K)]
  0x000001fe2bc1ad70 JavaThread "Reference Handler"          daemon [_thread_blocked, id=11652, stack(0x0000004227200000,0x0000004227300000) (1024K)]
  0x000001fe2bc1b7d0 JavaThread "Finalizer"                  daemon [_thread_blocked, id=7844, stack(0x0000004227300000,0x0000004227400000) (1024K)]
  0x000001fe2bc322c0 JavaThread "Signal Dispatcher"          daemon [_thread_blocked, id=10772, stack(0x0000004227400000,0x0000004227500000) (1024K)]
  0x000001fe2bc3add0 JavaThread "Attach Listener"            daemon [_thread_blocked, id=18688, stack(0x0000004227500000,0x0000004227600000) (1024K)]
  0x000001fe2bc3f850 JavaThread "Service Thread"             daemon [_thread_blocked, id=9132, stack(0x0000004227600000,0x0000004227700000) (1024K)]
  0x000001fe2bc582d0 JavaThread "Monitor Deflation Thread"   daemon [_thread_blocked, id=20176, stack(0x0000004227700000,0x0000004227800000) (1024K)]
  0x000001fe2bc5a480 JavaThread "C2 CompilerThread0"         daemon [_thread_in_native, id=11316, stack(0x0000004227800000,0x0000004227900000) (1024K)]
  0x000001fe2bc60430 JavaThread "C1 CompilerThread0"         daemon [_thread_in_vm, id=2636, stack(0x0000004227900000,0x0000004227a00000) (1024K)]
  0x000001fe2c0d2930 JavaThread "Notification Thread"        daemon [_thread_blocked, id=8032, stack(0x0000004227a00000,0x0000004227b00000) (1024K)]
  0x000001fe2c0d2fc0 JavaThread "Daemon health stats"               [_thread_blocked, id=20652, stack(0x0000004228200000,0x0000004228300000) (1024K)]
  0x000001fe2c0d22a0 JavaThread "Incoming local TCP Connector on port 53532"        [_thread_in_native, id=10040, stack(0x0000004228300000,0x0000004228400000) (1024K)]
  0x000001fe2c0d1c10 JavaThread "Daemon periodic checks"            [_thread_in_vm, id=3836, stack(0x0000004228400000,0x0000004228500000) (1024K)]
  0x000001fe33451400 JavaThread "Daemon"                            [_thread_blocked, id=18084, stack(0x0000004228500000,0x0000004228600000) (1024K)]
  0x000001fe3344e610 JavaThread "Handler for socket connection from /127.0.0.1:53532 to /127.0.0.1:53533"        [_thread_in_native, id=14976, stack(0x0000004228600000,0x0000004228700000) (1024K)]
  0x000001fe3344f330 JavaThread "Cancel handler"                    [_thread_blocked, id=3356, stack(0x0000004228a00000,0x0000004228b00000) (1024K)]
  0x000001fe33450050 JavaThread "Daemon worker"                     [_thread_in_Java, id=15152, stack(0x0000004228b00000,0x0000004228c00000) (1024K)]
  0x000001fe33452120 JavaThread "Asynchronous log dispatcher for DefaultDaemonConnection: socket connection from /127.0.0.1:53532 to /127.0.0.1:53533"        [_thread_blocked, id=8444, stack(0x0000004228c00000,0x0000004228d00000) (1024K)]
  0x000001fe3344eca0 JavaThread "Stdin handler"                     [_thread_blocked, id=14480, stack(0x0000004228d00000,0x0000004228e00000) (1024K)]
  0x000001fe334527b0 JavaThread "Daemon client event forwarder"        [_thread_blocked, id=7044, stack(0x0000004228e00000,0x0000004228f00000) (1024K)]
  0x000001fe3344f9c0 JavaThread "Cache worker for journal cache (C:\Users\Lenovo\.gradle\caches\journal-1)"        [_thread_blocked, id=9408, stack(0x0000004228f00000,0x0000004229000000) (1024K)]
  0x000001fe33452e40 JavaThread "File lock request listener"        [_thread_in_native, id=6124, stack(0x0000004229000000,0x0000004229100000) (1024K)]
  0x000001fe334534d0 JavaThread "Cache worker for file hash cache (C:\Users\Lenovo\.gradle\caches\9.4.1\fileHashes)"        [_thread_blocked, id=6848, stack(0x0000004229100000,0x0000004229200000) (1024K)]
  0x000001fe334541f0 JavaThread "Cache worker for file hash cache (C:\Users\Lenovo\AndroidStudioProjects\FinTrack\.gradle\9.4.1\fileHashes)"        [_thread_blocked, id=16508, stack(0x0000004229200000,0x0000004229300000) (1024K)]
  0x000001fe33454880 JavaThread "Cache worker for Build Output Cleanup Cache (C:\Users\Lenovo\AndroidStudioProjects\FinTrack\.gradle\buildOutputCleanup)"        [_thread_blocked, id=17916, stack(0x0000004229300000,0x0000004229400000) (1024K)]
  0x000001fe33455c30 JavaThread "File watcher server"        daemon [_thread_in_native, id=15264, stack(0x0000004229400000,0x0000004229500000) (1024K)]
  0x000001fe33454f10 JavaThread "File watcher consumer"      daemon [_thread_blocked, id=16504, stack(0x0000004229500000,0x0000004229600000) (1024K)]
  0x000001fe34118300 JavaThread "jar transforms"                    [_thread_blocked, id=5444, stack(0x0000004229600000,0x0000004229700000) (1024K)]
  0x000001fe34119d40 JavaThread "jar transforms Thread 2"           [_thread_blocked, id=9020, stack(0x0000004229700000,0x0000004229800000) (1024K)]
  0x000001fe34119020 JavaThread "jar transforms Thread 3"           [_thread_blocked, id=18500, stack(0x0000004229800000,0x0000004229900000) (1024K)]
  0x000001fe341196b0 JavaThread "jar transforms Thread 4"           [_thread_blocked, id=12004, stack(0x0000004229900000,0x0000004229a00000) (1024K)]
  0x000001fe341168c0 JavaThread "jar transforms Thread 5"           [_thread_blocked, id=12516, stack(0x0000004229a00000,0x0000004229b00000) (1024K)]
  0x000001fe34117c70 JavaThread "jar transforms Thread 6"           [_thread_blocked, id=7892, stack(0x0000004229b00000,0x0000004229c00000) (1024K)]
  0x000001fe341175e0 JavaThread "jar transforms Thread 7"           [_thread_blocked, id=19060, stack(0x0000004229c00000,0x0000004229d00000) (1024K)]
  0x000001fe3411a3d0 JavaThread "jar transforms Thread 8"           [_thread_blocked, id=17300, stack(0x0000004229d00000,0x0000004229e00000) (1024K)]
  0x000001fe34116f50 JavaThread "Cache worker for file content cache (C:\Users\Lenovo\.gradle\caches\9.4.1\fileContent)"        [_thread_blocked, id=11108, stack(0x0000004229e00000,0x0000004229f00000) (1024K)]
  0x000001fe3411aa60 JavaThread "Cache worker for checksums cache (C:\Users\Lenovo\AndroidStudioProjects\FinTrack\.gradle\9.4.1\checksums)"        [_thread_blocked, id=9088, stack(0x0000004229f00000,0x000000422a000000) (1024K)]
  0x000001fe3411b0f0 JavaThread "Cache worker for cache directory md-supplier (C:\Users\Lenovo\.gradle\caches\9.4.1\md-supplier)"        [_thread_blocked, id=392, stack(0x000000422a000000,0x000000422a100000) (1024K)]
  0x000001fe3411b780 JavaThread "Cache worker for cache directory md-rule (C:\Users\Lenovo\.gradle\caches\9.4.1\md-rule)"        [_thread_blocked, id=8424, stack(0x000000422a100000,0x000000422a200000) (1024K)]
  0x000001fe3411dee0 JavaThread "Build operations"                  [_thread_blocked, id=8960, stack(0x000000422a200000,0x000000422a300000) (1024K)]
  0x000001fe3411cb30 JavaThread "Build operations Thread 2"         [_thread_blocked, id=21180, stack(0x000000422a300000,0x000000422a400000) (1024K)]
  0x000001fe3411d1c0 JavaThread "Build operations Thread 3"         [_thread_blocked, id=3056, stack(0x000000422a400000,0x000000422a500000) (1024K)]
  0x000001fe33c56970 JavaThread "Build operations Thread 4"         [_thread_blocked, id=20120, stack(0x000000422a500000,0x000000422a600000) (1024K)]
  0x000001fe33c55c50 JavaThread "Build operations Thread 5"         [_thread_blocked, id=4464, stack(0x000000422a600000,0x000000422a700000) (1024K)]
  0x000001fe33c57690 JavaThread "Build operations Thread 6"         [_thread_blocked, id=14300, stack(0x000000422a700000,0x000000422a800000) (1024K)]
  0x000001fe33c57d20 JavaThread "Build operations Thread 7"         [_thread_blocked, id=12868, stack(0x000000422a800000,0x000000422a900000) (1024K)]
  0x000001fe33c57000 JavaThread "Build operations Thread 8"         [_thread_blocked, id=12752, stack(0x000000422a900000,0x000000422aa00000) (1024K)]
  0x000001fe380a0b10 JavaThread "C2 CompilerThread1"         daemon [_thread_in_native, id=5136, stack(0x0000004227b00000,0x0000004227c00000) (1024K)]
=>0x000001fe3809f6a0 JavaThread "C2 CompilerThread2"         daemon [_thread_in_native, id=10264, stack(0x0000004227c00000,0x0000004227d00000) (1024K)]
Total: 50

Other Threads:
  0x000001fe2bb14b10 VMThread "VM Thread"                           [id=8836, stack(0x0000004227000000,0x0000004227100000) (1024K)]
  0x000001fe2baabd10 WatcherThread "VM Periodic Task Thread"        [id=15220, stack(0x0000004226f00000,0x0000004227000000) (1024K)]
  0x000001fe144672c0 WorkerThread "GC Thread#0"                     [id=14648, stack(0x0000004226a00000,0x0000004226b00000) (1024K)]
  0x000001fe314b9e00 WorkerThread "GC Thread#1"                     [id=3576, stack(0x0000004227d00000,0x0000004227e00000) (1024K)]
  0x000001fe31860630 WorkerThread "GC Thread#2"                     [id=9952, stack(0x0000004227e00000,0x0000004227f00000) (1024K)]
  0x000001fe318609e0 WorkerThread "GC Thread#3"                     [id=13124, stack(0x0000004227f00000,0x0000004228000000) (1024K)]
  0x000001fe318611a0 WorkerThread "GC Thread#4"                     [id=13924, stack(0x0000004228000000,0x0000004228100000) (1024K)]
  0x000001fe317bcde0 WorkerThread "GC Thread#5"                     [id=22092, stack(0x0000004228100000,0x0000004228200000) (1024K)]
  0x000001fe32620940 WorkerThread "GC Thread#6"                     [id=20172, stack(0x0000004228700000,0x0000004228800000) (1024K)]
  0x000001fe3261f320 WorkerThread "GC Thread#7"                     [id=20688, stack(0x0000004228800000,0x0000004228900000) (1024K)]
  0x000001fe14478240 ConcurrentGCThread "G1 Main Marker"            [id=14980, stack(0x0000004226b00000,0x0000004226c00000) (1024K)]
  0x000001fe14479aa0 WorkerThread "G1 Conc#0"                       [id=19604, stack(0x0000004226c00000,0x0000004226d00000) (1024K)]
  0x000001fe3261ef70 WorkerThread "G1 Conc#1"                       [id=19612, stack(0x0000004228900000,0x0000004228a00000) (1024K)]
  0x000001fe2ba01330 ConcurrentGCThread "G1 Refine#0"               [id=12656, stack(0x0000004226d00000,0x0000004226e00000) (1024K)]
  0x000001fe2ba01b60 ConcurrentGCThread "G1 Service"                [id=12968, stack(0x0000004226e00000,0x0000004226f00000) (1024K)]
Total: 15

Threads with active compile tasks:
C2 CompilerThread0  12107 10138       4       org.jetbrains.kotlin.cli.jvm.index.JvmDependenciesIndexImpl::searchClasses (520 bytes)
C2 CompilerThread1  12107 10057   !   4       org.jetbrains.kotlin.cli.jvm.compiler.jarfs.FastJarHandler::<init> (551 bytes)
C2 CompilerThread2  12107 10111       4       org.jetbrains.kotlin.protobuf.GeneratedMessageLite::parseUnknownField (518 bytes)
Total: 3

VM state: not at safepoint (normal execution)

VM Mutex/Monitor currently owned by a thread: None

Heap address: 0x0000000080000000, size: 2048 MB, Compressed Oops mode: 32-bit

CDS archive(s) not mapped
Compressed class space mapped at: 0x0000000100000000-0x0000000140000000, reserved size: 1073741824
Narrow klass base: 0x0000000000000000, Narrow klass shift: 3, Narrow klass range: 0x140000000

GC Precious Log:
 CardTable entry size: 512
 Card Set container configuration: InlinePtr #cards 5 size 8 Array Of Cards #cards 12 size 40 Howl #buckets 4 coarsen threshold 1843 Howl Bitmap #cards 512 size 80 coarsen threshold 460 Card regions per heap region 1 cards per card region 2048
 CPUs: 8 total, 8 available
 Memory: 16112M
 Large Page Support: Disabled
 NUMA Support: Disabled
 Compressed Oops: Enabled (32-bit)
 Heap Region Size: 1M
 Heap Min Capacity: 8M
 Heap Initial Capacity: 252M
 Heap Max Capacity: 2G
 Pre-touch: Disabled
 Parallel Workers: 8
 Concurrent Workers: 2
 Concurrent Refinement Workers: 8
 Periodic GC: Disabled

Heap:
 garbage-first heap   total 217088K, used 177114K [0x0000000080000000, 0x0000000100000000)
  region size 1024K, 44 young (45056K), 9 survivors (9216K)
 Metaspace       used 130594K, committed 132480K, reserved 1179648K
  class space    used 17137K, committed 18048K, reserved 1048576K

Heap Regions: E=young(eden), S=young(survivor), O=old, HS=humongous(starts), HC=humongous(continues), CS=collection set, F=free, TAMS=top-at-mark-start, PB=parsable bottom
|   0|0x0000000080000000, 0x0000000080100000, 0x0000000080100000|100%|HS|  |TAMS 0x0000000080000000| PB 0x0000000080000000| Complete 
|   1|0x0000000080100000, 0x0000000080200000, 0x0000000080200000|100%|HC|  |TAMS 0x0000000080100000| PB 0x0000000080100000| Complete 
|   2|0x0000000080200000, 0x0000000080300000, 0x0000000080300000|100%|HC|  |TAMS 0x0000000080200000| PB 0x0000000080200000| Complete 
|   3|0x0000000080300000, 0x0000000080400000, 0x0000000080400000|100%|HC|  |TAMS 0x0000000080300000| PB 0x0000000080300000| Complete 
|   4|0x0000000080400000, 0x0000000080500000, 0x0000000080500000|100%| O|  |TAMS 0x0000000080400000| PB 0x0000000080400000| Untracked 
|   5|0x0000000080500000, 0x0000000080600000, 0x0000000080600000|100%| O|  |TAMS 0x0000000080500000| PB 0x0000000080500000| Untracked 
|   6|0x0000000080600000, 0x0000000080700000, 0x0000000080700000|100%| O|  |TAMS 0x0000000080600000| PB 0x0000000080600000| Untracked 
|   7|0x0000000080700000, 0x0000000080800000, 0x0000000080800000|100%| O|  |TAMS 0x0000000080700000| PB 0x0000000080700000| Untracked 
|   8|0x0000000080800000, 0x0000000080900000, 0x0000000080900000|100%| O|  |TAMS 0x0000000080800000| PB 0x0000000080800000| Untracked 
|   9|0x0000000080900000, 0x0000000080a00000, 0x0000000080a00000|100%| O|  |TAMS 0x0000000080900000| PB 0x0000000080900000| Untracked 
|  10|0x0000000080a00000, 0x0000000080b00000, 0x0000000080b00000|100%| O|  |TAMS 0x0000000080a00000| PB 0x0000000080a00000| Untracked 
|  11|0x0000000080b00000, 0x0000000080c00000, 0x0000000080c00000|100%|HS|  |TAMS 0x0000000080b00000| PB 0x0000000080b00000| Complete 
|  12|0x0000000080c00000, 0x0000000080d00000, 0x0000000080d00000|100%| O|  |TAMS 0x0000000080c00000| PB 0x0000000080c00000| Untracked 
|  13|0x0000000080d00000, 0x0000000080e00000, 0x0000000080e00000|100%| O|  |TAMS 0x0000000080d00000| PB 0x0000000080d00000| Untracked 
|  14|0x0000000080e00000, 0x0000000080f00000, 0x0000000080f00000|100%| O|  |TAMS 0x0000000080e00000| PB 0x0000000080e00000| Untracked 
|  15|0x0000000080f00000, 0x0000000081000000, 0x0000000081000000|100%| O|  |TAMS 0x0000000080f00000| PB 0x0000000080f00000| Untracked 
|  16|0x0000000081000000, 0x0000000081100000, 0x0000000081100000|100%| O|  |TAMS 0x0000000081000000| PB 0x0000000081000000| Untracked 
|  17|0x0000000081100000, 0x0000000081200000, 0x0000000081200000|100%| O|  |TAMS 0x0000000081100000| PB 0x0000000081100000| Untracked 
|  18|0x0000000081200000, 0x0000000081300000, 0x0000000081300000|100%| O|  |TAMS 0x0000000081200000| PB 0x0000000081200000| Untracked 
|  19|0x0000000081300000, 0x0000000081400000, 0x0000000081400000|100%| O|  |TAMS 0x0000000081300000| PB 0x0000000081300000| Untracked 
|  20|0x0000000081400000, 0x0000000081500000, 0x0000000081500000|100%| O|  |TAMS 0x0000000081400000| PB 0x0000000081400000| Untracked 
|  21|0x0000000081500000, 0x0000000081600000, 0x0000000081600000|100%| O|  |TAMS 0x0000000081500000| PB 0x0000000081500000| Untracked 
|  22|0x0000000081600000, 0x0000000081700000, 0x0000000081700000|100%|HS|  |TAMS 0x0000000081600000| PB 0x0000000081600000| Complete 
|  23|0x0000000081700000, 0x0000000081800000, 0x0000000081800000|100%|HC|  |TAMS 0x0000000081700000| PB 0x0000000081700000| Complete 
|  24|0x0000000081800000, 0x0000000081900000, 0x0000000081900000|100%|HC|  |TAMS 0x0000000081800000| PB 0x0000000081800000| Complete 
|  25|0x0000000081900000, 0x0000000081a00000, 0x0000000081a00000|100%|HC|  |TAMS 0x0000000081900000| PB 0x0000000081900000| Complete 
|  26|0x0000000081a00000, 0x0000000081b00000, 0x0000000081b00000|100%|HC|  |TAMS 0x0000000081a00000| PB 0x0000000081a00000| Complete 
|  27|0x0000000081b00000, 0x0000000081c00000, 0x0000000081c00000|100%|HC|  |TAMS 0x0000000081b00000| PB 0x0000000081b00000| Complete 
|  28|0x0000000081c00000, 0x0000000081d00000, 0x0000000081d00000|100%|HS|  |TAMS 0x0000000081c00000| PB 0x0000000081c00000| Complete 
|  29|0x0000000081d00000, 0x0000000081e00000, 0x0000000081e00000|100%|HC|  |TAMS 0x0000000081d00000| PB 0x0000000081d00000| Complete 
|  30|0x0000000081e00000, 0x0000000081f00000, 0x0000000081f00000|100%|HS|  |TAMS 0x0000000081e00000| PB 0x0000000081e00000| Complete 
|  31|0x0000000081f00000, 0x0000000082000000, 0x0000000082000000|100%| O|  |TAMS 0x0000000081f00000| PB 0x0000000081f00000| Untracked 
|  32|0x0000000082000000, 0x0000000082100000, 0x0000000082100000|100%|HS|  |TAMS 0x0000000082000000| PB 0x0000000082000000| Complete 
|  33|0x0000000082100000, 0x0000000082200000, 0x0000000082200000|100%|HC|  |TAMS 0x0000000082100000| PB 0x0000000082100000| Complete 
|  34|0x0000000082200000, 0x0000000082300000, 0x0000000082300000|100%|HC|  |TAMS 0x0000000082200000| PB 0x0000000082200000| Complete 
|  35|0x0000000082300000, 0x0000000082400000, 0x0000000082400000|100%|HC|  |TAMS 0x0000000082300000| PB 0x0000000082300000| Complete 
|  36|0x0000000082400000, 0x0000000082500000, 0x0000000082500000|100%|HC|  |TAMS 0x0000000082400000| PB 0x0000000082400000| Complete 
|  37|0x0000000082500000, 0x0000000082600000, 0x0000000082600000|100%|HC|  |TAMS 0x0000000082500000| PB 0x0000000082500000| Complete 
|  38|0x0000000082600000, 0x0000000082700000, 0x0000000082700000|100%|HS|  |TAMS 0x0000000082600000| PB 0x0000000082600000| Complete 
|  39|0x0000000082700000, 0x0000000082800000, 0x0000000082800000|100%|HC|  |TAMS 0x0000000082700000| PB 0x0000000082700000| Complete 
|  40|0x0000000082800000, 0x0000000082900000, 0x0000000082900000|100%|HS|  |TAMS 0x0000000082800000| PB 0x0000000082800000| Complete 
|  41|0x0000000082900000, 0x0000000082a00000, 0x0000000082a00000|100%| O|  |TAMS 0x0000000082900000| PB 0x0000000082900000| Untracked 
|  42|0x0000000082a00000, 0x0000000082b00000, 0x0000000082b00000|100%| O|  |TAMS 0x0000000082a00000| PB 0x0000000082a00000| Untracked 
|  43|0x0000000082b00000, 0x0000000082c00000, 0x0000000082c00000|100%| O|  |TAMS 0x0000000082b00000| PB 0x0000000082b00000| Untracked 
|  44|0x0000000082c00000, 0x0000000082d00000, 0x0000000082d00000|100%| O|  |TAMS 0x0000000082c00000| PB 0x0000000082c00000| Untracked 
|  45|0x0000000082d00000, 0x0000000082e00000, 0x0000000082e00000|100%| O|  |TAMS 0x0000000082d00000| PB 0x0000000082d00000| Untracked 
|  46|0x0000000082e00000, 0x0000000082f00000, 0x0000000082f00000|100%| O|  |TAMS 0x0000000082e00000| PB 0x0000000082e00000| Untracked 
|  47|0x0000000082f00000, 0x0000000083000000, 0x0000000083000000|100%| O|  |TAMS 0x0000000082f00000| PB 0x0000000082f00000| Untracked 
|  48|0x0000000083000000, 0x0000000083100000, 0x0000000083100000|100%| O|  |TAMS 0x0000000083000000| PB 0x0000000083000000| Untracked 
|  49|0x0000000083100000, 0x0000000083200000, 0x0000000083200000|100%|HS|  |TAMS 0x0000000083100000| PB 0x0000000083100000| Complete 
|  50|0x0000000083200000, 0x0000000083300000, 0x0000000083300000|100%|HC|  |TAMS 0x0000000083200000| PB 0x0000000083200000| Complete 
|  51|0x0000000083300000, 0x0000000083400000, 0x0000000083400000|100%| O|  |TAMS 0x0000000083300000| PB 0x0000000083300000| Untracked 
|  52|0x0000000083400000, 0x0000000083500000, 0x0000000083500000|100%| O|  |TAMS 0x0000000083400000| PB 0x0000000083400000| Untracked 
|  53|0x0000000083500000, 0x0000000083600000, 0x0000000083600000|100%| O|  |TAMS 0x0000000083500000| PB 0x0000000083500000| Untracked 
|  54|0x0000000083600000, 0x0000000083700000, 0x0000000083700000|100%| O|  |TAMS 0x0000000083600000| PB 0x0000000083600000| Untracked 
|  55|0x0000000083700000, 0x0000000083800000, 0x0000000083800000|100%| O|  |TAMS 0x0000000083700000| PB 0x0000000083700000| Untracked 
|  56|0x0000000083800000, 0x0000000083900000, 0x0000000083900000|100%| O|  |TAMS 0x0000000083800000| PB 0x0000000083800000| Untracked 
|  57|0x0000000083900000, 0x0000000083a00000, 0x0000000083a00000|100%| O|  |TAMS 0x0000000083900000| PB 0x0000000083900000| Untracked 
|  58|0x0000000083a00000, 0x0000000083b00000, 0x0000000083b00000|100%| O|  |TAMS 0x0000000083a00000| PB 0x0000000083a00000| Untracked 
|  59|0x0000000083b00000, 0x0000000083c00000, 0x0000000083c00000|100%| O|  |TAMS 0x0000000083b00000| PB 0x0000000083b00000| Untracked 
|  60|0x0000000083c00000, 0x0000000083d00000, 0x0000000083d00000|100%| O|  |TAMS 0x0000000083c00000| PB 0x0000000083c00000| Untracked 
|  61|0x0000000083d00000, 0x0000000083e00000, 0x0000000083e00000|100%| O|  |TAMS 0x0000000083d00000| PB 0x0000000083d00000| Untracked 
|  62|0x0000000083e00000, 0x0000000083f00000, 0x0000000083f00000|100%| O|  |TAMS 0x0000000083e00000| PB 0x0000000083e00000| Untracked 
|  63|0x0000000083f00000, 0x0000000084000000, 0x0000000084000000|100%| O|  |TAMS 0x0000000083f00000| PB 0x0000000083f00000| Untracked 
|  64|0x0000000084000000, 0x0000000084100000, 0x0000000084100000|100%| O|  |TAMS 0x0000000084000000| PB 0x0000000084000000| Untracked 
|  65|0x0000000084100000, 0x0000000084200000, 0x0000000084200000|100%| O|  |TAMS 0x0000000084100000| PB 0x0000000084100000| Untracked 
|  66|0x0000000084200000, 0x0000000084300000, 0x0000000084300000|100%| O|  |TAMS 0x0000000084200000| PB 0x0000000084200000| Untracked 
|  67|0x0000000084300000, 0x0000000084400000, 0x0000000084400000|100%| O|  |TAMS 0x0000000084300000| PB 0x0000000084300000| Untracked 
|  68|0x0000000084400000, 0x0000000084500000, 0x0000000084500000|100%| O|  |TAMS 0x0000000084400000| PB 0x0000000084400000| Untracked 
|  69|0x0000000084500000, 0x0000000084600000, 0x0000000084600000|100%| O|  |TAMS 0x0000000084500000| PB 0x0000000084500000| Untracked 
|  70|0x0000000084600000, 0x0000000084700000, 0x0000000084700000|100%| O|  |TAMS 0x0000000084600000| PB 0x0000000084600000| Untracked 
|  71|0x0000000084700000, 0x0000000084800000, 0x0000000084800000|100%| O|  |TAMS 0x0000000084700000| PB 0x0000000084700000| Untracked 
|  72|0x0000000084800000, 0x0000000084900000, 0x0000000084900000|100%| O|  |TAMS 0x0000000084800000| PB 0x0000000084800000| Untracked 
|  73|0x0000000084900000, 0x0000000084a00000, 0x0000000084a00000|100%| O|  |TAMS 0x0000000084900000| PB 0x0000000084900000| Untracked 
|  74|0x0000000084a00000, 0x0000000084b00000, 0x0000000084b00000|100%| O|  |TAMS 0x0000000084a00000| PB 0x0000000084a00000| Untracked 
|  75|0x0000000084b00000, 0x0000000084c00000, 0x0000000084c00000|100%|HS|  |TAMS 0x0000000084b00000| PB 0x0000000084b00000| Complete 
|  76|0x0000000084c00000, 0x0000000084d00000, 0x0000000084d00000|100%| O|  |TAMS 0x0000000084c00000| PB 0x0000000084c00000| Untracked 
|  77|0x0000000084d00000, 0x0000000084e00000, 0x0000000084e00000|100%| O|  |TAMS 0x0000000084d00000| PB 0x0000000084d00000| Untracked 
|  78|0x0000000084e00000, 0x0000000084f00000, 0x0000000084f00000|100%| O|  |TAMS 0x0000000084e00000| PB 0x0000000084e00000| Untracked 
|  79|0x0000000084f00000, 0x0000000085000000, 0x0000000085000000|100%| O|  |TAMS 0x0000000084f00000| PB 0x0000000084f00000| Untracked 
|  80|0x0000000085000000, 0x0000000085100000, 0x0000000085100000|100%| O|  |TAMS 0x0000000085000000| PB 0x0000000085000000| Untracked 
|  81|0x0000000085100000, 0x0000000085200000, 0x0000000085200000|100%| O|  |TAMS 0x0000000085100000| PB 0x0000000085100000| Untracked 
|  82|0x0000000085200000, 0x0000000085300000, 0x0000000085300000|100%| O|  |TAMS 0x0000000085200000| PB 0x0000000085200000| Untracked 
|  83|0x0000000085300000, 0x0000000085400000, 0x0000000085400000|100%| O|  |TAMS 0x0000000085300000| PB 0x0000000085300000| Untracked 
|  84|0x0000000085400000, 0x0000000085500000, 0x0000000085500000|100%| O|  |TAMS 0x0000000085400000| PB 0x0000000085400000| Untracked 
|  85|0x0000000085500000, 0x0000000085600000, 0x0000000085600000|100%| O|  |TAMS 0x0000000085500000| PB 0x0000000085500000| Untracked 
|  86|0x0000000085600000, 0x0000000085700000, 0x0000000085700000|100%| O|  |TAMS 0x0000000085600000| PB 0x0000000085600000| Untracked 
|  87|0x0000000085700000, 0x0000000085800000, 0x0000000085800000|100%| O|  |TAMS 0x0000000085700000| PB 0x0000000085700000| Untracked 
|  88|0x0000000085800000, 0x0000000085900000, 0x0000000085900000|100%| O|  |TAMS 0x0000000085800000| PB 0x0000000085800000| Untracked 
|  89|0x0000000085900000, 0x0000000085a00000, 0x0000000085a00000|100%| O|  |TAMS 0x0000000085900000| PB 0x0000000085900000| Untracked 
|  90|0x0000000085a00000, 0x0000000085b00000, 0x0000000085b00000|100%| O|  |TAMS 0x0000000085a00000| PB 0x0000000085a00000| Untracked 
|  91|0x0000000085b00000, 0x0000000085c00000, 0x0000000085c00000|100%| O|  |TAMS 0x0000000085b00000| PB 0x0000000085b00000| Untracked 
|  92|0x0000000085c00000, 0x0000000085d00000, 0x0000000085d00000|100%| O|  |TAMS 0x0000000085c00000| PB 0x0000000085c00000| Untracked 
|  93|0x0000000085d00000, 0x0000000085e00000, 0x0000000085e00000|100%| O|  |TAMS 0x0000000085d00000| PB 0x0000000085d00000| Untracked 
|  94|0x0000000085e00000, 0x0000000085f00000, 0x0000000085f00000|100%| O|  |TAMS 0x0000000085e00000| PB 0x0000000085e00000| Untracked 
|  95|0x0000000085f00000, 0x0000000086000000, 0x0000000086000000|100%| O|  |TAMS 0x0000000085f00000| PB 0x0000000085f00000| Untracked 
|  96|0x0000000086000000, 0x0000000086100000, 0x0000000086100000|100%| O|  |TAMS 0x0000000086000000| PB 0x0000000086000000| Untracked 
|  97|0x0000000086100000, 0x0000000086200000, 0x0000000086200000|100%| O|  |TAMS 0x0000000086100000| PB 0x0000000086100000| Untracked 
|  98|0x0000000086200000, 0x0000000086300000, 0x0000000086300000|100%| O|  |TAMS 0x0000000086200000| PB 0x0000000086200000| Untracked 
|  99|0x0000000086300000, 0x0000000086400000, 0x0000000086400000|100%| O|  |TAMS 0x0000000086300000| PB 0x0000000086300000| Untracked 
| 100|0x0000000086400000, 0x0000000086500000, 0x0000000086500000|100%| O|  |TAMS 0x0000000086400000| PB 0x0000000086400000| Untracked 
| 101|0x0000000086500000, 0x0000000086600000, 0x0000000086600000|100%| O|  |TAMS 0x0000000086500000| PB 0x0000000086500000| Untracked 
| 102|0x0000000086600000, 0x0000000086700000, 0x0000000086700000|100%| O|  |TAMS 0x0000000086600000| PB 0x0000000086600000| Untracked 
| 103|0x0000000086700000, 0x0000000086800000, 0x0000000086800000|100%| O|  |TAMS 0x0000000086700000| PB 0x0000000086700000| Untracked 
| 104|0x0000000086800000, 0x0000000086900000, 0x0000000086900000|100%| O|  |TAMS 0x0000000086800000| PB 0x0000000086800000| Untracked 
| 105|0x0000000086900000, 0x0000000086a00000, 0x0000000086a00000|100%| O|  |TAMS 0x0000000086900000| PB 0x0000000086900000| Untracked 
| 106|0x0000000086a00000, 0x0000000086a00000, 0x0000000086b00000|  0%| F|  |TAMS 0x0000000086a00000| PB 0x0000000086a00000| Untracked 
| 107|0x0000000086b00000, 0x0000000086c00000, 0x0000000086c00000|100%| O|  |TAMS 0x0000000086b00000| PB 0x0000000086b00000| Untracked 
| 108|0x0000000086c00000, 0x0000000086d00000, 0x0000000086d00000|100%| O|  |TAMS 0x0000000086c00000| PB 0x0000000086c00000| Untracked 
| 109|0x0000000086d00000, 0x0000000086e00000, 0x0000000086e00000|100%| O|  |TAMS 0x0000000086d00000| PB 0x0000000086d00000| Untracked 
| 110|0x0000000086e00000, 0x0000000086f00000, 0x0000000086f00000|100%| S|CS|TAMS 0x0000000086e00000| PB 0x0000000086e00000| Complete 
| 111|0x0000000086f00000, 0x0000000087000000, 0x0000000087000000|100%| S|CS|TAMS 0x0000000086f00000| PB 0x0000000086f00000| Complete 
| 112|0x0000000087000000, 0x0000000087100000, 0x0000000087100000|100%| S|CS|TAMS 0x0000000087000000| PB 0x0000000087000000| Complete 
| 113|0x0000000087100000, 0x0000000087200000, 0x0000000087200000|100%| S|CS|TAMS 0x0000000087100000| PB 0x0000000087100000| Complete 
| 114|0x0000000087200000, 0x0000000087300000, 0x0000000087300000|100%| S|CS|TAMS 0x0000000087200000| PB 0x0000000087200000| Complete 
| 115|0x0000000087300000, 0x0000000087400000, 0x0000000087400000|100%| S|CS|TAMS 0x0000000087300000| PB 0x0000000087300000| Complete 
| 116|0x0000000087400000, 0x0000000087500000, 0x0000000087500000|100%| S|CS|TAMS 0x0000000087400000| PB 0x0000000087400000| Complete 
| 117|0x0000000087500000, 0x0000000087600000, 0x0000000087600000|100%| S|CS|TAMS 0x0000000087500000| PB 0x0000000087500000| Complete 
| 118|0x0000000087600000, 0x0000000087700000, 0x0000000087700000|100%| S|CS|TAMS 0x0000000087600000| PB 0x0000000087600000| Complete 
| 119|0x0000000087700000, 0x0000000087700000, 0x0000000087800000|  0%| F|  |TAMS 0x0000000087700000| PB 0x0000000087700000| Untracked 
| 120|0x0000000087800000, 0x0000000087800000, 0x0000000087900000|  0%| F|  |TAMS 0x0000000087800000| PB 0x0000000087800000| Untracked 
| 121|0x0000000087900000, 0x0000000087900000, 0x0000000087a00000|  0%| F|  |TAMS 0x0000000087900000| PB 0x0000000087900000| Untracked 
| 122|0x0000000087a00000, 0x0000000087a00000, 0x0000000087b00000|  0%| F|  |TAMS 0x0000000087a00000| PB 0x0000000087a00000| Untracked 
| 123|0x0000000087b00000, 0x0000000087b00000, 0x0000000087c00000|  0%| F|  |TAMS 0x0000000087b00000| PB 0x0000000087b00000| Untracked 
| 124|0x0000000087c00000, 0x0000000087c00000, 0x0000000087d00000|  0%| F|  |TAMS 0x0000000087c00000| PB 0x0000000087c00000| Untracked 
| 125|0x0000000087d00000, 0x0000000087d00000, 0x0000000087e00000|  0%| F|  |TAMS 0x0000000087d00000| PB 0x0000000087d00000| Untracked 
| 126|0x0000000087e00000, 0x0000000087e00000, 0x0000000087f00000|  0%| F|  |TAMS 0x0000000087e00000| PB 0x0000000087e00000| Untracked 
| 127|0x0000000087f00000, 0x0000000087f00000, 0x0000000088000000|  0%| F|  |TAMS 0x0000000087f00000| PB 0x0000000087f00000| Untracked 
| 128|0x0000000088000000, 0x0000000088000000, 0x0000000088100000|  0%| F|  |TAMS 0x0000000088000000| PB 0x0000000088000000| Untracked 
| 129|0x0000000088100000, 0x0000000088100000, 0x0000000088200000|  0%| F|  |TAMS 0x0000000088100000| PB 0x0000000088100000| Untracked 
| 130|0x0000000088200000, 0x0000000088200000, 0x0000000088300000|  0%| F|  |TAMS 0x0000000088200000| PB 0x0000000088200000| Untracked 
| 131|0x0000000088300000, 0x0000000088300000, 0x0000000088400000|  0%| F|  |TAMS 0x0000000088300000| PB 0x0000000088300000| Untracked 
| 132|0x0000000088400000, 0x0000000088400000, 0x0000000088500000|  0%| F|  |TAMS 0x0000000088400000| PB 0x0000000088400000| Untracked 
| 133|0x0000000088500000, 0x0000000088500000, 0x0000000088600000|  0%| F|  |TAMS 0x0000000088500000| PB 0x0000000088500000| Untracked 
| 134|0x0000000088600000, 0x0000000088600000, 0x0000000088700000|  0%| F|  |TAMS 0x0000000088600000| PB 0x0000000088600000| Untracked 
| 135|0x0000000088700000, 0x0000000088700000, 0x0000000088800000|  0%| F|  |TAMS 0x0000000088700000| PB 0x0000000088700000| Untracked 
| 136|0x0000000088800000, 0x0000000088800000, 0x0000000088900000|  0%| F|  |TAMS 0x0000000088800000| PB 0x0000000088800000| Untracked 
| 137|0x0000000088900000, 0x0000000088900000, 0x0000000088a00000|  0%| F|  |TAMS 0x0000000088900000| PB 0x0000000088900000| Untracked 
| 138|0x0000000088a00000, 0x0000000088a00000, 0x0000000088b00000|  0%| F|  |TAMS 0x0000000088a00000| PB 0x0000000088a00000| Untracked 
| 139|0x0000000088b00000, 0x0000000088b00000, 0x0000000088c00000|  0%| F|  |TAMS 0x0000000088b00000| PB 0x0000000088b00000| Untracked 
| 140|0x0000000088c00000, 0x0000000088c00000, 0x0000000088d00000|  0%| F|  |TAMS 0x0000000088c00000| PB 0x0000000088c00000| Untracked 
| 141|0x0000000088d00000, 0x0000000088d00000, 0x0000000088e00000|  0%| F|  |TAMS 0x0000000088d00000| PB 0x0000000088d00000| Untracked 
| 142|0x0000000088e00000, 0x0000000088e00000, 0x0000000088f00000|  0%| F|  |TAMS 0x0000000088e00000| PB 0x0000000088e00000| Untracked 
| 143|0x0000000088f00000, 0x0000000088f00000, 0x0000000089000000|  0%| F|  |TAMS 0x0000000088f00000| PB 0x0000000088f00000| Untracked 
| 144|0x0000000089000000, 0x0000000089000000, 0x0000000089100000|  0%| F|  |TAMS 0x0000000089000000| PB 0x0000000089000000| Untracked 
| 145|0x0000000089100000, 0x0000000089100000, 0x0000000089200000|  0%| F|  |TAMS 0x0000000089100000| PB 0x0000000089100000| Untracked 
| 146|0x0000000089200000, 0x0000000089200000, 0x0000000089300000|  0%| F|  |TAMS 0x0000000089200000| PB 0x0000000089200000| Untracked 
| 147|0x0000000089300000, 0x0000000089300000, 0x0000000089400000|  0%| F|  |TAMS 0x0000000089300000| PB 0x0000000089300000| Untracked 
| 148|0x0000000089400000, 0x0000000089400000, 0x0000000089500000|  0%| F|  |TAMS 0x0000000089400000| PB 0x0000000089400000| Untracked 
| 149|0x0000000089500000, 0x0000000089500000, 0x0000000089600000|  0%| F|  |TAMS 0x0000000089500000| PB 0x0000000089500000| Untracked 
| 150|0x0000000089600000, 0x0000000089600000, 0x0000000089700000|  0%| F|  |TAMS 0x0000000089600000| PB 0x0000000089600000| Untracked 
| 151|0x0000000089700000, 0x0000000089700000, 0x0000000089800000|  0%| F|  |TAMS 0x0000000089700000| PB 0x0000000089700000| Untracked 
| 152|0x0000000089800000, 0x0000000089800000, 0x0000000089900000|  0%| F|  |TAMS 0x0000000089800000| PB 0x0000000089800000| Untracked 
| 153|0x0000000089900000, 0x0000000089980000, 0x0000000089a00000| 50%| E|  |TAMS 0x0000000089900000| PB 0x0000000089900000| Complete 
| 154|0x0000000089a00000, 0x0000000089b00000, 0x0000000089b00000|100%| E|CS|TAMS 0x0000000089a00000| PB 0x0000000089a00000| Complete 
| 155|0x0000000089b00000, 0x0000000089c00000, 0x0000000089c00000|100%| E|CS|TAMS 0x0000000089b00000| PB 0x0000000089b00000| Complete 
| 156|0x0000000089c00000, 0x0000000089d00000, 0x0000000089d00000|100%| E|CS|TAMS 0x0000000089c00000| PB 0x0000000089c00000| Complete 
| 157|0x0000000089d00000, 0x0000000089e00000, 0x0000000089e00000|100%| E|CS|TAMS 0x0000000089d00000| PB 0x0000000089d00000| Complete 
| 158|0x0000000089e00000, 0x0000000089f00000, 0x0000000089f00000|100%| E|CS|TAMS 0x0000000089e00000| PB 0x0000000089e00000| Complete 
| 159|0x0000000089f00000, 0x000000008a000000, 0x000000008a000000|100%| E|CS|TAMS 0x0000000089f00000| PB 0x0000000089f00000| Complete 
| 160|0x000000008a000000, 0x000000008a100000, 0x000000008a100000|100%| E|CS|TAMS 0x000000008a000000| PB 0x000000008a000000| Complete 
| 161|0x000000008a100000, 0x000000008a200000, 0x000000008a200000|100%| E|CS|TAMS 0x000000008a100000| PB 0x000000008a100000| Complete 
| 162|0x000000008a200000, 0x000000008a300000, 0x000000008a300000|100%| E|CS|TAMS 0x000000008a200000| PB 0x000000008a200000| Complete 
| 163|0x000000008a300000, 0x000000008a400000, 0x000000008a400000|100%| E|CS|TAMS 0x000000008a300000| PB 0x000000008a300000| Complete 
| 164|0x000000008a400000, 0x000000008a500000, 0x000000008a500000|100%| E|CS|TAMS 0x000000008a400000| PB 0x000000008a400000| Complete 
| 165|0x000000008a500000, 0x000000008a600000, 0x000000008a600000|100%| E|CS|TAMS 0x000000008a500000| PB 0x000000008a500000| Complete 
| 166|0x000000008a600000, 0x000000008a700000, 0x000000008a700000|100%| E|CS|TAMS 0x000000008a600000| PB 0x000000008a600000| Complete 
| 167|0x000000008a700000, 0x000000008a800000, 0x000000008a800000|100%| E|CS|TAMS 0x000000008a700000| PB 0x000000008a700000| Complete 
| 168|0x000000008a800000, 0x000000008a900000, 0x000000008a900000|100%| E|CS|TAMS 0x000000008a800000| PB 0x000000008a800000| Complete 
| 169|0x000000008a900000, 0x000000008aa00000, 0x000000008aa00000|100%| E|CS|TAMS 0x000000008a900000| PB 0x000000008a900000| Complete 
| 170|0x000000008aa00000, 0x000000008ab00000, 0x000000008ab00000|100%| E|CS|TAMS 0x000000008aa00000| PB 0x000000008aa00000| Complete 
| 171|0x000000008ab00000, 0x000000008ac00000, 0x000000008ac00000|100%| E|CS|TAMS 0x000000008ab00000| PB 0x000000008ab00000| Complete 
| 172|0x000000008ac00000, 0x000000008ad00000, 0x000000008ad00000|100%| E|CS|TAMS 0x000000008ac00000| PB 0x000000008ac00000| Complete 
| 173|0x000000008ad00000, 0x000000008ae00000, 0x000000008ae00000|100%| E|CS|TAMS 0x000000008ad00000| PB 0x000000008ad00000| Complete 
| 174|0x000000008ae00000, 0x000000008af00000, 0x000000008af00000|100%| E|CS|TAMS 0x000000008ae00000| PB 0x000000008ae00000| Complete 
| 175|0x000000008af00000, 0x000000008b000000, 0x000000008b000000|100%| E|CS|TAMS 0x000000008af00000| PB 0x000000008af00000| Complete 
| 190|0x000000008be00000, 0x000000008bf00000, 0x000000008bf00000|100%| E|CS|TAMS 0x000000008be00000| PB 0x000000008be00000| Complete 
| 191|0x000000008bf00000, 0x000000008c000000, 0x000000008c000000|100%| E|CS|TAMS 0x000000008bf00000| PB 0x000000008bf00000| Complete 
| 192|0x000000008c000000, 0x000000008c100000, 0x000000008c100000|100%| E|CS|TAMS 0x000000008c000000| PB 0x000000008c000000| Complete 
| 193|0x000000008c100000, 0x000000008c200000, 0x000000008c200000|100%| E|CS|TAMS 0x000000008c100000| PB 0x000000008c100000| Complete 
| 194|0x000000008c200000, 0x000000008c300000, 0x000000008c300000|100%| E|CS|TAMS 0x000000008c200000| PB 0x000000008c200000| Complete 
| 195|0x000000008c300000, 0x000000008c400000, 0x000000008c400000|100%| E|CS|TAMS 0x000000008c300000| PB 0x000000008c300000| Complete 
| 196|0x000000008c400000, 0x000000008c500000, 0x000000008c500000|100%| E|CS|TAMS 0x000000008c400000| PB 0x000000008c400000| Complete 
| 197|0x000000008c500000, 0x000000008c600000, 0x000000008c600000|100%| E|CS|TAMS 0x000000008c500000| PB 0x000000008c500000| Complete 
| 198|0x000000008c600000, 0x000000008c700000, 0x000000008c700000|100%| E|CS|TAMS 0x000000008c600000| PB 0x000000008c600000| Complete 
| 251|0x000000008fb00000, 0x000000008fc00000, 0x000000008fc00000|100%| E|CS|TAMS 0x000000008fb00000| PB 0x000000008fb00000| Complete 
|2022|0x00000000fe600000, 0x00000000fe6f6888, 0x00000000fe700000| 96%| O|  |TAMS 0x00000000fe600000| PB 0x00000000fe600000| Untracked 
|2023|0x00000000fe700000, 0x00000000fe800000, 0x00000000fe800000|100%| O|  |TAMS 0x00000000fe700000| PB 0x00000000fe700000| Untracked 
|2024|0x00000000fe800000, 0x00000000fe900000, 0x00000000fe900000|100%| O|  |TAMS 0x00000000fe800000| PB 0x00000000fe800000| Untracked 
|2025|0x00000000fe900000, 0x00000000fea00000, 0x00000000fea00000|100%| E|CS|TAMS 0x00000000fe900000| PB 0x00000000fe900000| Complete 
|2026|0x00000000fea00000, 0x00000000feb00000, 0x00000000feb00000|100%| O|  |TAMS 0x00000000fea00000| PB 0x00000000fea00000| Untracked 
|2027|0x00000000feb00000, 0x00000000fec00000, 0x00000000fec00000|100%| O|  |TAMS 0x00000000feb00000| PB 0x00000000feb00000| Untracked 
|2028|0x00000000fec00000, 0x00000000fed00000, 0x00000000fed00000|100%| O|  |TAMS 0x00000000fec00000| PB 0x00000000fec00000| Untracked 
|2029|0x00000000fed00000, 0x00000000fee00000, 0x00000000fee00000|100%| O|  |TAMS 0x00000000fed00000| PB 0x00000000fed00000| Untracked 
|2030|0x00000000fee00000, 0x00000000fef00000, 0x00000000fef00000|100%| E|CS|TAMS 0x00000000fee00000| PB 0x00000000fee00000| Complete 
|2031|0x00000000fef00000, 0x00000000ff000000, 0x00000000ff000000|100%| O|  |TAMS 0x00000000fef00000| PB 0x00000000fef00000| Untracked 
|2032|0x00000000ff000000, 0x00000000ff100000, 0x00000000ff100000|100%| O|  |TAMS 0x00000000ff000000| PB 0x00000000ff000000| Untracked 
|2033|0x00000000ff100000, 0x00000000ff200000, 0x00000000ff200000|100%| O|  |TAMS 0x00000000ff100000| PB 0x00000000ff100000| Untracked 
|2034|0x00000000ff200000, 0x00000000ff300000, 0x00000000ff300000|100%| O|  |TAMS 0x00000000ff200000| PB 0x00000000ff200000| Untracked 
|2035|0x00000000ff300000, 0x00000000ff400000, 0x00000000ff400000|100%| O|  |TAMS 0x00000000ff300000| PB 0x00000000ff300000| Untracked 
|2036|0x00000000ff400000, 0x00000000ff500000, 0x00000000ff500000|100%| O|  |TAMS 0x00000000ff400000| PB 0x00000000ff400000| Untracked 
|2037|0x00000000ff500000, 0x00000000ff600000, 0x00000000ff600000|100%| O|  |TAMS 0x00000000ff500000| PB 0x00000000ff500000| Untracked 
|2038|0x00000000ff600000, 0x00000000ff700000, 0x00000000ff700000|100%| O|  |TAMS 0x00000000ff600000| PB 0x00000000ff600000| Untracked 
|2039|0x00000000ff700000, 0x00000000ff800000, 0x00000000ff800000|100%| E|CS|TAMS 0x00000000ff700000| PB 0x00000000ff700000| Complete 
|2040|0x00000000ff800000, 0x00000000ff900000, 0x00000000ff900000|100%| O|  |TAMS 0x00000000ff800000| PB 0x00000000ff800000| Untracked 
|2041|0x00000000ff900000, 0x00000000ffa00000, 0x00000000ffa00000|100%| O|  |TAMS 0x00000000ff900000| PB 0x00000000ff900000| Untracked 
|2042|0x00000000ffa00000, 0x00000000ffb00000, 0x00000000ffb00000|100%| E|CS|TAMS 0x00000000ffa00000| PB 0x00000000ffa00000| Complete 
|2043|0x00000000ffb00000, 0x00000000ffc00000, 0x00000000ffc00000|100%| O|  |TAMS 0x00000000ffb00000| PB 0x00000000ffb00000| Untracked 
|2044|0x00000000ffc00000, 0x00000000ffd00000, 0x00000000ffd00000|100%| E|CS|TAMS 0x00000000ffc00000| PB 0x00000000ffc00000| Complete 
|2045|0x00000000ffd00000, 0x00000000ffe00000, 0x00000000ffe00000|100%| O|  |TAMS 0x00000000ffd00000| PB 0x00000000ffd00000| Untracked 
|2046|0x00000000ffe00000, 0x00000000fff00000, 0x00000000fff00000|100%| O|  |TAMS 0x00000000ffe00000| PB 0x00000000ffe00000| Untracked 
|2047|0x00000000fff00000, 0x0000000100000000, 0x0000000100000000|100%| O|  |TAMS 0x00000000fff00000| PB 0x00000000fff00000| Untracked 

Card table byte_map: [0x000001fe26ca0000,0x000001fe270a0000] _byte_map_base: 0x000001fe268a0000

Marking Bits: (CMBitMap*) 0x000001fe144678e0
 Bits: [0x000001fe270a0000, 0x000001fe290a0000)

Polling page: 0x000001fe125d0000

Metaspace:

Usage:
  Non-class:    110.80 MB used.
      Class:     16.74 MB used.
       Both:    127.54 MB used.

Virtual space:
  Non-class space:      128.00 MB reserved,     111.75 MB ( 87%) committed,  2 nodes.
      Class space:        1.00 GB reserved,      17.62 MB (  2%) committed,  1 nodes.
             Both:        1.12 GB reserved,     129.38 MB ( 11%) committed. 

Chunk freelists:
   Non-Class:  15.95 MB
       Class:  14.39 MB
        Both:  30.34 MB

MaxMetaspaceSize: unlimited
CompressedClassSpaceSize: 1.00 GB
Initial GC threshold: 21.00 MB
Current GC threshold: 198.38 MB
CDS: off
 - commit_granule_bytes: 65536.
 - commit_granule_words: 8192.
 - virtual_space_node_default_size: 8388608.
 - enlarge_chunks_in_place: 1.
 - use_allocation_guard: 0.


Internal statistics:

num_allocs_failed_limit: 6.
num_arena_births: 3536.
num_arena_deaths: 0.
num_vsnodes_births: 3.
num_vsnodes_deaths: 0.
num_space_committed: 2069.
num_space_uncommitted: 0.
num_chunks_returned_to_freelist: 6.
num_chunks_taken_from_freelist: 8504.
num_chunk_merges: 3.
num_chunk_splits: 6086.
num_chunks_enlarged: 4388.
num_inconsistent_stats: 0.

CodeHeap 'non-profiled nmethods': size=120000Kb used=5275Kb max_used=5275Kb free=114724Kb
 bounds [0x000001fe1f040000, 0x000001fe1f570000, 0x000001fe26570000]
CodeHeap 'profiled nmethods': size=120000Kb used=18562Kb max_used=18562Kb free=101437Kb
 bounds [0x000001fe17570000, 0x000001fe187a0000, 0x000001fe1eaa0000]
CodeHeap 'non-nmethods': size=5760Kb used=2449Kb max_used=2489Kb free=3310Kb
 bounds [0x000001fe1eaa0000, 0x000001fe1ed20000, 0x000001fe1f040000]
CodeCache: size=245760Kb, used=26286Kb, max_used=26326Kb, free=219471Kb
 total_blobs=9874, nmethods=8818, adapters=960, full_count=0
Compilation: enabled, stopped_count=0, restarted_count=0

Compilation events (20 events):
Event: 10.078 Thread 0x000001fe2bc60430 10185       3       org.jetbrains.kotlin.fir.caches.FirCache::<init> (5 bytes)
Event: 10.078 Thread 0x000001fe2bc60430 nmethod 10185 0x000001fe1875ea90 code [0x000001fe1875ec40, 0x000001fe1875eda8]
Event: 10.078 Thread 0x000001fe2bc60430 10184       3       org.jetbrains.kotlin.resolve.jvm.NotFoundPackagesCachingStrategy$Default::chooseStrategy (47 bytes)
Event: 10.078 Thread 0x000001fe2bc60430 nmethod 10184 0x000001fe1875ee90 code [0x000001fe1875f0e0, 0x000001fe1875f840]
Event: 10.079 Thread 0x000001fe2bc60430 10186       1       org.jetbrains.kotlin.cli.jvm.compiler.JvmPackagePartProvider::getLoadedModules (5 bytes)
Event: 10.079 Thread 0x000001fe2bc60430 nmethod 10186 0x000001fe1f566310 code [0x000001fe1f5664a0, 0x000001fe1f566568]
Event: 10.080 Thread 0x000001fe2bc60430 10189       3       org.jetbrains.kotlin.fir.resolve.providers.FirSymbolProviderKt::getSymbolProvider (25 bytes)
Event: 10.080 Thread 0x000001fe2bc60430 nmethod 10189 0x000001fe1875fb10 code [0x000001fe1875fd40, 0x000001fe187603e8]
Event: 10.080 Thread 0x000001fe2bc60430 10190       3       org.jetbrains.kotlin.it.unimi.dsi.fastutil.objects.ObjectOpenHashSet::<init> (9 bytes)
Event: 10.080 Thread 0x000001fe2bc60430 nmethod 10190 0x000001fe18760690 code [0x000001fe18760860, 0x000001fe187609a8]
Event: 10.080 Thread 0x000001fe2bc60430 10191       3       org.jetbrains.kotlin.it.unimi.dsi.fastutil.objects.ObjectOpenHashSet::<init> (95 bytes)
Event: 10.081 Thread 0x000001fe2bc60430 nmethod 10191 0x000001fe18760a90 code [0x000001fe18760d00, 0x000001fe18761500]
Event: 10.085 Thread 0x000001fe2bc60430 10195       3       org.jetbrains.kotlin.kotlinx.collections.immutable.implementations.immutableList.SmallPersistentVector::<init> (36 bytes)
Event: 10.086 Thread 0x000001fe2bc60430 nmethod 10195 0x000001fe18761810 code [0x000001fe18761a60, 0x000001fe18762280]
Event: 10.086 Thread 0x000001fe2bc60430 10196       3       org.jetbrains.kotlin.kotlinx.collections.immutable.implementations.immutableList.AbstractPersistentList::<init> (5 bytes)
Event: 10.086 Thread 0x000001fe2bc60430 nmethod 10196 0x000001fe18762590 code [0x000001fe18762740, 0x000001fe18762968]
Event: 10.086 Thread 0x000001fe2bc60430 10197       3       org.jetbrains.kotlin.fir.resolve.dfa.StackImpl::top (17 bytes)
Event: 10.086 Thread 0x000001fe2bc60430 nmethod 10197 0x000001fe18762a90 code [0x000001fe18762c60, 0x000001fe18762ef8]
Event: 10.086 Thread 0x000001fe2bc60430 10198       3       org.jetbrains.kotlin.cli.jvm.index.JvmDependenciesIndexImpl$ClassSearchRequest::<init> (27 bytes)
Event: 10.086 Thread 0x000001fe2bc60430 nmethod 10198 0x000001fe18763010 code [0x000001fe187632c0, 0x000001fe18763db0]

GC Heap History (20 events):
Event: 6.043 GC heap before
{Heap before GC invocations=22 (full 0):
 garbage-first heap   total 148480K, used 120871K [0x0000000080000000, 0x0000000100000000)
  region size 1024K, 40 young (40960K), 7 survivors (7168K)
 Metaspace       used 81550K, committed 83328K, reserved 1179648K
  class space    used 11543K, committed 12352K, reserved 1048576K
}
Event: 6.049 GC heap after
{Heap after GC invocations=23 (full 0):
 garbage-first heap   total 148480K, used 91065K [0x0000000080000000, 0x0000000100000000)
  region size 1024K, 2 young (2048K), 2 survivors (2048K)
 Metaspace       used 81550K, committed 83328K, reserved 1179648K
  class space    used 11543K, committed 12352K, reserved 1048576K
}
Event: 6.308 GC heap before
{Heap before GC invocations=23 (full 0):
 garbage-first heap   total 148480K, used 131001K [0x0000000080000000, 0x0000000100000000)
  region size 1024K, 41 young (41984K), 2 survivors (2048K)
 Metaspace       used 85483K, committed 87232K, reserved 1179648K
  class space    used 11988K, committed 12800K, reserved 1048576K
}
Event: 6.311 GC heap after
{Heap after GC invocations=24 (full 0):
 garbage-first heap   total 148480K, used 94564K [0x0000000080000000, 0x0000000100000000)
  region size 1024K, 5 young (5120K), 5 survivors (5120K)
 Metaspace       used 85483K, committed 87232K, reserved 1179648K
  class space    used 11988K, committed 12800K, reserved 1048576K
}
Event: 6.590 GC heap before
{Heap before GC invocations=24 (full 0):
 garbage-first heap   total 148480K, used 131428K [0x0000000080000000, 0x0000000100000000)
  region size 1024K, 42 young (43008K), 5 survivors (5120K)
 Metaspace       used 90475K, committed 92288K, reserved 1179648K
  class space    used 12454K, committed 13312K, reserved 1048576K
}
Event: 6.594 GC heap after
{Heap after GC invocations=25 (full 0):
 garbage-first heap   total 148480K, used 96045K [0x0000000080000000, 0x0000000100000000)
  region size 1024K, 2 young (2048K), 2 survivors (2048K)
 Metaspace       used 90475K, committed 92288K, reserved 1179648K
  class space    used 12454K, committed 13312K, reserved 1048576K
}
Event: 6.881 GC heap before
{Heap before GC invocations=26 (full 0):
 garbage-first heap   total 162816K, used 133933K [0x0000000080000000, 0x0000000100000000)
  region size 1024K, 39 young (39936K), 2 survivors (2048K)
 Metaspace       used 94936K, committed 96704K, reserved 1179648K
  class space    used 12947K, committed 13760K, reserved 1048576K
}
Event: 6.884 GC heap after
{Heap after GC invocations=27 (full 0):
 garbage-first heap   total 162816K, used 99468K [0x0000000080000000, 0x0000000100000000)
  region size 1024K, 5 young (5120K), 5 survivors (5120K)
 Metaspace       used 94936K, committed 96704K, reserved 1179648K
  class space    used 12947K, committed 13760K, reserved 1048576K
}
Event: 7.244 GC heap before
{Heap before GC invocations=27 (full 0):
 garbage-first heap   total 162816K, used 146572K [0x0000000080000000, 0x0000000100000000)
  region size 1024K, 51 young (52224K), 5 survivors (5120K)
 Metaspace       used 100469K, committed 102272K, reserved 1179648K
  class space    used 13613K, committed 14464K, reserved 1048576K
}
Event: 7.250 GC heap after
{Heap after GC invocations=28 (full 0):
 garbage-first heap   total 195584K, used 102353K [0x0000000080000000, 0x0000000100000000)
  region size 1024K, 7 young (7168K), 7 survivors (7168K)
 Metaspace       used 100469K, committed 102272K, reserved 1179648K
  class space    used 13613K, committed 14464K, reserved 1048576K
}
Event: 7.808 GC heap before
{Heap before GC invocations=28 (full 0):
 garbage-first heap   total 195584K, used 178129K [0x0000000080000000, 0x0000000100000000)
  region size 1024K, 80 young (81920K), 7 survivors (7168K)
 Metaspace       used 105973K, committed 107776K, reserved 1179648K
  class space    used 14186K, committed 15104K, reserved 1048576K
}
Event: 7.816 GC heap after
{Heap after GC invocations=29 (full 0):
 garbage-first heap   total 199680K, used 117551K [0x0000000080000000, 0x0000000100000000)
  region size 1024K, 10 young (10240K), 10 survivors (10240K)
 Metaspace       used 105973K, committed 107776K, reserved 1179648K
  class space    used 14186K, committed 15104K, reserved 1048576K
}
Event: 8.278 GC heap before
{Heap before GC invocations=29 (full 0):
 garbage-first heap   total 199680K, used 173871K [0x0000000080000000, 0x0000000100000000)
  region size 1024K, 66 young (67584K), 10 survivors (10240K)
 Metaspace       used 113120K, committed 115008K, reserved 1179648K
  class space    used 14896K, committed 15808K, reserved 1048576K
}
Event: 8.286 GC heap after
{Heap after GC invocations=30 (full 0):
 garbage-first heap   total 199680K, used 123230K [0x0000000080000000, 0x0000000100000000)
  region size 1024K, 5 young (5120K), 5 survivors (5120K)
 Metaspace       used 113120K, committed 115008K, reserved 1179648K
  class space    used 14896K, committed 15808K, reserved 1048576K
}
Event: 8.829 GC heap before
{Heap before GC invocations=30 (full 0):
 garbage-first heap   total 199680K, used 177502K [0x0000000080000000, 0x0000000100000000)
  region size 1024K, 58 young (59392K), 5 survivors (5120K)
 Metaspace       used 119382K, committed 121216K, reserved 1179648K
  class space    used 15682K, committed 16576K, reserved 1048576K
}
Event: 8.833 GC heap after
{Heap after GC invocations=31 (full 0):
 garbage-first heap   total 199680K, used 127683K [0x0000000080000000, 0x0000000100000000)
  region size 1024K, 8 young (8192K), 8 survivors (8192K)
 Metaspace       used 119382K, committed 121216K, reserved 1179648K
  class space    used 15682K, committed 16576K, reserved 1048576K
}
Event: 9.456 GC heap before
{Heap before GC invocations=32 (full 0):
 garbage-first heap   total 214016K, used 179907K [0x0000000080000000, 0x0000000100000000)
  region size 1024K, 59 young (60416K), 8 survivors (8192K)
 Metaspace       used 126391K, committed 128256K, reserved 1179648K
  class space    used 16562K, committed 17472K, reserved 1048576K
}
Event: 9.462 GC heap after
{Heap after GC invocations=33 (full 0):
 garbage-first heap   total 214016K, used 129547K [0x0000000080000000, 0x0000000100000000)
  region size 1024K, 6 young (6144K), 6 survivors (6144K)
 Metaspace       used 126391K, committed 128256K, reserved 1179648K
  class space    used 16562K, committed 17472K, reserved 1048576K
}
Event: 9.896 GC heap before
{Heap before GC invocations=33 (full 0):
 garbage-first heap   total 214016K, used 196107K [0x0000000080000000, 0x0000000100000000)
  region size 1024K, 71 young (72704K), 6 survivors (6144K)
 Metaspace       used 130327K, committed 132224K, reserved 1179648K
  class space    used 17122K, committed 18048K, reserved 1048576K
}
Event: 9.907 GC heap after
{Heap after GC invocations=34 (full 0):
 garbage-first heap   total 217088K, used 142298K [0x0000000080000000, 0x0000000100000000)
  region size 1024K, 9 young (9216K), 9 survivors (9216K)
 Metaspace       used 130327K, committed 132224K, reserved 1179648K
  class space    used 17122K, committed 18048K, reserved 1048576K
}

Dll operation events (3 events):
Event: 0.008 Loaded shared library C:\Program Files\Android\Android Studio\jbr\bin\java.dll
Event: 0.013 Loaded shared library C:\Program Files\Android\Android Studio\jbr\bin\zip.dll
Event: 0.504 Loaded shared library C:\Program Files\Android\Android Studio\jbr\bin\verify.dll

Deoptimization events (20 events):
Event: 9.988 Thread 0x000001fe33450050 Uncommon trap: trap_request=0xffffffc6 fr.pc=0x000001fe1f3f99dc relative=0x00000000000001fc
Event: 9.988 Thread 0x000001fe33450050 Uncommon trap: reason=bimorphic_or_optimized_type_check action=maybe_recompile pc=0x000001fe1f3f99dc method=org.jetbrains.kotlin.com.intellij.openapi.vfs.VirtualFile.getNameSequence()Ljava/lang/CharSequence; @ 1 c2
Event: 9.988 Thread 0x000001fe33450050 DEOPT PACKING pc=0x000001fe1f3f99dc sp=0x0000004228bf2ec0
Event: 9.988 Thread 0x000001fe33450050 DEOPT UNPACKING pc=0x000001fe1eaf7aa2 sp=0x0000004228bf2e78 mode 2
Event: 9.988 Thread 0x000001fe33450050 Uncommon trap: trap_request=0xffffffc6 fr.pc=0x000001fe1f3f99dc relative=0x00000000000001fc
Event: 9.988 Thread 0x000001fe33450050 Uncommon trap: reason=bimorphic_or_optimized_type_check action=maybe_recompile pc=0x000001fe1f3f99dc method=org.jetbrains.kotlin.com.intellij.openapi.vfs.VirtualFile.getNameSequence()Ljava/lang/CharSequence; @ 1 c2
Event: 9.988 Thread 0x000001fe33450050 DEOPT PACKING pc=0x000001fe1f3f99dc sp=0x0000004228bf2ec0
Event: 9.988 Thread 0x000001fe33450050 DEOPT UNPACKING pc=0x000001fe1eaf7aa2 sp=0x0000004228bf2e78 mode 2
Event: 9.988 Thread 0x000001fe33450050 Uncommon trap: trap_request=0xffffffc6 fr.pc=0x000001fe1f3f99dc relative=0x00000000000001fc
Event: 9.988 Thread 0x000001fe33450050 Uncommon trap: reason=bimorphic_or_optimized_type_check action=maybe_recompile pc=0x000001fe1f3f99dc method=org.jetbrains.kotlin.com.intellij.openapi.vfs.VirtualFile.getNameSequence()Ljava/lang/CharSequence; @ 1 c2
Event: 9.988 Thread 0x000001fe33450050 DEOPT PACKING pc=0x000001fe1f3f99dc sp=0x0000004228bf2ec0
Event: 9.988 Thread 0x000001fe33450050 DEOPT UNPACKING pc=0x000001fe1eaf7aa2 sp=0x0000004228bf2e78 mode 2
Event: 9.992 Thread 0x000001fe33450050 Uncommon trap: trap_request=0xffffff6e fr.pc=0x000001fe1f3fec14 relative=0x0000000000000a34
Event: 9.992 Thread 0x000001fe33450050 Uncommon trap: reason=loop_limit_check action=maybe_recompile pc=0x000001fe1f3fec14 method=org.jetbrains.kotlin.com.intellij.openapi.util.text.StringUtilRt.lastIndexOf(Ljava/lang/CharSequence;CII)I @ 32 c2
Event: 9.992 Thread 0x000001fe33450050 DEOPT PACKING pc=0x000001fe1f3fec14 sp=0x0000004228bf2f30
Event: 10.072 Thread 0x000001fe33450050 DEOPT UNPACKING pc=0x000001fe1eaf7aa2 sp=0x0000004228bf2e70 mode 2
Event: 10.072 Thread 0x000001fe33450050 Uncommon trap: trap_request=0xffffff6e fr.pc=0x000001fe1f1f51e0 relative=0x0000000000000300
Event: 10.073 Thread 0x000001fe33450050 Uncommon trap: reason=loop_limit_check action=maybe_recompile pc=0x000001fe1f1f51e0 method=org.jetbrains.kotlin.com.intellij.openapi.util.text.StringUtilRt.lastIndexOf(Ljava/lang/CharSequence;CII)I @ 32 c2
Event: 10.073 Thread 0x000001fe33450050 DEOPT PACKING pc=0x000001fe1f1f51e0 sp=0x0000004228bf2ed0
Event: 10.073 Thread 0x000001fe33450050 DEOPT UNPACKING pc=0x000001fe1eaf7aa2 sp=0x0000004228bf2e70 mode 2

Classes loaded (20 events):
Event: 9.365 Loading class javax/naming/InvalidNameException done
Event: 9.366 Loading class java/security/cert/CertificateParsingException
Event: 9.366 Loading class java/security/cert/CertificateException
Event: 9.366 Loading class java/security/cert/CertificateException done
Event: 9.366 Loading class java/security/cert/CertificateParsingException done
Event: 9.426 Loading class java/nio/file/Path$1
Event: 9.426 Loading class java/nio/file/Path$1 done
Event: 9.814 Loading class java/util/SplittableRandom
Event: 9.814 Loading class java/util/random/RandomGenerator$SplittableGenerator
Event: 9.814 Loading class java/util/random/RandomGenerator$StreamableGenerator
Event: 9.814 Loading class java/util/random/RandomGenerator$StreamableGenerator done
Event: 9.814 Loading class java/util/random/RandomGenerator$SplittableGenerator done
Event: 9.814 Loading class java/util/SplittableRandom done
Event: 9.814 Loading class java/util/SplittableRandom$AbstractSplittableGeneratorProxy
Event: 9.814 Loading class jdk/internal/util/random/RandomSupport$AbstractSplittableGenerator
Event: 9.815 Loading class jdk/internal/util/random/RandomSupport$AbstractSpliteratorGenerator
Event: 9.815 Loading class jdk/internal/util/random/RandomSupport$AbstractSpliteratorGenerator done
Event: 9.815 Loading class jdk/internal/util/random/RandomSupport$AbstractSplittableGenerator done
Event: 9.815 Loading class java/util/SplittableRandom$AbstractSplittableGeneratorProxy done
Event: 11.429 Loading class java/util/concurrent/LinkedBlockingDeque$Itr

Classes unloaded (0 events):
No events

Classes redefined (0 events):
No events

Internal exceptions (20 events):
Event: 9.538 Thread 0x000001fe33450050 Exception <a 'sun/nio/fs/WindowsException'{0x000000008fb82aa8}> (0x000000008fb82aa8) 
thrown [s\src\hotspot\share\prims\jni.cpp, line 537]
Event: 9.807 Thread 0x000001fe33450050 Exception <a 'sun/nio/fs/WindowsException'{0x0000000089e397f8}> (0x0000000089e397f8) 
thrown [s\src\hotspot\share\prims\jni.cpp, line 537]
Event: 9.812 Thread 0x000001fe33450050 Exception <a 'sun/nio/fs/WindowsException'{0x0000000089e74398}> (0x0000000089e74398) 
thrown [s\src\hotspot\share\prims\jni.cpp, line 537]
Event: 9.812 Thread 0x000001fe33450050 Exception <a 'sun/nio/fs/WindowsException'{0x0000000089e78a48}> (0x0000000089e78a48) 
thrown [s\src\hotspot\share\prims\jni.cpp, line 537]
Event: 9.813 Thread 0x000001fe33450050 Exception <a 'sun/nio/fs/WindowsException'{0x0000000089e7f9e0}> (0x0000000089e7f9e0) 
thrown [s\src\hotspot\share\prims\jni.cpp, line 537]
Event: 9.815 Thread 0x000001fe33450050 Exception <a 'sun/nio/fs/WindowsException'{0x0000000089ecb658}> (0x0000000089ecb658) 
thrown [s\src\hotspot\share\prims\jni.cpp, line 537]
Event: 9.815 Thread 0x000001fe33450050 Exception <a 'sun/nio/fs/WindowsException'{0x0000000089eccd38}> (0x0000000089eccd38) 
thrown [s\src\hotspot\share\prims\jni.cpp, line 537]
Event: 9.815 Thread 0x000001fe33450050 Exception <a 'sun/nio/fs/WindowsException'{0x0000000089ecffc0}> (0x0000000089ecffc0) 
thrown [s\src\hotspot\share\prims\jni.cpp, line 537]
Event: 9.815 Thread 0x000001fe33450050 Exception <a 'sun/nio/fs/WindowsException'{0x0000000089ed1890}> (0x0000000089ed1890) 
thrown [s\src\hotspot\share\prims\jni.cpp, line 537]
Event: 9.816 Thread 0x000001fe33450050 Exception <a 'sun/nio/fs/WindowsException'{0x0000000089ed5ac8}> (0x0000000089ed5ac8) 
thrown [s\src\hotspot\share\prims\jni.cpp, line 537]
Event: 9.816 Thread 0x000001fe33450050 Exception <a 'sun/nio/fs/WindowsException'{0x0000000089ed76a8}> (0x0000000089ed76a8) 
thrown [s\src\hotspot\share\prims\jni.cpp, line 537]
Event: 9.816 Thread 0x000001fe33450050 Exception <a 'sun/nio/fs/WindowsException'{0x0000000089ed94a0}> (0x0000000089ed94a0) 
thrown [s\src\hotspot\share\prims\jni.cpp, line 537]
Event: 9.816 Thread 0x000001fe33450050 Exception <a 'sun/nio/fs/WindowsException'{0x0000000089edb530}> (0x0000000089edb530) 
thrown [s\src\hotspot\share\prims\jni.cpp, line 537]
Event: 9.817 Thread 0x000001fe33450050 Exception <a 'sun/nio/fs/WindowsException'{0x0000000089ede168}> (0x0000000089ede168) 
thrown [s\src\hotspot\share\prims\jni.cpp, line 537]
Event: 9.817 Thread 0x000001fe33450050 Exception <a 'sun/nio/fs/WindowsException'{0x0000000089edfd08}> (0x0000000089edfd08) 
thrown [s\src\hotspot\share\prims\jni.cpp, line 537]
Event: 9.817 Thread 0x000001fe33450050 Exception <a 'sun/nio/fs/WindowsException'{0x0000000089ee28d8}> (0x0000000089ee28d8) 
thrown [s\src\hotspot\share\prims\jni.cpp, line 537]
Event: 9.818 Thread 0x000001fe33450050 Exception <a 'sun/nio/fs/WindowsException'{0x0000000089ee8778}> (0x0000000089ee8778) 
thrown [s\src\hotspot\share\prims\jni.cpp, line 537]
Event: 9.819 Thread 0x000001fe33450050 Exception <a 'sun/nio/fs/WindowsException'{0x0000000089eeb238}> (0x0000000089eeb238) 
thrown [s\src\hotspot\share\prims\jni.cpp, line 537]
Event: 9.822 Thread 0x000001fe33450050 Exception <a 'sun/nio/fs/WindowsException'{0x0000000089d10020}> (0x0000000089d10020) 
thrown [s\src\hotspot\share\prims\jni.cpp, line 537]
Event: 9.822 Thread 0x000001fe33450050 Exception <a 'sun/nio/fs/WindowsException'{0x0000000089d11ea8}> (0x0000000089d11ea8) 
thrown [s\src\hotspot\share\prims\jni.cpp, line 537]

ZGC Phase Switch (0 events):
No events

VM Operations (20 events):
Event: 8.920 Executing safepoint VM operation: G1PauseCleanup
Event: 8.920 Executing safepoint VM operation: G1PauseCleanup done
Event: 9.119 Executing non-safepoint VM operation: HandshakeAllThreads (Deoptimize)
Event: 9.119 Executing non-safepoint VM operation: HandshakeAllThreads (Deoptimize) done
Event: 9.187 Executing non-safepoint VM operation: HandshakeAllThreads (Deoptimize)
Event: 9.187 Executing non-safepoint VM operation: HandshakeAllThreads (Deoptimize) done
Event: 9.259 Executing non-safepoint VM operation: HandshakeAllThreads (Deoptimize)
Event: 9.259 Executing non-safepoint VM operation: HandshakeAllThreads (Deoptimize) done
Event: 9.301 Executing safepoint VM operation: ICBufferFull
Event: 9.302 Executing safepoint VM operation: ICBufferFull done
Event: 9.428 Executing non-safepoint VM operation: HandshakeAllThreads (Deoptimize)
Event: 9.428 Executing non-safepoint VM operation: HandshakeAllThreads (Deoptimize) done
Event: 9.439 Executing non-safepoint VM operation: HandshakeAllThreads (Deoptimize)
Event: 9.439 Executing non-safepoint VM operation: HandshakeAllThreads (Deoptimize) done
Event: 9.456 Executing safepoint VM operation: G1CollectForAllocation (G1 Evacuation Pause)
Event: 9.462 Executing safepoint VM operation: G1CollectForAllocation (G1 Evacuation Pause) done
Event: 9.896 Executing safepoint VM operation: G1CollectForAllocation (G1 Evacuation Pause)
Event: 9.907 Executing safepoint VM operation: G1CollectForAllocation (G1 Evacuation Pause) done
Event: 10.909 Executing safepoint VM operation: Cleanup
Event: 10.909 Executing safepoint VM operation: Cleanup done

Memory protections (0 events):
No events

Nmethod flushes (20 events):
Event: 8.897 Thread 0x000001fe2bb14b10 flushing  nmethod 0x000001fe1757ef90
Event: 8.897 Thread 0x000001fe2bb14b10 flushing  nmethod 0x000001fe1765da10
Event: 8.897 Thread 0x000001fe2bb14b10 flushing  nmethod 0x000001fe17722a90
Event: 8.897 Thread 0x000001fe2bb14b10 flushing  nmethod 0x000001fe177cb890
Event: 8.897 Thread 0x000001fe2bb14b10 flushing  nmethod 0x000001fe178c8110
Event: 8.897 Thread 0x000001fe2bb14b10 flushing  nmethod 0x000001fe17a17290
Event: 8.897 Thread 0x000001fe2bb14b10 flushing  nmethod 0x000001fe17c07910
Event: 8.897 Thread 0x000001fe2bb14b10 flushing  nmethod 0x000001fe17d1fa10
Event: 8.897 Thread 0x000001fe2bb14b10 flushing  nmethod 0x000001fe17de4f10
Event: 8.897 Thread 0x000001fe2bb14b10 flushing  nmethod 0x000001fe17f95a90
Event: 8.897 Thread 0x000001fe2bb14b10 flushing  nmethod 0x000001fe1f0a6010
Event: 8.897 Thread 0x000001fe2bb14b10 flushing  nmethod 0x000001fe1f3aed90
Event: 8.897 Thread 0x000001fe2bb14b10 flushing  nmethod 0x000001fe1757d010
Event: 8.897 Thread 0x000001fe2bb14b10 flushing  nmethod 0x000001fe176a0a90
Event: 8.897 Thread 0x000001fe2bb14b10 flushing  nmethod 0x000001fe176a2390
Event: 8.897 Thread 0x000001fe2bb14b10 flushing  nmethod 0x000001fe176a8210
Event: 8.897 Thread 0x000001fe2bb14b10 flushing  nmethod 0x000001fe177a2590
Event: 8.897 Thread 0x000001fe2bb14b10 flushing  nmethod 0x000001fe177a2a10
Event: 8.897 Thread 0x000001fe2bb14b10 flushing  nmethod 0x000001fe17901790
Event: 8.897 Thread 0x000001fe2bb14b10 flushing  nmethod 0x000001fe1796ce90

Events (20 events):
Event: 5.572 Thread 0x000001fe2bc60430 Thread added: 0x000001fe324a2c00
Event: 5.579 Thread 0x000001fe2bc60430 Thread added: 0x000001fe324a32d0
Event: 5.856 Thread 0x000001fe324a32d0 Thread exited: 0x000001fe324a32d0
Event: 6.018 Thread 0x000001fe324a2c00 Thread exited: 0x000001fe324a2c00
Event: 6.182 Thread 0x000001fe2bc60430 Thread added: 0x000001fe324a4e10
Event: 6.185 Thread 0x000001fe2bc5a480 Thread added: 0x000001fe324a4740
Event: 6.438 Thread 0x000001fe324a4740 Thread exited: 0x000001fe324a4740
Event: 6.504 Thread 0x000001fe324a4e10 Thread exited: 0x000001fe324a4e10
Event: 6.832 Thread 0x000001fe2bc60430 Thread added: 0x000001fe366b47a0
Event: 6.842 Thread 0x000001fe2bc60430 Thread added: 0x000001fe366b2c60
Event: 7.266 Thread 0x000001fe366b2c60 Thread exited: 0x000001fe366b2c60
Event: 7.267 Thread 0x000001fe366b47a0 Thread exited: 0x000001fe366b47a0
Event: 7.490 Thread 0x000001fe2bc60430 Thread added: 0x000001fe366b17f0
Event: 7.493 Thread 0x000001fe2bc5a480 Thread added: 0x000001fe366b5540
Event: 8.018 Thread 0x000001fe366b5540 Thread exited: 0x000001fe366b5540
Event: 8.242 Thread 0x000001fe2bc60430 Thread added: 0x000001fe366b62e0
Event: 8.611 Thread 0x000001fe366b62e0 Thread exited: 0x000001fe366b62e0
Event: 9.779 Thread 0x000001fe366b17f0 Thread exited: 0x000001fe366b17f0
Event: 9.845 Thread 0x000001fe2bc5a480 Thread added: 0x000001fe380a0b10
Event: 9.845 Thread 0x000001fe2bc5a480 Thread added: 0x000001fe3809f6a0


Dynamic libraries:
0x00007ff727690000 - 0x00007ff72769a000 	C:\Program Files\Android\Android Studio\jbr\bin\java.exe
0x00007fffb8360000 - 0x00007fffb85c6000 	C:\WINDOWS\SYSTEM32\ntdll.dll
0x00007fffb77c0000 - 0x00007fffb7889000 	C:\WINDOWS\System32\KERNEL32.DLL
0x00007fffb5cd0000 - 0x00007fffb60ca000 	C:\WINDOWS\System32\KERNELBASE.dll
0x00007fffb5990000 - 0x00007fffb5adc000 	C:\WINDOWS\System32\ucrtbase.dll
0x00007fffaf820000 - 0x00007fffaf83b000 	C:\Program Files\Android\Android Studio\jbr\bin\VCRUNTIME140.dll
0x00007fff91990000 - 0x00007fff919a8000 	C:\Program Files\Android\Android Studio\jbr\bin\jli.dll
0x00007fffb8060000 - 0x00007fffb8227000 	C:\WINDOWS\System32\USER32.dll
0x00007fff90410000 - 0x00007fff906a2000 	C:\WINDOWS\WinSxS\amd64_microsoft.windows.common-controls_6595b64144ccf1df_6.0.26100.8521_none_3e08b75ce33403b3\COMCTL32.dll
0x00007fffb5960000 - 0x00007fffb5987000 	C:\WINDOWS\System32\win32u.dll
0x00007fffb70d0000 - 0x00007fffb7179000 	C:\WINDOWS\System32\msvcrt.dll
0x00007fffb6860000 - 0x00007fffb688b000 	C:\WINDOWS\System32\GDI32.dll
0x00007fffb5ae0000 - 0x00007fffb5c0b000 	C:\WINDOWS\System32\gdi32full.dll
0x00007fffb58b0000 - 0x00007fffb5953000 	C:\WINDOWS\System32\msvcp_win.dll
0x00007fffb7190000 - 0x00007fffb71c2000 	C:\WINDOWS\System32\IMM32.DLL
0x00007fffb1c40000 - 0x00007fffb1c4c000 	C:\Program Files\Android\Android Studio\jbr\bin\vcruntime140_1.dll
0x00007fff8c1e0000 - 0x00007fff8c26d000 	C:\Program Files\Android\Android Studio\jbr\bin\msvcp140.dll
0x00007fff25550000 - 0x00007fff261e6000 	C:\Program Files\Android\Android Studio\jbr\bin\server\jvm.dll
0x00007fffb7b70000 - 0x00007fffb7c26000 	C:\WINDOWS\System32\ADVAPI32.dll
0x00007fffb7ac0000 - 0x00007fffb7b6a000 	C:\WINDOWS\System32\sechost.dll
0x00007fffb6f90000 - 0x00007fffb70a8000 	C:\WINDOWS\System32\RPCRT4.dll
0x00007fffb7c30000 - 0x00007fffb7cb0000 	C:\WINDOWS\System32\WS2_32.dll
0x00007fffb5470000 - 0x00007fffb54ce000 	C:\WINDOWS\SYSTEM32\POWRPROF.dll
0x00007fffac5b0000 - 0x00007fffac5e6000 	C:\WINDOWS\SYSTEM32\WINMM.dll
0x00007fffb2c40000 - 0x00007fffb2c4b000 	C:\WINDOWS\SYSTEM32\VERSION.dll
0x00007fffb5450000 - 0x00007fffb5464000 	C:\WINDOWS\SYSTEM32\UMPDC.dll
0x00007fffb4350000 - 0x00007fffb436b000 	C:\WINDOWS\SYSTEM32\kernel.appcore.dll
0x00007fffaf810000 - 0x00007fffaf81a000 	C:\Program Files\Android\Android Studio\jbr\bin\jimage.dll
0x00007fffb29a0000 - 0x00007fffb2be2000 	C:\WINDOWS\SYSTEM32\DBGHELP.DLL
0x00007fffb68a0000 - 0x00007fffb6c23000 	C:\WINDOWS\System32\combase.dll
0x00007fffb7890000 - 0x00007fffb7969000 	C:\WINDOWS\System32\OLEAUT32.dll
0x00007fff88dd0000 - 0x00007fff88e0b000 	C:\WINDOWS\SYSTEM32\dbgcore.DLL
0x00007fffb55f0000 - 0x00007fffb5698000 	C:\WINDOWS\System32\bcryptPrimitives.dll
0x00007fff9e640000 - 0x00007fff9e64e000 	C:\Program Files\Android\Android Studio\jbr\bin\instrument.dll
0x00007fffaf7f0000 - 0x00007fffaf810000 	C:\Program Files\Android\Android Studio\jbr\bin\java.dll
0x00007fffaf7a0000 - 0x00007fffaf7b8000 	C:\Program Files\Android\Android Studio\jbr\bin\zip.dll
0x00007fffb60d0000 - 0x00007fffb6854000 	C:\WINDOWS\System32\SHELL32.dll
0x00007fffb3180000 - 0x00007fffb3a00000 	C:\WINDOWS\SYSTEM32\windows.storage.dll
0x00007fffb7970000 - 0x00007fffb7a66000 	C:\WINDOWS\System32\SHCORE.dll
0x00007fffb7e90000 - 0x00007fffb7ef7000 	C:\WINDOWS\System32\shlwapi.dll
0x00007fffb5510000 - 0x00007fffb5539000 	C:\WINDOWS\SYSTEM32\profapi.dll
0x00007fffaf7e0000 - 0x00007fffaf7f0000 	C:\Program Files\Android\Android Studio\jbr\bin\net.dll
0x00007fffa5550000 - 0x00007fffa5679000 	C:\WINDOWS\SYSTEM32\WINHTTP.dll
0x00007fffb48f0000 - 0x00007fffb495c000 	C:\WINDOWS\system32\mswsock.dll
0x00007fffaf780000 - 0x00007fffaf796000 	C:\Program Files\Android\Android Studio\jbr\bin\nio.dll
0x00007fff9e620000 - 0x00007fff9e630000 	C:\Program Files\Android\Android Studio\jbr\bin\verify.dll
0x00007fff9e650000 - 0x00007fff9e677000 	C:\Users\Lenovo\.gradle\native\660c5614fbf4a5f2a75b1949f50a0caf5cd603558e7d8a26e50b933a0cfb79d1\windows-amd64\native-platform.dll
0x00007fff89170000 - 0x00007fff891e7000 	C:\Users\Lenovo\.gradle\native\0.2.8\x86_64-windows-gnu\gradle-fileevents.dll
0x00007fff9e690000 - 0x00007fff9e699000 	C:\Program Files\Android\Android Studio\jbr\bin\management.dll
0x00007fff9e680000 - 0x00007fff9e68b000 	C:\Program Files\Android\Android Studio\jbr\bin\management_ext.dll
0x00007fffb6890000 - 0x00007fffb6898000 	C:\WINDOWS\System32\PSAPI.DLL
0x00007fffb3d30000 - 0x00007fffb3d63000 	C:\WINDOWS\SYSTEM32\IPHLPAPI.DLL
0x00007fffb7fd0000 - 0x00007fffb7fda000 	C:\WINDOWS\System32\NSI.dll
0x00007fff9e6a0000 - 0x00007fff9e6a9000 	C:\Program Files\Android\Android Studio\jbr\bin\extnet.dll
0x00007fffb4bd0000 - 0x00007fffb4beb000 	C:\WINDOWS\SYSTEM32\CRYPTSP.dll
0x00007fffb42b0000 - 0x00007fffb42e9000 	C:\WINDOWS\system32\rsaenh.dll
0x00007fffb49a0000 - 0x00007fffb49d3000 	C:\WINDOWS\SYSTEM32\USERENV.dll
0x00007fffb54e0000 - 0x00007fffb550a000 	C:\WINDOWS\SYSTEM32\bcrypt.dll
0x00007fffb4bf0000 - 0x00007fffb4bfc000 	C:\WINDOWS\SYSTEM32\CRYPTBASE.dll
0x00007fff9e420000 - 0x00007fff9e428000 	C:\WINDOWS\system32\wshunix.dll

JVMTI agents:
C:\Users\Lenovo\.gradle\wrapper\dists\gradle-9.4.1-bin\arn2x92ynaizyzdaamcbpbhtj\gradle-9.4.1\lib\agents\gradle-instrumentation-agent-9.4.1.jar path:C:\Program Files\Android\Android Studio\jbr\bin\instrument.dll, loaded, initialized, instrumentlib options:none

dbghelp: loaded successfully - version: 4.0.5 - missing functions: none
symbol engine: initialized successfully - sym options: 0x614 - pdb path: .;C:\Program Files\Android\Android Studio\jbr\bin;C:\WINDOWS\SYSTEM32;C:\WINDOWS\WinSxS\amd64_microsoft.windows.common-controls_6595b64144ccf1df_6.0.26100.8521_none_3e08b75ce33403b3;C:\Program Files\Android\Android Studio\jbr\bin\server;C:\Users\Lenovo\.gradle\native\660c5614fbf4a5f2a75b1949f50a0caf5cd603558e7d8a26e50b933a0cfb79d1\windows-amd64;C:\Users\Lenovo\.gradle\native\0.2.8\x86_64-windows-gnu

VM Arguments:
jvm_args: --add-opens=java.base/java.lang=ALL-UNNAMED --add-opens=java.base/java.lang.invoke=ALL-UNNAMED --add-opens=java.base/java.util=ALL-UNNAMED --add-opens=java.prefs/java.util.prefs=ALL-UNNAMED --add-exports=jdk.compiler/com.sun.tools.javac.api=ALL-UNNAMED --add-exports=jdk.compiler/com.sun.tools.javac.util=ALL-UNNAMED --add-opens=java.base/java.util=ALL-UNNAMED --add-opens=java.prefs/java.util.prefs=ALL-UNNAMED --add-opens=java.base/java.nio.charset=ALL-UNNAMED --add-opens=java.base/java.net=ALL-UNNAMED --add-opens=java.base/java.util.concurrent=ALL-UNNAMED --add-opens=java.base/java.util.concurrent.atomic=ALL-UNNAMED --add-opens=java.xml/javax.xml.namespace=ALL-UNNAMED --add-opens=java.base/java.time=ALL-UNNAMED -Xmx2048m -Dfile.encoding=UTF-8 -Duser.country=US -Duser.language=en -Duser.variant -javaagent:C:\Users\Lenovo\.gradle\wrapper\dists\gradle-9.4.1-bin\arn2x92ynaizyzdaamcbpbhtj\gradle-9.4.1\lib\agents\gradle-instrumentation-agent-9.4.1.jar 
java_command: org.gradle.launcher.daemon.bootstrap.GradleDaemon 9.4.1
java_class_path (initial): C:\Users\Lenovo\.gradle\wrapper\dists\gradle-9.4.1-bin\arn2x92ynaizyzdaamcbpbhtj\gradle-9.4.1\lib\gradle-daemon-main-9.4.1.jar
Launcher Type: SUN_STANDARD

[Global flags]
     intx CICompilerCount                          = 4                                         {product} {ergonomic}
     uint ConcGCThreads                            = 2                                         {product} {ergonomic}
     uint G1ConcRefinementThreads                  = 8                                         {product} {ergonomic}
   size_t G1HeapRegionSize                         = 1048576                                   {product} {ergonomic}
    uintx GCDrainStackTargetSize                   = 64                                        {product} {ergonomic}
   size_t InitialHeapSize                          = 264241152                                 {product} {ergonomic}
   size_t MarkStackSize                            = 4194304                                   {product} {ergonomic}
   size_t MaxHeapSize                              = 2147483648                                {product} {command line}
   size_t MaxNewSize                               = 1287651328                                {product} {ergonomic}
   size_t MinHeapDeltaBytes                        = 1048576                                   {product} {ergonomic}
   size_t MinHeapSize                              = 8388608                                   {product} {ergonomic}
    uintx NonNMethodCodeHeapSize                   = 5839372                                {pd product} {ergonomic}
    uintx NonProfiledCodeHeapSize                  = 122909434                              {pd product} {ergonomic}
    uintx ProfiledCodeHeapSize                     = 122909434                              {pd product} {ergonomic}
    uintx ReservedCodeCacheSize                    = 251658240                              {pd product} {ergonomic}
     bool SegmentedCodeCache                       = true                                      {product} {ergonomic}
   size_t SoftMaxHeapSize                          = 2147483648                             {manageable} {ergonomic}
     bool UseCompressedOops                        = true                           {product lp64_product} {ergonomic}
     bool UseG1GC                                  = true                                      {product} {ergonomic}
     bool UseLargePagesIndividualAllocation        = false                                  {pd product} {ergonomic}

Logging:
Log output configuration:
 #0: stdout all=warning uptime,level,tags foldmultilines=false
 #1: stderr all=off uptime,level,tags foldmultilines=false

Release file:
JAVA_VERSION="21.0.10" 
MODULES="java.base java.compiler java.datatransfer java.xml java.prefs java.desktop java.instrument java.logging java.management java.security.sasl java.naming java.rmi java.management.rmi java.net.http java.scripting java.security.jgss java.transaction.xa java.sql java.sql.rowset java.xml.crypto java.se java.smartcardio jdk.accessibility jdk.internal.jvmstat jdk.attach jdk.charsets jdk.internal.opt jdk.zipfs jdk.compiler jdk.crypto.ec jdk.crypto.cryptoki jdk.dynalink jdk.hotspot.agent jdk.httpserver jdk.internal.ed jdk.internal.le jdk.internal.vm.ci jdk.jartool jdk.javadoc jdk.jcmd jdk.jdeps jdk.jdwp.agent jdk.jdi jdk.jfr jdk.jlink jdk.jsobject jdk.localedata jdk.management jdk.management.agent jdk.management.jfr jdk.naming.dns jdk.naming.rmi jdk.net jdk.sctp jdk.security.auth jdk.security.jgss jdk.unsupported jdk.unsupported.desktop jdk.xml.dom" 
IMPLEMENTOR="JetBrains s.r.o." 
JAVA_RUNTIME_VERSION="21.0.10+-14961533-b1163.108" 
LIBC="default" 
OS_ARCH="x86_64" 
OS_NAME="Windows" 
SOURCE=".:git:1351622c2ff2" 

Environment Variables:
PATH=C:\Program Files\Common Files\Oracle\Java\javapath;C:\Windows\system32;C:\Windows;C:\Windows\System32\Wbem;C:\Windows\System32\WindowsPowerShell\v1.0\;C:\Windows\System32\OpenSSH\;C:\Program Files (x86)\NVIDIA Corporation\PhysX\Common;C:\Program Files\NVIDIA Corporation\NVIDIA NvDLISR;C:\WINDOWS\system32;C:\WINDOWS;C:\WINDOWS\System32\Wbem;C:\WINDOWS\System32\WindowsPowerShell\v1.0\;C:\WINDOWS\System32\OpenSSH\;C:\Users\Lenovo\AppData\Local\Android\Sdk\platform-tools;C:\Users\Lenovo\AppData\Local\Programs\Python\Python36-32;C:\Program Files\MATLAB\R2022a\bin;C:\Program Files\nodejs\;C:\Program Files\Git\cmd;C:\Users\Lenovo\AppData\Local\Microsoft\WindowsApps;C:\Users\Lenovo\AppData\Local\Programs\Microsoft VS Code\bin;C:\Users\Lenovo\AppData\Local\GitHubDesktop\bin;E:\Program Files\JetBrains\PyCharm 2021.3.2\bin;;C:\Users\Lenovo\AppData\Local\Android\Sdk\platform-tools;C:\Users\Lenovo\AppData\Roaming\npm;C:\Program Files (x86)\Nmap;D:\Data\Anushka Kamal\Contacts\IntelliJ IDEA 2026.1\bin
USERNAME=Lenovo
OS=Windows_NT
PROCESSOR_IDENTIFIER=Intel64 Family 6 Model 140 Stepping 1, GenuineIntel
TMP=C:\Users\Lenovo\AppData\Local\Temp
TEMP=C:\Users\Lenovo\AppData\Local\Temp




Periodic native trim disabled

JNI global refs:
JNI global refs: 30, weak refs: 17

JNI global refs memory usage: 835, weak refs: 833

Process memory usage:
Resident Set Size: 546656K (3% of 16499128K total physical memory with 3006332K free physical memory)

OOME stack traces (most recent first):
Classloader memory used:
Loader org.gradle.internal.classloader.VisitableURLClassLoader                         : 96936K
Loader bootstrap                                                                       : 22844K
Loader org.gradle.initialization.MixInLegacyTypesClassLoader                           : 8413K
Loader org.gradle.internal.classloader.VisitableURLClassLoader                         : 774K
Loader org.gradle.internal.classloader.VisitableURLClassLoader$InstrumentingVisitableURLClassLoader: 629K
Loader jdk.internal.jrtfs.JrtFileSystemProvider$JrtFsLoader                            : 340K
Loader jdk.internal.loader.ClassLoaders$PlatformClassLoader                            : 196K
Loader jdk.internal.reflect.DelegatingClassLoader                                      : 192K
Loader jdk.internal.loader.ClassLoaders$AppClassLoader                                 : 189K
Loader org.gradle.groovy.scripts.internal.DefaultScriptCompilationHandler$ScriptClassLoader: 91376B

Classes loaded by more than one classloader:
Class org.gradle.internal.IoActions                                                   : loaded 3 times (x 71B)
Class org.gradle.api.Action                                                           : loaded 3 times (x 70B)
Class org.gradle.api.GradleException                                                  : loaded 3 times (x 82B)
Class org.gradle.internal.classloader.ClassLoaderHierarchy                            : loaded 2 times (x 70B)
Class jdk.internal.jimage.decompressor.StringSharingDecompressorFactory               : loaded 2 times (x 74B)
Class com.google.common.collect.UnmodifiableListIterator                              : loaded 2 times (x 95B)
Class org.gradle.internal.operations.MultipleBuildOperationFailures                   : loaded 2 times (x 95B)
Class org.gradle.internal.classloader.DefaultClassLoaderFactory                       : loaded 2 times (x 82B)
Class kotlin.collections.AbstractList$Companion                                       : loaded 2 times (x 71B)
Class org.gradle.api.internal.DefaultClassPathProvider                                : loaded 2 times (x 76B)
Class [Lorg.gradle.api.internal.ClassPathProvider;                                    : loaded 2 times (x 69B)
Class org.gradle.api.internal.ClassPathProvider                                       : loaded 2 times (x 70B)
Class org.gradle.internal.service.UnknownServiceException                             : loaded 2 times (x 83B)
Class org.gradle.internal.classpath.TransformedClassPath                              : loaded 2 times (x 96B)
Class org.gradle.internal.classloader.InstrumentingClassLoader                        : loaded 2 times (x 70B)
Class com.google.common.collect.Iterators$ArrayItr                                    : loaded 2 times (x 97B)
Class kotlin.enums.EnumEntriesList                                                    : loaded 2 times (x 223B)
Class com.google.common.collect.UnmodifiableIterator                                  : loaded 2 times (x 80B)
Class org.gradle.internal.service.ServiceLocator                                      : loaded 2 times (x 70B)
Class jdk.internal.jrtfs.JrtFileSystemProvider                                        : loaded 2 times (x 101B)
Class com.google.common.collect.Iterators$SingletonIterator                           : loaded 2 times (x 81B)
Class com.google.common.collect.Iterators                                             : loaded 2 times (x 71B)
Class jdk.internal.jimage.ImageLocation                                               : loaded 2 times (x 90B)
Class com.google.common.collect.Lists$StringAsImmutableList                           : loaded 2 times (x 207B)
Class jdk.internal.jimage.ImageBufferCache$1                                          : loaded 2 times (x 83B)
Class org.gradle.internal.time.DefaultTimer                                           : loaded 2 times (x 80B)
Class jdk.internal.jimage.ImageBufferCache$2                                          : loaded 2 times (x 91B)
Class org.gradle.api.internal.classpath.DefaultModuleRegistry$DefaultModule           : loaded 2 times (x 82B)
Class com.google.common.collect.AbstractIterator                                      : loaded 2 times (x 82B)
Class com.google.common.collect.AbstractIndexedListIterator                           : loaded 2 times (x 96B)
Class org.gradle.internal.time.DefaultCountdownTimer                                  : loaded 2 times (x 88B)
Class org.gradle.api.internal.classpath.Module                                        : loaded 2 times (x 70B)
Class org.gradle.api.internal.classpath.UnknownModuleException                        : loaded 2 times (x 82B)
Class jdk.internal.jimage.ImageHeader                                                 : loaded 2 times (x 71B)
Class ijInit2_1arbuanx2ljt36i3dawmbi218$_run_closure1                                 : loaded 2 times (x 140B)
Class org.gradle.api.internal.DefaultClassPathRegistry                                : loaded 2 times (x 76B)
Class ijInit2_1arbuanx2ljt36i3dawmbi218                                               : loaded 2 times (x 171B)
Class org.gradle.internal.classpath.DefaultClassPath$ImmutableUniqueList              : loaded 2 times (x 199B)
Class org.gradle.api.internal.ClassPathRegistry                                       : loaded 2 times (x 70B)
Class jdk.internal.jimage.decompressor.ResourceDecompressor                           : loaded 2 times (x 70B)
Class org.gradle.internal.classpath.ClassPath                                         : loaded 2 times (x 70B)
Class org.gradle.api.internal.classpath.DefaultModuleRegistry$DefaultModuleAlias      : loaded 2 times (x 80B)
Class jdk.internal.jimage.ImageStringsReader                                          : loaded 2 times (x 80B)
Class com.google.common.collect.Iterators$1                                           : loaded 2 times (x 81B)
Class org.gradle.tooling.model.Model                                                  : loaded 2 times (x 70B)
Class sync_studio_tooling8_5uvboe4va467rgtkxk94yz1xa$_run_closure1                    : loaded 2 times (x 139B)
Class jdk.internal.jimage.BasicImageReader                                            : loaded 2 times (x 95B)
Class jdk.internal.jimage.ImageReader                                                 : loaded 2 times (x 75B)
Class jdk.internal.jimage.ImageReader$SharedImageReader                               : loaded 2 times (x 95B)
Class com.google.common.collect.Iterators$4                                           : loaded 2 times (x 82B)
Class org.gradle.api.internal.classpath.ModuleRegistry                                : loaded 2 times (x 70B)
Class org.gradle.internal.installation.GradleInstallation$1                           : loaded 2 times (x 75B)
Class jdk.internal.jimage.decompressor.ResourceDecompressorFactory                    : loaded 2 times (x 74B)
Class com.google.common.collect.Iterators$5                                           : loaded 2 times (x 82B)
Class jdk.internal.jimage.ImageReader$Node                                            : loaded 2 times (x 84B)
Class com.google.common.collect.ImmutableCollection                                   : loaded 2 times (x 125B)
Class org.gradle.api.internal.classpath.DefaultModuleRegistry                         : loaded 2 times (x 84B)
Class jdk.internal.jimage.BasicImageReader$1                                          : loaded 2 times (x 77B)
Class com.google.common.collect.Lists                                                 : loaded 2 times (x 71B)
Class com.google.common.collect.Iterators$9                                           : loaded 2 times (x 81B)
Class jdk.internal.jimage.decompressor.Decompressor                                   : loaded 2 times (x 72B)
Class org.gradle.internal.time.MonotonicClock                                         : loaded 2 times (x 77B)
Class org.gradle.internal.service.ServiceLookupException                              : loaded 2 times (x 82B)
Class org.gradle.internal.classloader.ClassLoaderFactory                              : loaded 2 times (x 70B)
Class org.gradle.internal.service.CachingServiceLocator                               : loaded 2 times (x 82B)
Class org.gradle.internal.time.TimeSource                                             : loaded 2 times (x 70B)
Class kotlin.enums.EnumEntries                                                        : loaded 2 times (x 70B)
Class org.gradle.internal.exceptions.ResolutionProvider                               : loaded 2 times (x 70B)
Class jdk.internal.jimage.ImageBufferCache                                            : loaded 2 times (x 71B)
Class jdk.internal.jrtfs.JrtPath                                                      : loaded 2 times (x 118B)
Class org.gradle.internal.classloader.ClasspathUtil                                   : loaded 2 times (x 71B)
Class org.gradle.internal.time.TimeSource$1                                           : loaded 2 times (x 77B)
Class kotlin.jvm.internal.DefaultConstructorMarker                                    : loaded 2 times (x 71B)
Class org.gradle.api.specs.Spec                                                       : loaded 2 times (x 70B)
Class jdk.internal.jimage.decompressor.ResourceDecompressorRepository                 : loaded 2 times (x 71B)
Class org.gradle.internal.time.Clock                                                  : loaded 2 times (x 70B)
Class jdk.internal.jimage.ImageReader$Directory                                       : loaded 2 times (x 84B)
Class kotlin.collections.AbstractList                                                 : loaded 2 times (x 197B)
Class kotlin.collections.AbstractCollection                                           : loaded 2 times (x 117B)
Class org.gradle.internal.classloader.VisitableURLClassLoader$InstrumentingVisitableURLClassLoader: loaded 2 times (x 123B)
Class org.gradle.internal.classloader.VisitableURLClassLoader$Spec                    : loaded 2 times (x 74B)
Class org.gradle.internal.classpath.DefaultClassPath                                  : loaded 2 times (x 90B)
Class jdk.internal.jimage.decompressor.ZipDecompressorFactory                         : loaded 2 times (x 74B)
Class org.gradle.util.internal.DefaultGradleVersion                                   : loaded 2 times (x 82B)
Class org.gradle.internal.classloader.ClassLoaderSpec                                 : loaded 2 times (x 71B)
Class org.gradle.api.internal.classpath.Module$ModuleAlias                            : loaded 2 times (x 70B)
Class org.gradle.internal.classloader.VisitableURLClassLoader                         : loaded 2 times (x 117B)
Class org.gradle.internal.classloader.FilteringClassLoader                            : loaded 2 times (x 105B)
Class org.gradle.internal.Cast                                                        : loaded 2 times (x 71B)
Class jdk.internal.jimage.decompressor.ZipDecompressor                                : loaded 2 times (x 75B)
Class org.gradle.internal.classpath.DefaultClassPath$ImmutableUniqueList$Builder      : loaded 2 times (x 75B)
Class sync_studio_tooling8_5uvboe4va467rgtkxk94yz1xa                                  : loaded 2 times (x 171B)
Class kotlin.UninitializedPropertyAccessException                                     : loaded 2 times (x 82B)
Class org.gradle.internal.exceptions.NonGradleCauseExceptionsHolder                   : loaded 2 times (x 70B)
Class jdk.internal.jimage.ImageStrings                                                : loaded 2 times (x 70B)
Class kotlin.NotImplementedError                                                      : loaded 2 times (x 82B)
Class kotlin.enums.EnumEntriesKt                                                      : loaded 2 times (x 71B)
Class org.gradle.internal.exceptions.MultiCauseException                              : loaded 2 times (x 70B)
Class org.gradle.internal.time.CountdownTimer                                         : loaded 2 times (x 70B)
Class kotlin.jvm.internal.Intrinsics                                                  : loaded 2 times (x 71B)
Class jdk.internal.jrtfs.JrtFileSystem                                                : loaded 2 times (x 102B)
Class org.gradle.tooling.model.ProjectModel                                           : loaded 2 times (x 70B)
Class jdk.internal.jimage.decompressor.CompressedResourceHeader                       : loaded 2 times (x 71B)
Class kotlin.KotlinNullPointerException                                               : loaded 2 times (x 83B)
Class org.gradle.internal.exceptions.DefaultMultiCauseException                       : loaded 2 times (x 95B)
Class com.google.common.base.Preconditions                                            : loaded 2 times (x 71B)
Class com.google.common.collect.PeekingIterator                                       : loaded 2 times (x 70B)
Class org.gradle.internal.time.Time                                                   : loaded 2 times (x 71B)
Class kotlin.NoWhenBranchMatchedException                                             : loaded 2 times (x 82B)
Class org.gradle.internal.time.Timer                                                  : loaded 2 times (x 70B)
Class kotlin.jvm.internal.markers.KMappedMarker                                       : loaded 2 times (x 70B)
Class org.gradle.internal.installation.CurrentGradleInstallationLocator               : loaded 2 times (x 71B)
Class com.google.common.collect.ImmutableList                                         : loaded 2 times (x 206B)
Class org.gradle.internal.service.DefaultServiceLocator                               : loaded 2 times (x 83B)
Class org.gradle.util.GradleVersion                                                   : loaded 2 times (x 81B)
Class org.gradle.internal.installation.CurrentGradleInstallation                      : loaded 2 times (x 73B)
Class org.gradle.util.internal.GUtil                                                  : loaded 2 times (x 71B)
Class com.google.common.collect.Iterators$MergingIterator                             : loaded 2 times (x 81B)
Class org.gradle.internal.installation.GradleInstallation                             : loaded 2 times (x 75B)
Class jdk.internal.jimage.decompressor.ResourceDecompressor$StringsProvider           : loaded 2 times (x 70B)

---------------  S Y S T E M  ---------------

OS:
 Windows 11 , 64 bit Build 26100 (10.0.26100.8521)
OS uptime: 0 days 2:09 hours
Hyper-V role detected

CPU: total 8 (initial active 8) (4 cores per cpu, 2 threads per core) family 6 model 140 stepping 1 microcode 0xbe, cx8, cmov, fxsr, ht, mmx, 3dnowpref, sse, sse2, sse3, ssse3, sse4.1, sse4.2, popcnt, lzcnt, tsc, tscinvbit, avx, avx2, aes, erms, clmul, bmi1, bmi2, adx, avx512f, avx512dq, avx512cd, avx512bw, avx512vl, sha, fma, vzeroupper, avx512_vpopcntdq, avx512_vpclmulqdq, avx512_vaes, avx512_vnni, clflush, clflushopt, clwb, avx512_vbmi2, avx512_vbmi, hv, rdtscp, rdpid, fsrm, gfni, avx512_bitalg, f16c, cet_ibt, cet_ss, avx512_ifma
Processor Information for the first 8 processors :
  Max Mhz: 2995, Current Mhz: 2995, Mhz Limit: 2995

Memory: 4k page, system-wide physical 16112M (2931M free)
TotalPageFile size 16112M (AvailPageFile size 13M)
current process WorkingSet (physical memory assigned to process): 540M, peak: 540M
current process commit charge ("private bytes"): 588M, peak: 588M

vm_info: OpenJDK 64-Bit Server VM (21.0.10+-14961533-b1163.108) for windows-amd64 JRE (21.0.10+-14961533-b1163.108), built on 2026-03-02T19:58:50Z by "builder" with MS VC++ 16.10 / 16.11 (VS2019)

END.
